******************************************************************************
                  TI ARM Linker Unix v20.2.7                   
******************************************************************************
>> Linked Wed Nov 30 10:45:08 2022

OUTPUT FILE NAME:   <ppp.out>
ENTRY POINT SYMBOL: "_c_int00_noargs"  address: 00004519


MEMORY CONFIGURATION

         name            origin    length      used     unused   attr    fill
----------------------  --------  ---------  --------  --------  ----  --------
  MAIN                  00000000   00040000  000054ec  0003ab14  R  X
  INFO                  00200000   00004000  00000000  00004000  R  X
  SRAM_CODE             01000000   00010000  00001cfa  0000e306  RW X
  SRAM_DATA             20000000   00010000  00001cfa  0000e306  RW  


SEGMENT ALLOCATION MAP

run origin  load origin   length   init length attrs members
----------  ----------- ---------- ----------- ----- -------
00000000    00000000    000054f0   000054f0    r-x
  00000000    00000000    000000e4   000000e4    r-- .intvecs
  000000e4    000000e4    00004950   00004950    r-x .text
  00004a34    00004a34    000005f0   000005f0    r-- .const
  00005028    00005028    000004c8   000004c8    r-- .cinit
20000000    20000000    00001afa   00000000    rw-
  20000000    20000000    00001acc   00000000    rw- .data
  20001acc    20001acc    0000002e   00000000    rw- .bss
2000fe00    2000fe00    00000200   00000000    rw-
  2000fe00    2000fe00    00000200   00000000    rw- .stack


SECTION ALLOCATION MAP

 output                                  attributes/
section   page    origin      length       input sections
--------  ----  ----------  ----------   ----------------
.intvecs   0    00000000    000000e4     
                  00000000    000000e4     startup_msp432p401r_ccs.obj (.intvecs:retain)

.text      0    000000e4    00004950     
                  000000e4    00000a4e     rtsv7M4_T_le_v4SPD16_eabi.lib : _printfi.c.obj (.text:__TI_printfi)
                  00000b32    00000002                                   : div0.asm.obj (.text)
                  00000b34    00000680     Crystalfontz128x128_ST7735.obj (.text)
                  000011b4    000005dc     main.obj (.text)
                  00001790    0000047e     grlib.a : string.obj (.text:Graphics_drawString)
                  00001c0e    00000002     --HOLE-- [fill = 0]
                  00001c10    00000334     system_msp432p401r.obj (.text)
                  00001f44    00000270     rtsv7M4_T_le_v4SPD16_eabi.lib : _printfi.c.obj (.text:_pconv_a)
                  000021b4    000001e0     Clock.obj (.text)
                  00002394    000001d0     rtsv7M4_T_le_v4SPD16_eabi.lib : _printfi.c.obj (.text:_pconv_g)
                  00002564    000001b6                                   : fd_add_t2.asm.obj (.text)
                  0000271a    00000002     --HOLE-- [fill = 0]
                  0000271c    000001b4     SendCodes_main.obj (.text)
                  000028d0    00000160     msp432p4xx_driverlib.lib : adc14.o (.text:_getIndexForMemRegister)
                  00002a30    0000015c                              : pcm.o (.text:__PCM_setPowerModeAdvanced)
                  00002b8c    00000144                              : timer_a.o (.text:privateTimer_AProcessClockSourceDivider)
                  00002cd0    0000013c     rtsv7M4_T_le_v4SPD16_eabi.lib : _printfi.c.obj (.text:_pconv_e)
                  00002e0c    00000136                                   : fd_div_t2.asm.obj (.text)
                  00002f42    00000002     --HOLE-- [fill = 0]
                  00002f44    00000124                                   : _printfi.c.obj (.text:fcvt)
                  00003068    00000110                                   : s_scalbn.c.obj (.text:scalbn)
                  00003178    00000108     msp432p4xx_driverlib.lib : pcm.o (.text:__PCM_setCoreVoltageLevelAdvanced)
                  00003280    000000fc     rtsv7M4_T_le_v4SPD16_eabi.lib : fd_mul_t2.asm.obj (.text)
                  0000337c    000000fa     grlib.a : string.obj (.text:Graphics_getStringWidth)
                  00003476    00000002     --HOLE-- [fill = 0]
                  00003478    000000cc     HAL_MSP_EXP432P401R_Crystalfontz128x128_ST7735.obj (.text)
                  00003544    000000b4     msp432p4xx_driverlib.lib : adc14.o (.text:ADC14_configureConversionMemory)
                  000035f8    000000b4                              : adc14.o (.text:ADC14_configureMultiSequenceMode)
                  000036ac    000000b1     rtsv7M4_T_le_v4SPD16_eabi.lib : _printfi.c.obj (.text:_ltostr)
                  0000375d    00000001     --HOLE-- [fill = 0]
                  0000375e    000000b0     msp432p4xx_driverlib.lib : spi.o (.text:SPI_initMaster)
                  0000380e    0000009c     grlib.a : line.obj (.text:Graphics_drawLineH)
                  000038aa    0000009c     rtsv7M4_T_le_v4SPD16_eabi.lib : memcpy_t2.asm.obj (.text)
                  00003946    00000096                                   : ull_div_t2.asm.obj (.text)
                  000039dc    00000088     msp432p4xx_driverlib.lib : gpio.o (.text:GPIO_setAsPeripheralModuleFunctionInputPin)
                  00003a64    00000088                              : gpio.o (.text:GPIO_setAsPeripheralModuleFunctionOutputPin)
                  00003aec    00000086     rtsv7M4_T_le_v4SPD16_eabi.lib : fd_cmp_t2.asm.obj (.text:__aeabi_cdcmple)
                  00003b72    00000086                                   : fd_cmp_t2.asm.obj (.text:__aeabi_cdrcmple)
                  00003bf8    00000084     msp432p4xx_driverlib.lib : gpio.o (.text:GPIO_getEnabledInterruptStatus)
                  00003c7c    00000080                              : interrupt.o (.text:Interrupt_enableInterrupt)
                  00003cfc    0000007a     rtsv7M4_T_le_v4SPD16_eabi.lib : memset_t2.asm.obj (.text)
                  00003d76    0000006e                                   : _printfi.c.obj (.text:_mcpy)
                  00003de4    00000068     msp432p4xx_driverlib.lib : timer_a.o (.text:Timer_A_configureUpMode)
                  00003e4c    00000068     rtsv7M4_T_le_v4SPD16_eabi.lib : copy_decompress_lzss.c.obj (.text:decompress:lzss:__TI_decompress_lzss)
                  00003eb4    00000064                                   : s_frexp.c.obj (.text:frexp)
                  00003f18    0000005e     msp432p4xx_driverlib.lib : pcm.o (.text:PCM_getCoreVoltageLevel)
                  00003f76    0000005a                              : pcm.o (.text:PCM_getPowerMode)
                  00003fd0    00000058                              : gpio.o (.text:GPIO_setAsInputPinWithPullUpResistor)
                  00004028    00000056     rtsv7M4_T_le_v4SPD16_eabi.lib : _printfi.c.obj (.text:_pconv_f)
                  0000407e    00000002     --HOLE-- [fill = 0]
                  00004080    00000054     msp432p4xx_driverlib.lib : adc14.o (.text:ADC14_initModule)
                  000040d4    00000054     rtsv7M4_T_le_v4SPD16_eabi.lib : _ltoa.c.obj (.text:__TI_ltoa)
                  00004128    00000052     grlib.a : context.obj (.text:Graphics_initContext)
                  0000417a    00000052     rtsv7M4_T_le_v4SPD16_eabi.lib : _printfi.c.obj (.text:_ecpy)
                  000041cc    0000004c                                   : atoi.c.obj (.text:atoi)
                  00004218    00000048     msp432p4xx_driverlib.lib : flash.o (.text:FlashCtl_setWaitState)
                  00004260    00000048     grlib.a : string.obj (.text:Graphics_drawStringCentered)
                  000042a8    00000048     rtsv7M4_T_le_v4SPD16_eabi.lib : fd_toi_t2.asm.obj (.text)
                  000042f0    00000044                                   : autoinit.c.obj (.text:__TI_auto_init_nobinit_nopinit:__TI_auto_init_nobinit_nopinit)
                  00004334    00000040     msp432p4xx_driverlib.lib : gpio.o (.text:GPIO_setAsOutputPin)
                  00004374    00000040     grlib.a : string.obj (.text:Graphics_getNumberOfLeadingZeros)
                  000043b4    00000040     msp432p4xx_driverlib.lib : spi.o (.text:is_A_Module)
                  000043f4    00000040     rtsv7M4_T_le_v4SPD16_eabi.lib : sprintf.c.obj (.text:sprintf)
                  00004434    0000003e                                   : _printfi.c.obj (.text:_fcpy)
                  00004472    00000002     --HOLE-- [fill = 0]
                  00004474    00000038     msp432p4xx_driverlib.lib : adc14.o (.text:ADC14_getEnabledInterruptStatus)
                  000044ac    00000036     grlib.a : display.obj (.text:Graphics_drawHorizontalLineOnDisplay)
                  000044e2    00000002     --HOLE-- [fill = 0]
                  000044e4    00000034     msp432p4xx_driverlib.lib : adc14.o (.text:ADC14_enableSampleTimer)
                  00004518    00000034     rtsv7M4_T_le_v4SPD16_eabi.lib : boot_cortex_m.c.obj (.text:_c_int00_noargs:_c_int00_noargs)
                  0000454c    00000030     msp432p4xx_driverlib.lib : adc14.o (.text:ADC14_clearInterruptFlag)
                  0000457c    00000030                              : adc14.o (.text:ADC14_enableInterrupt)
                  000045ac    0000002e     rtsv7M4_T_le_v4SPD16_eabi.lib : i_tofd_t2.asm.obj (.text)
                  000045da    00000002     --HOLE-- [fill = 0]
                  000045dc    0000002c     msp432p4xx_driverlib.lib : adc14.o (.text:ADC14_getInterruptStatus)
                  00004608    0000002c                              : adc14.o (.text:ADC14_toggleConversionTrigger)
                  00004634    0000002c     grlib.a : display.obj (.text:Graphics_drawPixelOnDisplay)
                  00004660    0000002c     msp432p4xx_driverlib.lib : timer_a.o (.text:Timer_A_clearCaptureCompareInterrupt)
                  0000468c    00000028                              : adc14.o (.text:ADC14_enableConversion)
                  000046b4    00000028                              : adc14.o (.text:ADC14_getResult)
                  000046dc    00000028                              : gpio.o (.text:GPIO_clearInterruptFlag)
                  00004704    00000028                              : gpio.o (.text:GPIO_enableInterrupt)
                  0000472c    00000028                              : gpio.o (.text:GPIO_setOutputHighOnPin)
                  00004754    00000028                              : gpio.o (.text:GPIO_setOutputLowOnPin)
                  0000477c    00000028                              : gpio.o (.text:GPIO_toggleOutputOnPin)
                  000047a4    00000024                              : gpio.o (.text:GPIO_getInterruptStatus)
                  000047c8    00000024                              : wdt_a.o (.text:WDT_A_holdTimer)
                  000047ec    0000001c                              : spi.o (.text:SPI_enableModule)
                  00004808    0000001c     rtsv7M4_T_le_v4SPD16_eabi.lib : copy_zero_init.c.obj (.text:decompress:ZI:__TI_zero_init_nomemset:__TI_zero_init_nomemset)
                  00004824    0000001c                                   : memccpy.c.obj (.text:memccpy)
                  00004840    0000001a     grlib.a : display.obj (.text:Graphics_clearDisplayOnDisplay)
                  0000485a    0000001a             : context.obj (.text:Graphics_setBackgroundColor)
                  00004874    0000001a             : context.obj (.text:Graphics_setFont)
                  0000488e    0000001a     rtsv7M4_T_le_v4SPD16_eabi.lib : s_copysign.c.obj (.text:copysign)
                  000048a8    00000018                                   : sprintf.c.obj (.text:_outs)
                  000048c0    00000016     msp432p4xx_driverlib.lib : spi.o (.text:EUSCI_A_SPI_enable)
                  000048d6    00000016                              : spi.o (.text:EUSCI_B_SPI_enable)
                  000048ec    00000016     grlib.a : context.obj (.text:Graphics_setForegroundColor)
                  00004902    00000016             : display.obj (.text:Graphics_translateColorOnDisplay)
                  00004918    00000016     msp432p4xx_driverlib.lib : timer_a.o (.text:Timer_A_startCounter)
                  0000492e    00000016     rtsv7M4_T_le_v4SPD16_eabi.lib : strchr.c.obj (.text:strchr)
                  00004944    00000014     msp432p4xx_driverlib.lib : pcm.o (.text:PCM_getPowerState)
                  00004958    00000014                              : timer_a.o (.text:Timer_A_stopTimer)
                  0000496c    00000014     rtsv7M4_T_le_v4SPD16_eabi.lib : strlen.c.obj (.text:strlen)
                  00004980    00000012     grlib.a : context.obj (.text:Graphics_clearDisplay)
                  00004992    00000012     rtsv7M4_T_le_v4SPD16_eabi.lib : wcslen.c.obj (.text:wcslen)
                  000049a4    00000010     msp432p4xx_driverlib.lib : adc14.o (.text:ADCIsConversionRunning)
                  000049b4    00000010                              : interrupt.o (.text:Interrupt_enableMaster)
                  000049c4    00000010                              : pcm.o (.text:PCM_setCoreVoltageLevel)
                  000049d4    00000010                              : pcm.o (.text:PCM_setPowerMode)
                  000049e4    0000000e     rtsv7M4_T_le_v4SPD16_eabi.lib : copy_decompress_none.c.obj (.text:decompress:none:__TI_decompress_none)
                  000049f2    0000000e     startup_msp432p401r_ccs.obj (.text)
                  00004a00    0000000c     msp432p4xx_driverlib.lib : adc14.o (.text:ADC14_enableModule)
                  00004a0c    0000000c                              : cpu.o (.text:CPU_cpsie)
                  00004a18    0000000a     rtsv7M4_T_le_v4SPD16_eabi.lib : sprintf.c.obj (.text:_outc)
                  00004a22    00000002     --HOLE-- [fill = 0]
                  00004a24    00000008                                   : errno.c.obj (.text:__aeabi_errno_addr)
                  00004a2c    00000004                                   : pre_init.c.obj (.text:_system_pre_init)
                  00004a30    00000004                                   : exit.c.obj (.text:abort:abort)

.const     0    00004a34    000005f0     
                  00004a34    000002f8     grlib.a : fontfixed6x8.obj (.const:.string:g_pucFontFixed6x8Data)
                  00004d2c    00000101     rtsv7M4_T_le_v4SPD16_eabi.lib : ctype.c.obj (.const:.string:_ctypes_)
                  00004e2d    00000003     --HOLE-- [fill = 0]
                  00004e30    000000c8     grlib.a : fontfixed6x8.obj (.const:g_sFontFixed6x8)
                  00004ef8    00000080     msp432p4xx_driverlib.lib : adc14.o (.const:_ctlRegs)
                  00004f78    00000030                              : gpio.o (.const:GPIO_PORT_TO_BASE)
                  00004fa8    00000020     Crystalfontz128x128_ST7735.obj (.const:g_sCrystalfontz128x128_funcs)
                  00004fc8    0000001c     HAL_MSP_EXP432P401R_Crystalfontz128x128_ST7735.obj (.const:$P$T0$1)
                  00004fe4    00000018     main.obj (.const:upConfig2)
                  00004ffc    00000018     main.obj (.const:upConfig)
                  00005014    00000008     Crystalfontz128x128_ST7735.obj (.const:$P$T0$1)
                  0000501c    00000008     msp432p4xx_driverlib.lib : interrupt.o (.const:g_pulEnRegs)

.cinit     0    00005028    000004c8     
                  00005028    000004a3     (.cinit..data.load) [load image, compression = lzss]
                  000054cb    00000001     --HOLE-- [fill = 0]
                  000054cc    0000000c     (__TI_handler_table)
                  000054d8    00000008     (.cinit..bss.load) [load image, compression = zero_init]
                  000054e0    00000010     (__TI_cinit_table)

.init_array 
*          0    00000000    00000000     UNINITIALIZED

.binit     0    00000000    00000000     

.data      0    20000000    00001acc     UNINITIALIZED
                  20000000    000002a8     command_matrices.obj (.data:bk_matrix)
                  200002a8    000002a8     command_matrices.obj (.data:bk_matrix_p)
                  20000550    000002a8     command_matrices.obj (.data:fw_matrix)
                  200007f8    000002a8     command_matrices.obj (.data:fw_matrix_p)
                  20000aa0    000002a8     command_matrices.obj (.data:left_matrix)
                  20000d48    000002a8     command_matrices.obj (.data:left_matrix_p)
                  20000ff0    000002a8     command_matrices.obj (.data:right_matrix)
                  20001298    000002a8     command_matrices.obj (.data:right_matrix_p)
                  20001540    000002a8     command_matrices.obj (.data:up_matrix)
                  200017e8    000002a8     command_matrices.obj (.data:up_matrix_p)
                  20001a90    00000018     Clock.obj (.data)
                  20001aa8    00000010     Crystalfontz128x128_ST7735.obj (.data:g_sCrystalfontz128x128)
                  20001ab8    0000000c     main.obj (.data)
                  20001ac4    00000004     rtsv7M4_T_le_v4SPD16_eabi.lib : errno.c.obj (.data)
                  20001ac8    00000004     system_msp432p401r.obj (.data)

.bss       0    20001acc    0000002e     UNINITIALIZED
                  20001acc    0000001c     (.common:g_sContext)
                  20001ae8    00000004     main.obj (.bss:resultsBuffer)
                  20001aec    00000004     (.common:i)
                  20001af0    00000002     (.common:Lcd_ScreenHeigth)
                  20001af2    00000002     (.common:Lcd_ScreenWidth)
                  20001af4    00000002     (.common:Lcd_TouchTrim)
                  20001af6    00000001     (.common:Lcd_FlagRead)
                  20001af7    00000001     (.common:Lcd_FontSolid)
                  20001af8    00000001     (.common:Lcd_Orientation)
                  20001af9    00000001     (.common:Lcd_PenSolid)

.stack     0    2000fe00    00000200     UNINITIALIZED
                  2000fe00    00000004     rtsv7M4_T_le_v4SPD16_eabi.lib : boot_cortex_m.c.obj (.stack)
                  2000fe04    000001fc     --HOLE--

__llvm_prf_cnts 
*          0    20000000    00000000     UNINITIALIZED

MODULE SUMMARY

       Module                                               code    ro data   rw data
       ------                                               ----    -------   -------
    ./
       command_matrices.obj                                 0       0         13600  
       main.obj                                             1500    48        88     
       system_msp432p401r.obj                               820     0         8      
       Clock.obj                                            480     0         48     
       SendCodes_main.obj                                   436     0         8      
       startup_msp432p401r_ccs.obj                          14      228       0      
    +--+----------------------------------------------------+-------+---------+---------+
       Total:                                               3250    276       13752  
                                                                                     
    ./LcdDriver/
       Crystalfontz128x128_ST7735.obj                       1664    40        52     
       HAL_MSP_EXP432P401R_Crystalfontz128x128_ST7735.obj   204     28        0      
    +--+----------------------------------------------------+-------+---------+---------+
       Total:                                               1868    68        52     
                                                                                     
    /Applications/simplelink_msp432p4_sdk_3_40_01_02/source/ti/devices/msp432p4xx/driverlib/ccs/msp432p4xx_driverlib.lib
       adc14.o                                              1196    128       0      
       pcm.o                                                848     0         0      
       gpio.o                                               792     48        0      
       timer_a.o                                            514     0         0      
       spi.o                                                312     0         0      
       interrupt.o                                          144     8         0      
       flash.o                                              72      0         0      
       wdt_a.o                                              36      0         0      
       cpu.o                                                12      0         0      
    +--+----------------------------------------------------+-------+---------+---------+
       Total:                                               3926    184       0      
                                                                                     
    /Applications/simplelink_msp432p4_sdk_3_40_01_02/source/ti/grlib/lib/ccs/m4f/grlib.a
       string.obj                                           1536    0         0      
       fontfixed6x8.obj                                     0       960       0      
       context.obj                                          174     0         0      
       line.obj                                             156     0         0      
       display.obj                                          146     0         0      
    +--+----------------------------------------------------+-------+---------+---------+
       Total:                                               2012    960       0      
                                                                                     
    /Applications/ti/ccs1210/ccs/tools/compiler/ti-cgt-arm_20.2.7.LTS/lib/rtsv7M4_T_le_v4SPD16_eabi.lib
       _printfi.c.obj                                       4851    0         0      
       fd_add_t2.asm.obj                                    438     0         0      
       fd_div_t2.asm.obj                                    310     0         0      
       s_scalbn.c.obj                                       272     0         0      
       fd_cmp_t2.asm.obj                                    268     0         0      
       ctype.c.obj                                          0       257       0      
       fd_mul_t2.asm.obj                                    252     0         0      
       memcpy_t2.asm.obj                                    156     0         0      
       ull_div_t2.asm.obj                                   150     0         0      
       memset_t2.asm.obj                                    122     0         0      
       copy_decompress_lzss.c.obj                           104     0         0      
       s_frexp.c.obj                                        100     0         0      
       sprintf.c.obj                                        98      0         0      
       _ltoa.c.obj                                          84      0         0      
       atoi.c.obj                                           76      0         0      
       fd_toi_t2.asm.obj                                    72      0         0      
       autoinit.c.obj                                       68      0         0      
       boot_cortex_m.c.obj                                  52      0         0      
       i_tofd_t2.asm.obj                                    46      0         0      
       copy_zero_init.c.obj                                 28      0         0      
       memccpy.c.obj                                        28      0         0      
       s_copysign.c.obj                                     26      0         0      
       strchr.c.obj                                         22      0         0      
       strlen.c.obj                                         20      0         0      
       wcslen.c.obj                                         18      0         0      
       errno.c.obj                                          8       0         8      
       copy_decompress_none.c.obj                           14      0         0      
       exit.c.obj                                           4       0         0      
       pre_init.c.obj                                       4       0         0      
       div0.asm.obj                                         2       0         0      
    +--+----------------------------------------------------+-------+---------+---------+
       Total:                                               7693    257       8      
                                                                                     
       Stack:                                               0       0         1024   
       Linker Generated:                                    0       1223      0      
    +--+----------------------------------------------------+-------+---------+---------+
       Grand Total:                                         18749   2968      14836  


LINKER GENERATED COPY TABLES

__TI_cinit_table @ 000054e0 records: 2, size/record: 8, table size: 16
	.data: load addr=00005028, load size=000004a3 bytes, run addr=20000000, run size=00001acc bytes, compression=lzss
	.bss: load addr=000054d8, load size=00000008 bytes, run addr=20001acc, run size=0000002e bytes, compression=zero_init


LINKER GENERATED HANDLER TABLE

__TI_handler_table @ 000054cc records: 3, size/record: 4, table size: 12
	index: 0, handler: __TI_decompress_lzss
	index: 1, handler: __TI_decompress_none
	index: 2, handler: __TI_zero_init


GLOBAL SYMBOLS: SORTED ALPHABETICALLY BY Name 

address   name                                       
-------   ----                                       
00001595  ADC14_IRQHandler                           
00001595  ADC14_IRQHandler                           
0000454d  ADC14_clearInterruptFlag                   
00003545  ADC14_configureConversionMemory            
000035f9  ADC14_configureMultiSequenceMode           
0000468d  ADC14_enableConversion                     
0000457d  ADC14_enableInterrupt                      
00004a01  ADC14_enableModule                         
000044e5  ADC14_enableSampleTimer                    
00004475  ADC14_getEnabledInterruptStatus            
000045dd  ADC14_getInterruptStatus                   
000046b5  ADC14_getResult                            
00004081  ADC14_initModule                           
00004609  ADC14_toggleConversionTrigger              
000049ff  AES256_IRQHandler                          
000049ff  BusFault_Handler                           
00004a31  C$$EXIT                                    
000049ff  COMP_E0_IRQHandler                         
000049ff  COMP_E1_IRQHandler                         
20001a98  CPMwait                                    
00004a0d  CPU_cpsie                                  
000049ff  CS_IRQHandler                              
20001a90  ClockFrequency                             
00002309  Clock_Delay1ms                             
000022df  Clock_Delay1us                             
000022cb  Clock_GetFreq                              
000021b5  Clock_Init48MHz                            
00000b35  Crystalfontz128x128_Init                   
00000c49  Crystalfontz128x128_SetDrawFrame           
00000d77  Crystalfontz128x128_SetOrientation         
20001aa4  Crystalstable                              
000049ff  DMA_ERR_IRQHandler                         
000049ff  DMA_INT0_IRQHandler                        
000049ff  DMA_INT1_IRQHandler                        
000049ff  DMA_INT2_IRQHandler                        
000049ff  DMA_INT3_IRQHandler                        
000049ff  DebugMon_Handler                           
000049ff  Default_Handler                            
000049ff  EUSCIA0_IRQHandler                         
000049ff  EUSCIA1_IRQHandler                         
000049ff  EUSCIA2_IRQHandler                         
000049ff  EUSCIA3_IRQHandler                         
000049ff  EUSCIB0_IRQHandler                         
000049ff  EUSCIB1_IRQHandler                         
000049ff  EUSCIB2_IRQHandler                         
000049ff  EUSCIB3_IRQHandler                         
000048c1  EUSCI_A_SPI_enable                         
000048d7  EUSCI_B_SPI_enable                         
000049ff  FLCTL_IRQHandler                           
000049ff  FPU_IRQHandler                             
00004219  FlashCtl_setWaitState                      
000046dd  GPIO_clearInterruptFlag                    
00004705  GPIO_enableInterrupt                       
00003bf9  GPIO_getEnabledInterruptStatus             
000047a5  GPIO_getInterruptStatus                    
00003fd1  GPIO_setAsInputPinWithPullUpResistor       
00004335  GPIO_setAsOutputPin                        
000039dd  GPIO_setAsPeripheralModuleFunctionInputPin 
00003a65  GPIO_setAsPeripheralModuleFunctionOutputPin
0000472d  GPIO_setOutputHighOnPin                    
00004755  GPIO_setOutputLowOnPin                     
0000477d  GPIO_toggleOutputOnPin                     
00004981  Graphics_clearDisplay                      
00004841  Graphics_clearDisplayOnDisplay             
000044ad  Graphics_drawHorizontalLineOnDisplay       
0000380f  Graphics_drawLineH                         
00004635  Graphics_drawPixelOnDisplay                
00001791  Graphics_drawString                        
00004261  Graphics_drawStringCentered                
0000337d  Graphics_getStringWidth                    
00004129  Graphics_initContext                       
0000485b  Graphics_setBackgroundColor                
00004875  Graphics_setFont                           
000048ed  Graphics_setForegroundColor                
00004903  Graphics_translateColorOnDisplay           
00003479  HAL_LCD_PortInit                           
000034a9  HAL_LCD_SpiInit                            
000034df  HAL_LCD_writeCommand                       
0000350f  HAL_LCD_writeData                          
000049ff  HardFault_Handler                          
20001aa0  IFlags                                     
00003c7d  Interrupt_enableInterrupt                  
000049b5  Interrupt_enableMaster                     
20001af6  Lcd_FlagRead                               
20001af7  Lcd_FontSolid                              
20001af8  Lcd_Orientation                            
20001af9  Lcd_PenSolid                               
20001af0  Lcd_ScreenHeigth                           
20001af2  Lcd_ScreenWidth                            
20001af4  Lcd_TouchTrim                              
000049ff  MemManage_Handler                          
000049ff  NMI_Handler                                
000049ff  PCM_IRQHandler                             
00003f19  PCM_getCoreVoltageLevel                    
00003f77  PCM_getPowerMode                           
00004945  PCM_getPowerState                          
000049c5  PCM_setCoreVoltageLevel                    
000049d5  PCM_setPowerMode                           
000016b9  PORT1_IRQHandler                           
000016b9  PORT1_IRQHandler                           
000049ff  PORT2_IRQHandler                           
000016f1  PORT3_IRQHandler                           
000016f1  PORT3_IRQHandler                           
000049ff  PORT4_IRQHandler                           
00001723  PORT5_IRQHandler                           
00001723  PORT5_IRQHandler                           
000049ff  PORT6_IRQHandler                           
000049ff  PSS_IRQHandler                             
0000271d  PWM_Init                                   
000049ff  PendSV_Handler                             
20001a9c  Postwait                                   
20001a94  Prewait                                    
000049ff  RTC_C_IRQHandler                           
000049f3  Reset_Handler                              
000047ed  SPI_enableModule                           
0000375f  SPI_initMaster                             
000049ff  SVC_Handler                                
000049ff  SysTick_Handler                            
000027cd  SysTick_Init                               
20001ac8  SystemCoreClock                            
00001c11  SystemCoreClockUpdate                      
00001e89  SystemInit                                 
000049ff  T32_INT1_IRQHandler                        
000049ff  T32_INT2_IRQHandler                        
000049ff  T32_INTC_IRQHandler                        
000049ff  TA0_0_IRQHandler                           
000049ff  TA0_N_IRQHandler                           
000049ff  TA1_0_IRQHandler                           
000049ff  TA1_N_IRQHandler                           
00001455  TA2_0_IRQHandler                           
00001455  TA2_0_IRQHandler                           
000049ff  TA2_N_IRQHandler                           
0000133b  TA3_0_IRQHandler                           
0000133b  TA3_0_IRQHandler                           
000049ff  TA3_N_IRQHandler                           
00004661  Timer_A_clearCaptureCompareInterrupt       
00003de5  Timer_A_configureUpMode                    
00004919  Timer_A_startCounter                       
00004959  Timer_A_stopTimer                          
000049ff  UsageFault_Handler                         
4000480c  WDTCTL_SYM                                 
000049ff  WDT_A_IRQHandler                           
000047c9  WDT_A_holdTimer                            
20010000  __STACK_END                                
00000200  __STACK_SIZE                               
000054e0  __TI_CINIT_Base                            
000054f0  __TI_CINIT_Limit                           
000054cc  __TI_Handler_Table_Base                    
000054d8  __TI_Handler_Table_Limit                   
000042f1  __TI_auto_init_nobinit_nopinit             
00003e4d  __TI_decompress_lzss                       
000049e5  __TI_decompress_none                       
000040d5  __TI_ltoa                                  
ffffffff  __TI_pprof_out_hndl                        
000000e5  __TI_printfi                               
ffffffff  __TI_prof_data_size                        
ffffffff  __TI_prof_data_start                       
00000000  __TI_static_base__                         
00004809  __TI_zero_init_nomemset                    
00003aed  __aeabi_cdcmpeq                            
00003aed  __aeabi_cdcmple                            
00003b73  __aeabi_cdrcmple                           
000042a9  __aeabi_d2iz                               
0000256f  __aeabi_dadd                               
00002e0d  __aeabi_ddiv                               
00003281  __aeabi_dmul                               
00002565  __aeabi_dsub                               
00004a25  __aeabi_errno_addr                         
000045ad  __aeabi_i2d                                
00000b33  __aeabi_idiv0                              
00000b33  __aeabi_ldiv0                              
00003cfd  __aeabi_memclr                             
00003cfd  __aeabi_memclr4                            
00003cfd  __aeabi_memclr8                            
000038ab  __aeabi_memcpy                             
000038ab  __aeabi_memcpy4                            
000038ab  __aeabi_memcpy8                            
00003cff  __aeabi_memset                             
00003cff  __aeabi_memset4                            
00003cff  __aeabi_memset8                            
00003947  __aeabi_uldivmod                           
ffffffff  __binit__                                  
ffffffff  __c_args__                                 
UNDEFED   __mpu_init                                 
2000fe00  __stack                                    
20000000  __start___llvm_prf_cnts                    
20000000  __stop___llvm_prf_cnts                     
00001207  _adcInit                                   
00004519  _c_int00_noargs                            
00004d2c  _ctypes_                                   
00001271  _graphicsInit                              
000012c1  _hwInit                                    
UNDEFED   _system_post_cinit                         
00004a2d  _system_pre_init                           
00004a31  abort                                      
000041cd  atoi                                       
ffffffff  binit                                      
20000000  bk_matrix                                  
200002a8  bk_matrix_p                                
000012e7  buttonsInit                                
0000488f  copysign                                   
0000488f  copysignl                                  
20001ac0  curr_des_sin                               
20001abc  curr_forw_backw                            
20001ab8  curr_val                                   
000022d1  delay                                      
000027bf  disablePWM                                 
000027b1  enablePWM                                  
20001ac4  errno                                      
00003eb5  frexp                                      
00003eb5  frexpl                                     
20000550  fw_matrix                                  
200007f8  fw_matrix_p                                
20001acc  g_sContext                                 
20001aa8  g_sCrystalfontz128x128                     
00004fa8  g_sCrystalfontz128x128_funcs               
00004e30  g_sFontFixed6x8                            
20001aec  i                                          
000011b5  incl                                       
0000287f  initAll                                    
00000000  interruptVectors                           
00003069  ldexp                                      
00003069  ldexpl                                     
20000aa0  left_matrix                                
20000d48  left_matrix_p                              
0000131b  main                                       
000027dd  mark                                       
00004825  memccpy                                    
000038ab  memcpy                                     
00003d05  memset                                     
20000ff0  right_matrix                               
20001298  right_matrix_p                             
00003069  scalbn                                     
00003069  scalbnl                                    
00002837  sendCommand                                
0000280d  space                                      
000043f5  sprintf                                    
0000492f  strchr                                     
0000496d  strlen                                     
00004ffc  upConfig                                   
00004fe4  upConfig2                                  
20001540  up_matrix                                  
200017e8  up_matrix_p                                
00004993  wcslen                                     


GLOBAL SYMBOLS: SORTED BY Symbol Address 

address   name                                       
-------   ----                                       
00000000  __TI_static_base__                         
00000000  interruptVectors                           
000000e5  __TI_printfi                               
00000200  __STACK_SIZE                               
00000b33  __aeabi_idiv0                              
00000b33  __aeabi_ldiv0                              
00000b35  Crystalfontz128x128_Init                   
00000c49  Crystalfontz128x128_SetDrawFrame           
00000d77  Crystalfontz128x128_SetOrientation         
000011b5  incl                                       
00001207  _adcInit                                   
00001271  _graphicsInit                              
000012c1  _hwInit                                    
000012e7  buttonsInit                                
0000131b  main                                       
0000133b  TA3_0_IRQHandler                           
0000133b  TA3_0_IRQHandler                           
00001455  TA2_0_IRQHandler                           
00001455  TA2_0_IRQHandler                           
00001595  ADC14_IRQHandler                           
00001595  ADC14_IRQHandler                           
000016b9  PORT1_IRQHandler                           
000016b9  PORT1_IRQHandler                           
000016f1  PORT3_IRQHandler                           
000016f1  PORT3_IRQHandler                           
00001723  PORT5_IRQHandler                           
00001723  PORT5_IRQHandler                           
00001791  Graphics_drawString                        
00001c11  SystemCoreClockUpdate                      
00001e89  SystemInit                                 
000021b5  Clock_Init48MHz                            
000022cb  Clock_GetFreq                              
000022d1  delay                                      
000022df  Clock_Delay1us                             
00002309  Clock_Delay1ms                             
00002565  __aeabi_dsub                               
0000256f  __aeabi_dadd                               
0000271d  PWM_Init                                   
000027b1  enablePWM                                  
000027bf  disablePWM                                 
000027cd  SysTick_Init                               
000027dd  mark                                       
0000280d  space                                      
00002837  sendCommand                                
0000287f  initAll                                    
00002e0d  __aeabi_ddiv                               
00003069  ldexp                                      
00003069  ldexpl                                     
00003069  scalbn                                     
00003069  scalbnl                                    
00003281  __aeabi_dmul                               
0000337d  Graphics_getStringWidth                    
00003479  HAL_LCD_PortInit                           
000034a9  HAL_LCD_SpiInit                            
000034df  HAL_LCD_writeCommand                       
0000350f  HAL_LCD_writeData                          
00003545  ADC14_configureConversionMemory            
000035f9  ADC14_configureMultiSequenceMode           
0000375f  SPI_initMaster                             
0000380f  Graphics_drawLineH                         
000038ab  __aeabi_memcpy                             
000038ab  __aeabi_memcpy4                            
000038ab  __aeabi_memcpy8                            
000038ab  memcpy                                     
00003947  __aeabi_uldivmod                           
000039dd  GPIO_setAsPeripheralModuleFunctionInputPin 
00003a65  GPIO_setAsPeripheralModuleFunctionOutputPin
00003aed  __aeabi_cdcmpeq                            
00003aed  __aeabi_cdcmple                            
00003b73  __aeabi_cdrcmple                           
00003bf9  GPIO_getEnabledInterruptStatus             
00003c7d  Interrupt_enableInterrupt                  
00003cfd  __aeabi_memclr                             
00003cfd  __aeabi_memclr4                            
00003cfd  __aeabi_memclr8                            
00003cff  __aeabi_memset                             
00003cff  __aeabi_memset4                            
00003cff  __aeabi_memset8                            
00003d05  memset                                     
00003de5  Timer_A_configureUpMode                    
00003e4d  __TI_decompress_lzss                       
00003eb5  frexp                                      
00003eb5  frexpl                                     
00003f19  PCM_getCoreVoltageLevel                    
00003f77  PCM_getPowerMode                           
00003fd1  GPIO_setAsInputPinWithPullUpResistor       
00004081  ADC14_initModule                           
000040d5  __TI_ltoa                                  
00004129  Graphics_initContext                       
000041cd  atoi                                       
00004219  FlashCtl_setWaitState                      
00004261  Graphics_drawStringCentered                
000042a9  __aeabi_d2iz                               
000042f1  __TI_auto_init_nobinit_nopinit             
00004335  GPIO_setAsOutputPin                        
000043f5  sprintf                                    
00004475  ADC14_getEnabledInterruptStatus            
000044ad  Graphics_drawHorizontalLineOnDisplay       
000044e5  ADC14_enableSampleTimer                    
00004519  _c_int00_noargs                            
0000454d  ADC14_clearInterruptFlag                   
0000457d  ADC14_enableInterrupt                      
000045ad  __aeabi_i2d                                
000045dd  ADC14_getInterruptStatus                   
00004609  ADC14_toggleConversionTrigger              
00004635  Graphics_drawPixelOnDisplay                
00004661  Timer_A_clearCaptureCompareInterrupt       
0000468d  ADC14_enableConversion                     
000046b5  ADC14_getResult                            
000046dd  GPIO_clearInterruptFlag                    
00004705  GPIO_enableInterrupt                       
0000472d  GPIO_setOutputHighOnPin                    
00004755  GPIO_setOutputLowOnPin                     
0000477d  GPIO_toggleOutputOnPin                     
000047a5  GPIO_getInterruptStatus                    
000047c9  WDT_A_holdTimer                            
000047ed  SPI_enableModule                           
00004809  __TI_zero_init_nomemset                    
00004825  memccpy                                    
00004841  Graphics_clearDisplayOnDisplay             
0000485b  Graphics_setBackgroundColor                
00004875  Graphics_setFont                           
0000488f  copysign                                   
0000488f  copysignl                                  
000048c1  EUSCI_A_SPI_enable                         
000048d7  EUSCI_B_SPI_enable                         
000048ed  Graphics_setForegroundColor                
00004903  Graphics_translateColorOnDisplay           
00004919  Timer_A_startCounter                       
0000492f  strchr                                     
00004945  PCM_getPowerState                          
00004959  Timer_A_stopTimer                          
0000496d  strlen                                     
00004981  Graphics_clearDisplay                      
00004993  wcslen                                     
000049b5  Interrupt_enableMaster                     
000049c5  PCM_setCoreVoltageLevel                    
000049d5  PCM_setPowerMode                           
000049e5  __TI_decompress_none                       
000049f3  Reset_Handler                              
000049ff  AES256_IRQHandler                          
000049ff  BusFault_Handler                           
000049ff  COMP_E0_IRQHandler                         
000049ff  COMP_E1_IRQHandler                         
000049ff  CS_IRQHandler                              
000049ff  DMA_ERR_IRQHandler                         
000049ff  DMA_INT0_IRQHandler                        
000049ff  DMA_INT1_IRQHandler                        
000049ff  DMA_INT2_IRQHandler                        
000049ff  DMA_INT3_IRQHandler                        
000049ff  DebugMon_Handler                           
000049ff  Default_Handler                            
000049ff  EUSCIA0_IRQHandler                         
000049ff  EUSCIA1_IRQHandler                         
000049ff  EUSCIA2_IRQHandler                         
000049ff  EUSCIA3_IRQHandler                         
000049ff  EUSCIB0_IRQHandler                         
000049ff  EUSCIB1_IRQHandler                         
000049ff  EUSCIB2_IRQHandler                         
000049ff  EUSCIB3_IRQHandler                         
000049ff  FLCTL_IRQHandler                           
000049ff  FPU_IRQHandler                             
000049ff  HardFault_Handler                          
000049ff  MemManage_Handler                          
000049ff  NMI_Handler                                
000049ff  PCM_IRQHandler                             
000049ff  PORT2_IRQHandler                           
000049ff  PORT4_IRQHandler                           
000049ff  PORT6_IRQHandler                           
000049ff  PSS_IRQHandler                             
000049ff  PendSV_Handler                             
000049ff  RTC_C_IRQHandler                           
000049ff  SVC_Handler                                
000049ff  SysTick_Handler                            
000049ff  T32_INT1_IRQHandler                        
000049ff  T32_INT2_IRQHandler                        
000049ff  T32_INTC_IRQHandler                        
000049ff  TA0_0_IRQHandler                           
000049ff  TA0_N_IRQHandler                           
000049ff  TA1_0_IRQHandler                           
000049ff  TA1_N_IRQHandler                           
000049ff  TA2_N_IRQHandler                           
000049ff  TA3_N_IRQHandler                           
000049ff  UsageFault_Handler                         
000049ff  WDT_A_IRQHandler                           
00004a01  ADC14_enableModule                         
00004a0d  CPU_cpsie                                  
00004a25  __aeabi_errno_addr                         
00004a2d  _system_pre_init                           
00004a31  C$$EXIT                                    
00004a31  abort                                      
00004d2c  _ctypes_                                   
00004e30  g_sFontFixed6x8                            
00004fa8  g_sCrystalfontz128x128_funcs               
00004fe4  upConfig2                                  
00004ffc  upConfig                                   
000054cc  __TI_Handler_Table_Base                    
000054d8  __TI_Handler_Table_Limit                   
000054e0  __TI_CINIT_Base                            
000054f0  __TI_CINIT_Limit                           
20000000  __start___llvm_prf_cnts                    
20000000  __stop___llvm_prf_cnts                     
20000000  bk_matrix                                  
200002a8  bk_matrix_p                                
20000550  fw_matrix                                  
200007f8  fw_matrix_p                                
20000aa0  left_matrix                                
20000d48  left_matrix_p                              
20000ff0  right_matrix                               
20001298  right_matrix_p                             
20001540  up_matrix                                  
200017e8  up_matrix_p                                
20001a90  ClockFrequency                             
20001a94  Prewait                                    
20001a98  CPMwait                                    
20001a9c  Postwait                                   
20001aa0  IFlags                                     
20001aa4  Crystalstable                              
20001aa8  g_sCrystalfontz128x128                     
20001ab8  curr_val                                   
20001abc  curr_forw_backw                            
20001ac0  curr_des_sin                               
20001ac4  errno                                      
20001ac8  SystemCoreClock                            
20001acc  g_sContext                                 
20001aec  i                                          
20001af0  Lcd_ScreenHeigth                           
20001af2  Lcd_ScreenWidth                            
20001af4  Lcd_TouchTrim                              
20001af6  Lcd_FlagRead                               
20001af7  Lcd_FontSolid                              
20001af8  Lcd_Orientation                            
20001af9  Lcd_PenSolid                               
2000fe00  __stack                                    
20010000  __STACK_END                                
4000480c  WDTCTL_SYM                                 
ffffffff  __TI_pprof_out_hndl                        
ffffffff  __TI_prof_data_size                        
ffffffff  __TI_prof_data_start                       
ffffffff  __binit__                                  
ffffffff  __c_args__                                 
ffffffff  binit                                      
UNDEFED   __mpu_init                                 
UNDEFED   _system_post_cinit                         

[244 symbols]
