******************************************************************************
                  TI ARM Linker Unix v20.2.7                   
******************************************************************************
>> Linked Tue Dec 13 16:21:01 2022

OUTPUT FILE NAME:   <MSP432_Project.out>
ENTRY POINT SYMBOL: "_c_int00_noargs"  address: 0000c775


MEMORY CONFIGURATION

         name            origin    length      used     unused   attr    fill
----------------------  --------  ---------  --------  --------  ----  --------
  MAIN                  00000000   00040000  0000d328  00032cd8  R  X
  INFO                  00200000   00004000  00000000  00004000  R  X
  SRAM_CODE             01000000   00010000  000028a6  0000d75a  RW X
  SRAM_DATA             20000000   00010000  000028a6  0000d75a  RW  


SEGMENT ALLOCATION MAP

run origin  load origin   length   init length attrs members
----------  ----------- ---------- ----------- ----- -------
00000000    00000000    0000d328   0000d328    r-x
  00000000    00000000    000000e4   000000e4    r-- .intvecs
  000000e4    000000e4    000070e4   000070e4    r-- .const
  000071c8    000071c8    00005c38   00005c38    r-x .text
  0000ce00    0000ce00    00000528   00000528    r-- .cinit
20000000    20000000    000026a8   00000000    rw-
  20000000    20000000    00001cb4   00000000    rw- .data
  20001cb4    20001cb4    000005f2   00000000    rw- .bss
  200022a8    200022a8    00000400   00000000    rw- .sysmem
2000fe00    2000fe00    00000200   00000000    rw-
  2000fe00    2000fe00    00000200   00000000    rw- .stack


SECTION ALLOCATION MAP

 output                                  attributes/
section   page    origin      length       input sections
--------  ----  ----------  ----------   ----------------
.intvecs   0    00000000    000000e4     
                  00000000    000000e4     startup_msp432p401r_ccs.obj (.intvecs:retain)

.const     0    000000e4    000070e4     
                  000000e4    00004000     main.obj (.const:.string:pixel_HELICOPTER_8BPP_UNCOMP)
                  000040e4    000010c6     main.obj (.const:.string:pixel_PROPELLERS2_8BPP_UNCOMP)
                  000051aa    00001055     main.obj (.const:.string:pixel_PROPELLERS1_8BPP_UNCOMP)
                  000061ff    00000800     main.obj (.const:.string:pixel_MENU_1BPP_UNCOMP)
                  000069ff    000002f8     grlib.a : fontfixed6x8.obj (.const:.string:g_pucFontFixed6x8Data)
                  00006cf7    00000101     rtsv7M4_T_le_v4SPD16_eabi.lib : ctype.c.obj (.const:.string:_ctypes_)
                  00006df8    000000c8     grlib.a : fontfixed6x8.obj (.const:g_sFontFixed6x8)
                  00006ec0    00000096     main.obj (.const:.string:pixel_ACCELEROMETER_1BPP_UNCOMP)
                  00006f56    00000096     main.obj (.const:.string:pixel_JOYSTICK_1BPP_UNCOMP)
                  00006fec    00000080     msp432p4xx_driverlib.lib : adc14.o (.const:_ctlRegs)
                  0000706c    00000030                              : gpio.o (.const:GPIO_PORT_TO_BASE)
                  0000709c    00000020     Crystalfontz128x128_ST7735.obj (.const:g_sCrystalfontz128x128_funcs)
                  000070bc    00000020     main.obj (.const:palette_HELICOPTER_8BPP_UNCOMP)
                  000070dc    0000001c     HAL_MSP_EXP432P401R_Crystalfontz128x128_ST7735.obj (.const:$P$T0$1)
                  000070f8    00000018     HardwareInit.obj (.const:upConfigTimerA2)
                  00007110    00000018     HardwareInit.obj (.const:upConfigTimerA3)
                  00007128    00000010     main.obj (.const:ACCELEROMETER_BLACK_1BPP_UNCOMP)
                  00007138    00000010     main.obj (.const:ACCELEROMETER_BLUE_1BPP_UNCOMP)
                  00007148    00000010     main.obj (.const:HELICOPTER_8BPP_UNCOMP)
                  00007158    00000010     main.obj (.const:JOYSTICK_BLACK_1BPP_UNCOMP)
                  00007168    00000010     main.obj (.const:JOYSTICK_BLUE_1BPP_UNCOMP)
                  00007178    00000010     main.obj (.const:MENU_1BPP_UNCOMP)
                  00007188    00000010     main.obj (.const:PROPELLERS1_8BPP_UNCOMP)
                  00007198    00000010     main.obj (.const:PROPELLERS2_8BPP_UNCOMP)
                  000071a8    00000008     Crystalfontz128x128_ST7735.obj (.const:$P$T0$1)
                  000071b0    00000008     msp432p4xx_driverlib.lib : interrupt.o (.const:g_pulEnRegs)
                  000071b8    00000008     main.obj (.const:palette_BLACK_WHITE_1BPP_UNCOMP)
                  000071c0    00000008     main.obj (.const:palette_BLUE_WHITE_1BPP_UNCOMP)

.text      0    000071c8    00005c38     
                  000071c8    00000a4e     rtsv7M4_T_le_v4SPD16_eabi.lib : _printfi.c.obj (.text:__TI_printfi)
                  00007c16    00000002                                   : _lock.c.obj (.text:_nop)
                  00007c18    00000680     Crystalfontz128x128_ST7735.obj (.text)
                  00008298    000004ec     main.obj (.text)
                  00008784    0000047e     grlib.a : string.obj (.text:Graphics_drawString)
                  00008c02    00000390             : image.obj (.text:Graphics_drawImage)
                  00008f92    00000002     rtsv7M4_T_le_v4SPD16_eabi.lib : div0.asm.obj (.text)
                  00008f94    0000033c     HardwareInit.obj (.text)
                  000092d0    00000334     system_msp432p401r.obj (.text)
                  00009604    00000270     rtsv7M4_T_le_v4SPD16_eabi.lib : _printfi.c.obj (.text:_pconv_a)
                  00009874    000001e0     Clock.obj (.text)
                  00009a54    000001d0     rtsv7M4_T_le_v4SPD16_eabi.lib : _printfi.c.obj (.text:_pconv_g)
                  00009c24    000001b6                                   : fd_add_t2.asm.obj (.text)
                  00009dda    00000002     --HOLE-- [fill = 0]
                  00009ddc    000001ac     SendCodes_main.obj (.text)
                  00009f88    00000160     msp432p4xx_driverlib.lib : adc14.o (.text:_getIndexForMemRegister)
                  0000a0e8    0000015c                              : pcm.o (.text:__PCM_setPowerModeAdvanced)
                  0000a244    00000144                              : timer_a.o (.text:privateTimer_AProcessClockSourceDivider)
                  0000a388    0000013c     rtsv7M4_T_le_v4SPD16_eabi.lib : _printfi.c.obj (.text:_pconv_e)
                  0000a4c4    00000136                                   : fd_div_t2.asm.obj (.text)
                  0000a5fa    00000002     --HOLE-- [fill = 0]
                  0000a5fc    00000124                                   : _printfi.c.obj (.text:fcvt)
                  0000a720    00000114                                   : fputs.c.obj (.text:fputs)
                  0000a834    00000110                                   : s_scalbn.c.obj (.text:scalbn)
                  0000a944    00000108     msp432p4xx_driverlib.lib : pcm.o (.text:__PCM_setCoreVoltageLevelAdvanced)
                  0000aa4c    00000100     rtsv7M4_T_le_v4SPD16_eabi.lib : memory.c.obj (.text:aligned_alloc)
                  0000ab4c    000000fc                                   : fd_mul_t2.asm.obj (.text)
                  0000ac48    000000fa     grlib.a : string.obj (.text:Graphics_getStringWidth)
                  0000ad42    00000002     --HOLE-- [fill = 0]
                  0000ad44    000000e4     rtsv7M4_T_le_v4SPD16_eabi.lib : memory.c.obj (.text:free)
                  0000ae28    000000dc                                   : setvbuf.c.obj (.text:setvbuf)
                  0000af04    000000cc     HAL_MSP_EXP432P401R_Crystalfontz128x128_ST7735.obj (.text)
                  0000afd0    000000b4     msp432p4xx_driverlib.lib : adc14.o (.text:ADC14_configureConversionMemory)
                  0000b084    000000b4                              : adc14.o (.text:ADC14_configureMultiSequenceMode)
                  0000b138    000000b1     rtsv7M4_T_le_v4SPD16_eabi.lib : _printfi.c.obj (.text:_ltostr)
                  0000b1e9    00000001     --HOLE-- [fill = 0]
                  0000b1ea    000000b0     msp432p4xx_driverlib.lib : spi.o (.text:SPI_initMaster)
                  0000b29a    0000009c     grlib.a : line.obj (.text:Graphics_drawLineH)
                  0000b336    0000009c     rtsv7M4_T_le_v4SPD16_eabi.lib : memcpy_t2.asm.obj (.text)
                  0000b3d2    00000096                                   : ull_div_t2.asm.obj (.text)
                  0000b468    0000008c                                   : fputc.c.obj (.text:fputc)
                  0000b4f4    00000088     msp432p4xx_driverlib.lib : gpio.o (.text:GPIO_setAsPeripheralModuleFunctionInputPin)
                  0000b57c    00000088                              : gpio.o (.text:GPIO_setAsPeripheralModuleFunctionOutputPin)
                  0000b604    00000086     rtsv7M4_T_le_v4SPD16_eabi.lib : fd_cmp_t2.asm.obj (.text:__aeabi_cdcmple)
                  0000b68a    00000086                                   : fd_cmp_t2.asm.obj (.text:__aeabi_cdrcmple)
                  0000b710    00000084     msp432p4xx_driverlib.lib : gpio.o (.text:GPIO_getEnabledInterruptStatus)
                  0000b794    00000080                              : interrupt.o (.text:Interrupt_enableInterrupt)
                  0000b814    0000007a     rtsv7M4_T_le_v4SPD16_eabi.lib : memset_t2.asm.obj (.text)
                  0000b88e    00000002     --HOLE-- [fill = 0]
                  0000b890    00000074                                   : fclose.c.obj (.text:__TI_closefile)
                  0000b904    00000070                                   : memory.c.obj (.text:split)
                  0000b974    0000006e                                   : _printfi.c.obj (.text:_mcpy)
                  0000b9e2    00000002     --HOLE-- [fill = 0]
                  0000b9e4    0000006c     grlib.a : image.obj (.text:Graphics_convertPalette)
                  0000ba50    0000006c     rtsv7M4_T_le_v4SPD16_eabi.lib : hostrename.c.obj (.text:HOSTrename)
                  0000babc    00000068                                   : hostlseek.c.obj (.text:HOSTlseek)
                  0000bb24    00000068     msp432p4xx_driverlib.lib : timer_a.o (.text:Timer_A_configureUpMode)
                  0000bb8c    00000068     rtsv7M4_T_le_v4SPD16_eabi.lib : copy_decompress_lzss.c.obj (.text:decompress:lzss:__TI_decompress_lzss)
                  0000bbf4    00000068                                   : printf.c.obj (.text:printf)
                  0000bc5c    00000064                                   : s_frexp.c.obj (.text:frexp)
                  0000bcc0    00000064                                   : fseek.c.obj (.text:fseek)
                  0000bd24    00000062                                   : _io_perm.c.obj (.text:__TI_wrt_ok)
                  0000bd86    00000002     --HOLE-- [fill = 0]
                  0000bd88    00000060                                   : hostopen.c.obj (.text:HOSTopen)
                  0000bde8    0000005e     msp432p4xx_driverlib.lib : pcm.o (.text:PCM_getCoreVoltageLevel)
                  0000be46    00000002     --HOLE-- [fill = 0]
                  0000be48    0000005c     rtsv7M4_T_le_v4SPD16_eabi.lib : close.c.obj (.text:close)
                  0000bea4    0000005a     msp432p4xx_driverlib.lib : pcm.o (.text:PCM_getPowerMode)
                  0000befe    00000002     --HOLE-- [fill = 0]
                  0000bf00    00000058                              : gpio.o (.text:GPIO_setAsInputPinWithPullUpResistor)
                  0000bf58    00000058     rtsv7M4_T_le_v4SPD16_eabi.lib : hostread.c.obj (.text:HOSTread)
                  0000bfb0    00000058                                   : hostwrite.c.obj (.text:HOSTwrite)
                  0000c008    00000056                                   : _printfi.c.obj (.text:_pconv_f)
                  0000c05e    00000002     --HOLE-- [fill = 0]
                  0000c060    00000054     msp432p4xx_driverlib.lib : adc14.o (.text:ADC14_initModule)
                  0000c0b4    00000054     rtsv7M4_T_le_v4SPD16_eabi.lib : _ltoa.c.obj (.text:__TI_ltoa)
                  0000c108    00000052     grlib.a : context.obj (.text:Graphics_initContext)
                  0000c15a    00000052     rtsv7M4_T_le_v4SPD16_eabi.lib : _printfi.c.obj (.text:_ecpy)
                  0000c1ac    0000004c                                   : fflush.c.obj (.text:__TI_doflush)
                  0000c1f8    0000004c                                   : atoi.c.obj (.text:atoi)
                  0000c244    00000048     msp432p4xx_driverlib.lib : flash.o (.text:FlashCtl_setWaitState)
                  0000c28c    00000048     grlib.a : string.obj (.text:Graphics_drawStringCentered)
                  0000c2d4    00000048     rtsv7M4_T_le_v4SPD16_eabi.lib : exit.c.obj (.text:exit)
                  0000c31c    00000048                                   : fd_toi_t2.asm.obj (.text)
                  0000c364    00000046     grlib.a : display.obj (.text:Graphics_drawMultiplePixelsOnDisplay)
                  0000c3aa    00000002     --HOLE-- [fill = 0]
                  0000c3ac    00000044     rtsv7M4_T_le_v4SPD16_eabi.lib : hostclose.c.obj (.text:HOSTclose)
                  0000c3f0    00000044                                   : hostunlink.c.obj (.text:HOSTunlink)
                  0000c434    00000044                                   : autoinit.c.obj (.text:__TI_auto_init_nobinit_nopinit:__TI_auto_init_nobinit_nopinit)
                  0000c478    00000044                                   : getdevice.c.obj (.text:getdevice)
                  0000c4bc    00000040     msp432p4xx_driverlib.lib : gpio.o (.text:GPIO_setAsOutputPin)
                  0000c4fc    00000040     grlib.a : string.obj (.text:Graphics_getNumberOfLeadingZeros)
                  0000c53c    00000040     msp432p4xx_driverlib.lib : spi.o (.text:is_A_Module)
                  0000c57c    00000040     rtsv7M4_T_le_v4SPD16_eabi.lib : sprintf.c.obj (.text:sprintf)
                  0000c5bc    0000003e                                   : _printfi.c.obj (.text:_fcpy)
                  0000c5fa    00000002     --HOLE-- [fill = 0]
                  0000c5fc    00000038     msp432p4xx_driverlib.lib : adc14.o (.text:ADC14_getEnabledInterruptStatus)
                  0000c634    00000038     rtsv7M4_T_le_v4SPD16_eabi.lib : trgmsg.c.obj (.text:__TI_writemsg)
                  0000c66c    00000036     grlib.a : display.obj (.text:Graphics_drawHorizontalLineOnDisplay)
                  0000c6a2    00000036     rtsv7M4_T_le_v4SPD16_eabi.lib : strncpy.c.obj (.text:strncpy)
                  0000c6d8    00000034     msp432p4xx_driverlib.lib : adc14.o (.text:ADC14_enableSampleTimer)
                  0000c70c    00000034     rtsv7M4_T_le_v4SPD16_eabi.lib : fopen.c.obj (.text:__TI_cleanup)
                  0000c740    00000034                                   : trgmsg.c.obj (.text:__TI_readmsg)
                  0000c774    00000034                                   : boot_cortex_m.c.obj (.text:_c_int00_noargs:_c_int00_noargs)
                  0000c7a8    00000030     msp432p4xx_driverlib.lib : adc14.o (.text:ADC14_clearInterruptFlag)
                  0000c7d8    00000030                              : adc14.o (.text:ADC14_enableInterrupt)
                  0000c808    00000030     rtsv7M4_T_le_v4SPD16_eabi.lib : getdevice.c.obj (.text:finddevice)
                  0000c838    0000002e                                   : i_tofd_t2.asm.obj (.text)
                  0000c866    00000002     --HOLE-- [fill = 0]
                  0000c868    0000002c     msp432p4xx_driverlib.lib : adc14.o (.text:ADC14_getInterruptStatus)
                  0000c894    0000002c                              : adc14.o (.text:ADC14_toggleConversionTrigger)
                  0000c8c0    0000002c     grlib.a : display.obj (.text:Graphics_drawPixelOnDisplay)
                  0000c8ec    0000002c     msp432p4xx_driverlib.lib : timer_a.o (.text:Timer_A_clearCaptureCompareInterrupt)
                  0000c918    0000002c     rtsv7M4_T_le_v4SPD16_eabi.lib : unlink.c.obj (.text:unlink)
                  0000c944    00000028     msp432p4xx_driverlib.lib : adc14.o (.text:ADC14_enableConversion)
                  0000c96c    00000028                              : adc14.o (.text:ADC14_getResult)
                  0000c994    00000028                              : gpio.o (.text:GPIO_clearInterruptFlag)
                  0000c9bc    00000028                              : gpio.o (.text:GPIO_enableInterrupt)
                  0000c9e4    00000028                              : gpio.o (.text:GPIO_setOutputHighOnPin)
                  0000ca0c    00000028                              : gpio.o (.text:GPIO_setOutputLowOnPin)
                  0000ca34    00000028                              : gpio.o (.text:GPIO_toggleOutputOnPin)
                  0000ca5c    00000028                              : pcm.o (.text:PCM_gotoLPM0)
                  0000ca84    00000028     rtsv7M4_T_le_v4SPD16_eabi.lib : memory.c.obj (.text:free_list_insert)
                  0000caac    00000028                                   : lseek.c.obj (.text:lseek)
                  0000cad4    00000028                                   : write.c.obj (.text:write)
                  0000cafc    00000024     msp432p4xx_driverlib.lib : gpio.o (.text:GPIO_getInterruptStatus)
                  0000cb20    00000020     rtsv7M4_T_le_v4SPD16_eabi.lib : memchr.c.obj (.text:memchr)
                  0000cb40    0000001c     msp432p4xx_driverlib.lib : spi.o (.text:SPI_enableModule)
                  0000cb5c    0000001c     rtsv7M4_T_le_v4SPD16_eabi.lib : memory.c.obj (.text:free_list_remove)
                  0000cb78    0000001c                                   : memccpy.c.obj (.text:memccpy)
                  0000cb94    0000001a     grlib.a : display.obj (.text:Graphics_clearDisplayOnDisplay)
                  0000cbae    0000001a             : context.obj (.text:Graphics_setBackgroundColor)
                  0000cbc8    0000001a             : context.obj (.text:Graphics_setFont)
                  0000cbe2    0000001a     rtsv7M4_T_le_v4SPD16_eabi.lib : s_copysign.c.obj (.text:copysign)
                  0000cbfc    00000018                                   : sprintf.c.obj (.text:_outs)
                  0000cc14    00000018                                   : strcmp.c.obj (.text:strcmp)
                  0000cc2c    00000016     msp432p4xx_driverlib.lib : spi.o (.text:EUSCI_A_SPI_enable)
                  0000cc42    00000016                              : spi.o (.text:EUSCI_B_SPI_enable)
                  0000cc58    00000016     grlib.a : context.obj (.text:Graphics_setForegroundColor)
                  0000cc6e    00000016             : display.obj (.text:Graphics_translateColorOnDisplay)
                  0000cc84    00000016     msp432p4xx_driverlib.lib : timer_a.o (.text:Timer_A_startCounter)
                  0000cc9a    00000016     rtsv7M4_T_le_v4SPD16_eabi.lib : strchr.c.obj (.text:strchr)
                  0000ccb0    00000014     msp432p4xx_driverlib.lib : pcm.o (.text:PCM_getPowerState)
                  0000ccc4    00000014                              : timer_a.o (.text:Timer_A_stopTimer)
                  0000ccd8    00000014     rtsv7M4_T_le_v4SPD16_eabi.lib : strcpy.c.obj (.text:strcpy)
                  0000ccec    00000014                                   : strlen.c.obj (.text:strlen)
                  0000cd00    00000012     grlib.a : context.obj (.text:Graphics_clearDisplay)
                  0000cd12    00000012     rtsv7M4_T_le_v4SPD16_eabi.lib : wcslen.c.obj (.text:wcslen)
                  0000cd24    00000010     msp432p4xx_driverlib.lib : adc14.o (.text:ADC14_disableConversion)
                  0000cd34    00000010                              : adc14.o (.text:ADCIsConversionRunning)
                  0000cd44    00000010                              : interrupt.o (.text:Interrupt_disableMaster)
                  0000cd54    00000010                              : interrupt.o (.text:Interrupt_enableMaster)
                  0000cd64    00000010                              : pcm.o (.text:PCM_setCoreVoltageLevel)
                  0000cd74    00000010                              : pcm.o (.text:PCM_setPowerMode)
                  0000cd84    0000000e     rtsv7M4_T_le_v4SPD16_eabi.lib : copy_decompress_none.c.obj (.text:decompress:none:__TI_decompress_none)
                  0000cd92    0000000e     startup_msp432p401r_ccs.obj (.text)
                  0000cda0    0000000c     msp432p4xx_driverlib.lib : adc14.o (.text:ADC14_enableModule)
                  0000cdac    0000000c                              : cpu.o (.text:CPU_cpsid)
                  0000cdb8    0000000c                              : cpu.o (.text:CPU_cpsie)
                  0000cdc4    0000000c     rtsv7M4_T_le_v4SPD16_eabi.lib : copy_zero_init.c.obj (.text:decompress:ZI:__TI_zero_init)
                  0000cdd0    0000000a                                   : sprintf.c.obj (.text:_outc)
                  0000cdda    00000002     --HOLE-- [fill = 0]
                  0000cddc    00000008                                   : errno.c.obj (.text:__aeabi_errno_addr)
                  0000cde4    00000008                                   : memory.c.obj (.text:malloc)
                  0000cdec    00000004     msp432p4xx_driverlib.lib : cpu.o (.text:CPU_wfi)
                  0000cdf0    00000004     rtsv7M4_T_le_v4SPD16_eabi.lib : printf.c.obj (.text:_outc)
                  0000cdf4    00000004                                   : printf.c.obj (.text:_outs)
                  0000cdf8    00000004                                   : pre_init.c.obj (.text:_system_pre_init)
                  0000cdfc    00000004                                   : exit.c.obj (.text:abort:abort)

.cinit     0    0000ce00    00000528     
                  0000ce00    00000503     (.cinit..data.load) [load image, compression = lzss]
                  0000d303    00000001     --HOLE-- [fill = 0]
                  0000d304    0000000c     (__TI_handler_table)
                  0000d310    00000008     (.cinit..bss.load) [load image, compression = zero_init]
                  0000d318    00000010     (__TI_cinit_table)

.init_array 
*          0    00000000    00000000     UNINITIALIZED

.binit     0    00000000    00000000     

.data      0    20000000    00001cb4     UNINITIALIZED
                  20000000    000002a8     CommandMatrices.obj (.data:bk_matrix)
                  200002a8    000002a8     CommandMatrices.obj (.data:bk_matrix_p)
                  20000550    000002a8     CommandMatrices.obj (.data:fw_matrix)
                  200007f8    000002a8     CommandMatrices.obj (.data:fw_matrix_p)
                  20000aa0    000002a8     CommandMatrices.obj (.data:left_matrix)
                  20000d48    000002a8     CommandMatrices.obj (.data:left_matrix_p)
                  20000ff0    000002a8     CommandMatrices.obj (.data:right_matrix)
                  20001298    000002a8     CommandMatrices.obj (.data:right_matrix_p)
                  20001540    000002a8     CommandMatrices.obj (.data:up_matrix)
                  200017e8    000002a8     CommandMatrices.obj (.data:up_matrix_p)
                  20001a90    000000f0     rtsv7M4_T_le_v4SPD16_eabi.lib : defs.c.obj (.data:_ftable)
                  20001b80    00000078                                   : host_device.c.obj (.data:_device)
                  20001bf8    00000050                                   : host_device.c.obj (.data:_stream)
                  20001c48    00000018     Clock.obj (.data)
                  20001c60    00000010     Crystalfontz128x128_ST7735.obj (.data:g_sCrystalfontz128x128)
                  20001c70    00000010     rtsv7M4_T_le_v4SPD16_eabi.lib : defs.c.obj (.data)
                  20001c80    0000000d     main.obj (.data)
                  20001c8d    00000003     --HOLE--
                  20001c90    0000000c     rtsv7M4_T_le_v4SPD16_eabi.lib : exit.c.obj (.data:$O1$$)
                  20001c9c    00000008                                   : _lock.c.obj (.data:$O1$$)
                  20001ca4    00000008                                   : memory.c.obj (.data:$O1$$)
                  20001cac    00000004                                   : errno.c.obj (.data)
                  20001cb0    00000004     system_msp432p401r.obj (.data)

.bss       0    20001cb4    000005f2     UNINITIALIZED
                  20001cb4    00000400     grlib.a : image.obj (.bss:g_pulConvertedPalette)
                  200020b4    00000120     rtsv7M4_T_le_v4SPD16_eabi.lib : trgmsg.c.obj (.bss:_CIOBUF_)
                  200021d4    000000a0     (.common:__TI_tmpnams)
                  20002274    0000001c     (.common:g_sContext)
                  20002290    00000008     (.common:parmbuf)
                  20002298    00000004     (.common:y_value)
                  2000229c    00000002     (.common:Lcd_ScreenHeigth)
                  2000229e    00000002     (.common:Lcd_ScreenWidth)
                  200022a0    00000002     (.common:Lcd_TouchTrim)
                  200022a2    00000001     (.common:Lcd_FlagRead)
                  200022a3    00000001     (.common:Lcd_FontSolid)
                  200022a4    00000001     (.common:Lcd_Orientation)
                  200022a5    00000001     (.common:Lcd_PenSolid)

.sysmem    0    200022a8    00000400     UNINITIALIZED
                  200022a8    00000010     rtsv7M4_T_le_v4SPD16_eabi.lib : memory.c.obj (.sysmem)
                  200022b8    000003f0     --HOLE--

.stack     0    2000fe00    00000200     UNINITIALIZED
                  2000fe00    00000004     rtsv7M4_T_le_v4SPD16_eabi.lib : boot_cortex_m.c.obj (.stack)
                  2000fe04    000001fc     --HOLE--

__llvm_prf_cnts 
*          0    20000000    00000000     UNINITIALIZED

MODULE SUMMARY

       Module                                               code    ro data   rw data
       ------                                               ----    -------   -------
    ./
       main.obj                                             1260    27383     34     
       CommandMatrices.obj                                  0       0         13600  
       HardwareInit.obj                                     828     48        56     
       system_msp432p401r.obj                               820     0         8      
       Clock.obj                                            480     0         48     
       SendCodes_main.obj                                   428     0         0      
       startup_msp432p401r_ccs.obj                          14      228       0      
    +--+----------------------------------------------------+-------+---------+---------+
       Total:                                               3830    27659     13746  
                                                                                     
    ./LcdDriver/
       Crystalfontz128x128_ST7735.obj                       1664    40        52     
       HAL_MSP_EXP432P401R_Crystalfontz128x128_ST7735.obj   204     28        0      
    +--+----------------------------------------------------+-------+---------+---------+
       Total:                                               1868    68        52     
                                                                                     
    /Applications/ti/ccs1210/ccs/tools/compiler/ti-cgt-arm_20.2.7.LTS/lib/rtsv7M4_T_le_v4SPD16_eabi.lib
       _printfi.c.obj                                       4851    0         0      
       defs.c.obj                                           0       0         832    
       memory.c.obj                                         672     0         16     
       trgmsg.c.obj                                         108     0         576    
       fd_add_t2.asm.obj                                    438     0         0      
       host_device.c.obj                                    0       0         400    
       fd_div_t2.asm.obj                                    310     0         0      
       fputs.c.obj                                          276     0         0      
       s_scalbn.c.obj                                       272     0         0      
       fd_cmp_t2.asm.obj                                    268     0         0      
       ctype.c.obj                                          0       257       0      
       fd_mul_t2.asm.obj                                    252     0         0      
       setvbuf.c.obj                                        220     0         0      
       memcpy_t2.asm.obj                                    156     0         0      
       ull_div_t2.asm.obj                                   150     0         0      
       fputc.c.obj                                          140     0         0      
       memset_t2.asm.obj                                    122     0         0      
       fclose.c.obj                                         116     0         0      
       getdevice.c.obj                                      116     0         0      
       hostopen.c.obj                                       96      0         16     
       printf.c.obj                                         112     0         0      
       hostrename.c.obj                                     108     0         0      
       copy_decompress_lzss.c.obj                           104     0         0      
       hostlseek.c.obj                                      104     0         0      
       exit.c.obj                                           76      0         24     
       fseek.c.obj                                          100     0         0      
       s_frexp.c.obj                                        100     0         0      
       _io_perm.c.obj                                       98      0         0      
       sprintf.c.obj                                        98      0         0      
       close.c.obj                                          92      0         0      
       hostread.c.obj                                       88      0         0      
       hostwrite.c.obj                                      88      0         0      
       _ltoa.c.obj                                          84      0         0      
       atoi.c.obj                                           76      0         0      
       fflush.c.obj                                         76      0         0      
       fd_toi_t2.asm.obj                                    72      0         0      
       autoinit.c.obj                                       68      0         0      
       hostclose.c.obj                                      68      0         0      
       hostunlink.c.obj                                     68      0         0      
       strncpy.c.obj                                        54      0         0      
       boot_cortex_m.c.obj                                  52      0         0      
       fopen.c.obj                                          52      0         0      
       i_tofd_t2.asm.obj                                    46      0         0      
       unlink.c.obj                                         44      0         0      
       lseek.c.obj                                          40      0         0      
       write.c.obj                                          40      0         0      
       memchr.c.obj                                         32      0         0      
       memccpy.c.obj                                        28      0         0      
       s_copysign.c.obj                                     26      0         0      
       strcmp.c.obj                                         24      0         0      
       strchr.c.obj                                         22      0         0      
       strcpy.c.obj                                         20      0         0      
       strlen.c.obj                                         20      0         0      
       _lock.c.obj                                          2       0         16     
       wcslen.c.obj                                         18      0         0      
       errno.c.obj                                          8       0         8      
       copy_decompress_none.c.obj                           14      0         0      
       copy_zero_init.c.obj                                 12      0         0      
       pre_init.c.obj                                       4       0         0      
       div0.asm.obj                                         2       0         0      
    +--+----------------------------------------------------+-------+---------+---------+
       Total:                                               10803   257       1888   
                                                                                     
    /Users/matteobeltrami/Desktop/Uni/embedded software for the IoT/include in projects/grlib.a
       image.obj                                            1020    0         2048   
       string.obj                                           1536    0         0      
       fontfixed6x8.obj                                     0       960       0      
       display.obj                                          216     0         0      
       context.obj                                          174     0         0      
       line.obj                                             156     0         0      
    +--+----------------------------------------------------+-------+---------+---------+
       Total:                                               3102    960       2048   
                                                                                     
    /Users/matteobeltrami/Desktop/Uni/embedded software for the IoT/include in projects/msp432p4xx_driverlib.lib
       adc14.o                                              1212    128       0      
       pcm.o                                                888     0         0      
       gpio.o                                               792     48        0      
       timer_a.o                                            514     0         0      
       spi.o                                                312     0         0      
       interrupt.o                                          160     8         0      
       flash.o                                              72      0         0      
       cpu.o                                                28      0         0      
    +--+----------------------------------------------------+-------+---------+---------+
       Total:                                               3978    184       0      
                                                                                     
       Heap:                                                0       0         2048   
       Stack:                                               0       0         1024   
       Linker Generated:                                    0       1319      0      
    +--+----------------------------------------------------+-------+---------+---------+
       Grand Total:                                         23581   30447     20806  


LINKER GENERATED COPY TABLES

__TI_cinit_table @ 0000d318 records: 2, size/record: 8, table size: 16
	.data: load addr=0000ce00, load size=00000503 bytes, run addr=20000000, run size=00001cb4 bytes, compression=lzss
	.bss: load addr=0000d310, load size=00000008 bytes, run addr=20001cb4, run size=000005f2 bytes, compression=zero_init


LINKER GENERATED HANDLER TABLE

__TI_handler_table @ 0000d304 records: 3, size/record: 4, table size: 12
	index: 0, handler: __TI_decompress_lzss
	index: 1, handler: __TI_decompress_none
	index: 2, handler: __TI_zero_init


GLOBAL SYMBOLS: SORTED ALPHABETICALLY BY Name 

address   name                                       
-------   ----                                       
00007128  ACCELEROMETER_BLACK_1BPP_UNCOMP            
00007138  ACCELEROMETER_BLUE_1BPP_UNCOMP             
00008509  ADC14_IRQHandler                           
00008509  ADC14_IRQHandler                           
0000c7a9  ADC14_clearInterruptFlag                   
0000afd1  ADC14_configureConversionMemory            
0000b085  ADC14_configureMultiSequenceMode           
0000cd25  ADC14_disableConversion                    
0000c945  ADC14_enableConversion                     
0000c7d9  ADC14_enableInterrupt                      
0000cda1  ADC14_enableModule                         
0000c6d9  ADC14_enableSampleTimer                    
0000c5fd  ADC14_getEnabledInterruptStatus            
0000c869  ADC14_getInterruptStatus                   
0000c96d  ADC14_getResult                            
0000c061  ADC14_initModule                           
0000c895  ADC14_toggleConversionTrigger              
0000cd9f  AES256_IRQHandler                          
0000cd9f  BusFault_Handler                           
0000cdfd  C$$EXIT                                    
0000c663  C$$IO$$                                    
0000cd9f  COMP_E0_IRQHandler                         
0000cd9f  COMP_E1_IRQHandler                         
20001c50  CPMwait                                    
0000cdad  CPU_cpsid                                  
0000cdb9  CPU_cpsie                                  
0000cded  CPU_wfi                                    
0000cd9f  CS_IRQHandler                              
20001c48  ClockFrequency                             
000099c9  Clock_Delay1ms                             
0000999f  Clock_Delay1us                             
0000998b  Clock_GetFreq                              
00009875  Clock_Init48MHz                            
00007c19  Crystalfontz128x128_Init                   
00007d2d  Crystalfontz128x128_SetDrawFrame           
00007e5b  Crystalfontz128x128_SetOrientation         
20001c5c  Crystalstable                              
0000cd9f  DMA_ERR_IRQHandler                         
0000cd9f  DMA_INT0_IRQHandler                        
0000cd9f  DMA_INT1_IRQHandler                        
0000cd9f  DMA_INT2_IRQHandler                        
0000cd9f  DMA_INT3_IRQHandler                        
0000cd9f  DebugMon_Handler                           
0000cd9f  Default_Handler                            
0000cd9f  EUSCIA0_IRQHandler                         
0000cd9f  EUSCIA1_IRQHandler                         
0000cd9f  EUSCIA2_IRQHandler                         
0000cd9f  EUSCIA3_IRQHandler                         
0000cd9f  EUSCIB0_IRQHandler                         
0000cd9f  EUSCIB1_IRQHandler                         
0000cd9f  EUSCIB2_IRQHandler                         
0000cd9f  EUSCIB3_IRQHandler                         
0000cc2d  EUSCI_A_SPI_enable                         
0000cc43  EUSCI_B_SPI_enable                         
0000cd9f  FLCTL_IRQHandler                           
0000cd9f  FPU_IRQHandler                             
0000c245  FlashCtl_setWaitState                      
0000c995  GPIO_clearInterruptFlag                    
0000c9bd  GPIO_enableInterrupt                       
0000b711  GPIO_getEnabledInterruptStatus             
0000cafd  GPIO_getInterruptStatus                    
0000bf01  GPIO_setAsInputPinWithPullUpResistor       
0000c4bd  GPIO_setAsOutputPin                        
0000b4f5  GPIO_setAsPeripheralModuleFunctionInputPin 
0000b57d  GPIO_setAsPeripheralModuleFunctionOutputPin
0000c9e5  GPIO_setOutputHighOnPin                    
0000ca0d  GPIO_setOutputLowOnPin                     
0000ca35  GPIO_toggleOutputOnPin                     
0000cd01  Graphics_clearDisplay                      
0000cb95  Graphics_clearDisplayOnDisplay             
0000c66d  Graphics_drawHorizontalLineOnDisplay       
00008c03  Graphics_drawImage                         
0000b29b  Graphics_drawLineH                         
0000c365  Graphics_drawMultiplePixelsOnDisplay       
0000c8c1  Graphics_drawPixelOnDisplay                
00008785  Graphics_drawString                        
0000c28d  Graphics_drawStringCentered                
0000ac49  Graphics_getStringWidth                    
0000c109  Graphics_initContext                       
0000cbaf  Graphics_setBackgroundColor                
0000cbc9  Graphics_setFont                           
0000cc59  Graphics_setForegroundColor                
0000cc6f  Graphics_translateColorOnDisplay           
0000af05  HAL_LCD_PortInit                           
0000af35  HAL_LCD_SpiInit                            
0000af6b  HAL_LCD_writeCommand                       
0000af9b  HAL_LCD_writeData                          
00007148  HELICOPTER_8BPP_UNCOMP                     
0000c3ad  HOSTclose                                  
0000babd  HOSTlseek                                  
0000bd89  HOSTopen                                   
0000bf59  HOSTread                                   
0000ba51  HOSTrename                                 
0000c3f1  HOSTunlink                                 
0000bfb1  HOSTwrite                                  
0000cd9f  HardFault_Handler                          
20001c58  IFlags                                     
0000cd45  Interrupt_disableMaster                    
0000b795  Interrupt_enableInterrupt                  
0000cd55  Interrupt_enableMaster                     
00007158  JOYSTICK_BLACK_1BPP_UNCOMP                 
00007168  JOYSTICK_BLUE_1BPP_UNCOMP                  
200022a2  Lcd_FlagRead                               
200022a3  Lcd_FontSolid                              
200022a4  Lcd_Orientation                            
200022a5  Lcd_PenSolid                               
2000229c  Lcd_ScreenHeigth                           
2000229e  Lcd_ScreenWidth                            
200022a0  Lcd_TouchTrim                              
00007178  MENU_1BPP_UNCOMP                           
0000cd9f  MemManage_Handler                          
0000cd9f  NMI_Handler                                
0000cd9f  PCM_IRQHandler                             
0000bde9  PCM_getCoreVoltageLevel                    
0000bea5  PCM_getPowerMode                           
0000ccb1  PCM_getPowerState                          
0000ca5d  PCM_gotoLPM0                               
0000cd65  PCM_setCoreVoltageLevel                    
0000cd75  PCM_setPowerMode                           
0000cd9f  PORT1_IRQHandler                           
0000cd9f  PORT2_IRQHandler                           
000086c5  PORT3_IRQHandler                           
000086c5  PORT3_IRQHandler                           
0000cd9f  PORT4_IRQHandler                           
00008709  PORT5_IRQHandler                           
00008709  PORT5_IRQHandler                           
0000cd9f  PORT6_IRQHandler                           
00007188  PROPELLERS1_8BPP_UNCOMP                    
00007198  PROPELLERS2_8BPP_UNCOMP                    
0000cd9f  PSS_IRQHandler                             
00009ddd  PWM_Init                                   
0000cd9f  PendSV_Handler                             
20001c54  Postwait                                   
20001c4c  Prewait                                    
0000cd9f  RTC_C_IRQHandler                           
0000cd93  Reset_Handler                              
0000cb41  SPI_enableModule                           
0000b1eb  SPI_initMaster                             
0000cd9f  SVC_Handler                                
0000cd9f  SysTick_Handler                            
00009e8d  SysTick_Init                               
20001cb0  SystemCoreClock                            
000092d1  SystemCoreClockUpdate                      
00009549  SystemInit                                 
0000cd9f  T32_INT1_IRQHandler                        
0000cd9f  T32_INT2_IRQHandler                        
0000cd9f  T32_INTC_IRQHandler                        
0000cd9f  TA0_0_IRQHandler                           
0000cd9f  TA0_N_IRQHandler                           
0000cd9f  TA1_0_IRQHandler                           
0000cd9f  TA1_N_IRQHandler                           
00008499  TA2_0_IRQHandler                           
00008499  TA2_0_IRQHandler                           
0000cd9f  TA2_N_IRQHandler                           
000084b7  TA3_0_IRQHandler                           
000084b7  TA3_0_IRQHandler                           
0000cd9f  TA3_N_IRQHandler                           
0000c8ed  Timer_A_clearCaptureCompareInterrupt       
0000bb25  Timer_A_configureUpMode                    
0000cc85  Timer_A_startCounter                       
0000ccc5  Timer_A_stopTimer                          
0000cd9f  UsageFault_Handler                         
4000480c  WDTCTL_SYM                                 
0000cd9f  WDT_A_IRQHandler                           
00009075  _PCM_Flash_Init                            
200020b4  __CIOBUF_                                  
20010000  __STACK_END                                
00000200  __STACK_SIZE                               
00000400  __SYSMEM_SIZE                              
0000d318  __TI_CINIT_Base                            
0000d328  __TI_CINIT_Limit                           
0000d304  __TI_Handler_Table_Base                    
0000d310  __TI_Handler_Table_Limit                   
0000c435  __TI_auto_init_nobinit_nopinit             
0000c70d  __TI_cleanup                               
20001c90  __TI_cleanup_ptr                           
0000b891  __TI_closefile                             
0000bb8d  __TI_decompress_lzss                       
0000cd85  __TI_decompress_none                       
0000c1ad  __TI_doflush                               
20001c94  __TI_dtors_ptr                             
20001c98  __TI_enable_exit_profile_output            
20001c70  __TI_ft_end                                
0000c0b5  __TI_ltoa                                  
ffffffff  __TI_pprof_out_hndl                        
000071c9  __TI_printfi                               
ffffffff  __TI_prof_data_size                        
ffffffff  __TI_prof_data_start                       
0000c741  __TI_readmsg                               
00000000  __TI_static_base__                         
200021d4  __TI_tmpnams                               
0000c635  __TI_writemsg                              
0000bd25  __TI_wrt_ok                                
0000cdc5  __TI_zero_init                             
0000b605  __aeabi_cdcmpeq                            
0000b605  __aeabi_cdcmple                            
0000b68b  __aeabi_cdrcmple                           
0000c31d  __aeabi_d2iz                               
00009c2f  __aeabi_dadd                               
0000a4c5  __aeabi_ddiv                               
0000ab4d  __aeabi_dmul                               
00009c25  __aeabi_dsub                               
0000cddd  __aeabi_errno_addr                         
0000c839  __aeabi_i2d                                
00008f93  __aeabi_idiv0                              
00008f93  __aeabi_ldiv0                              
0000b815  __aeabi_memclr                             
0000b815  __aeabi_memclr4                            
0000b815  __aeabi_memclr8                            
0000b337  __aeabi_memcpy                             
0000b337  __aeabi_memcpy4                            
0000b337  __aeabi_memcpy8                            
0000b817  __aeabi_memset                             
0000b817  __aeabi_memset4                            
0000b817  __aeabi_memset8                            
20001c7c  __aeabi_stderr                             
20001c74  __aeabi_stdin                              
20001c78  __aeabi_stdout                             
0000b3d3  __aeabi_uldivmod                           
ffffffff  __binit__                                  
ffffffff  __c_args__                                 
UNDEFED   __mpu_init                                 
2000fe00  __stack                                    
20000000  __start___llvm_prf_cnts                    
20000000  __stop___llvm_prf_cnts                     
00009135  _accelSensorInit                           
00009183  _adcInit                                   
000090c3  _buttonsInit                               
0000c775  _c_int00_noargs                            
00006cf7  _ctypes_                                   
20001b80  _device                                    
20001a90  _ftable                                    
000091ab  _graphicsInit                              
00008299  _hwInit                                    
00009f39  _initPWM                                   
000090f3  _joystickInit                              
0000908f  _ledInit                                   
20001c9c  _lock                                      
00008f95  _lowPowerInit                              
00007c17  _nop                                       
20001bf8  _stream                                    
200022a8  _sys_memory                                
UNDEFED   _system_post_cinit                         
0000cdf9  _system_pre_init                           
000090a3  _timersInit                                
20001ca0  _unlock                                    
0000cdfd  abort                                      
0000aa4d  aligned_alloc                              
0000c1f9  atoi                                       
ffffffff  binit                                      
20000000  bk_matrix                                  
200002a8  bk_matrix_p                                
000083cb  callModality                               
0000be49  close                                      
0000cbe3  copysign                                   
0000cbe3  copysignl                                  
20001c80  curr_val                                   
20001c8c  currentSelection                           
00009991  delay                                      
00009e7f  disablePWM                                 
000083d9  drawSelection                              
00009e71  enablePWM                                  
20001cac  errno                                      
0000c2d5  exit                                       
000082e1  findCommand                                
0000c809  finddevice                                 
20001c84  forw_backw                                 
0000b469  fputc                                      
0000a721  fputs                                      
0000ad45  free                                       
0000bc5d  frexp                                      
0000bc5d  frexpl                                     
0000bcc1  fseek                                      
20000550  fw_matrix                                  
200007f8  fw_matrix_p                                
20002274  g_sContext                                 
20001c60  g_sCrystalfontz128x128                     
0000709c  g_sCrystalfontz128x128_funcs               
00006df8  g_sFontFixed6x8                            
0000c479  getdevice                                  
00000000  interruptVectors                           
0000a835  ldexp                                      
0000a835  ldexpl                                     
20000aa0  left_matrix                                
20000d48  left_matrix_p                              
0000caad  lseek                                      
000082cd  main                                       
0000cde5  malloc                                     
00009e9d  mark                                       
0000aa4d  memalign                                   
0000cb79  memccpy                                    
0000cb21  memchr                                     
0000b337  memcpy                                     
0000b81d  memset                                     
20002290  parmbuf                                    
0000bbf5  printf                                     
0000b469  putc                                       
0000c919  remove                                     
20001c88  right_left                                 
20000ff0  right_matrix                               
20001298  right_matrix_p                             
0000a835  scalbn                                     
0000a835  scalbnl                                    
00009ef7  sendCommand                                
0000ae29  setvbuf                                    
00009ecd  space                                      
0000c57d  sprintf                                    
0000cc9b  strchr                                     
0000cc15  strcmp                                     
0000ccd9  strcpy                                     
0000cced  strlen                                     
0000c6a3  strncpy                                    
00008441  test1                                      
0000c919  unlink                                     
000070f8  upConfigTimerA2                            
00007110  upConfigTimerA3                            
20001540  up_matrix                                  
200017e8  up_matrix_p                                
0000cd13  wcslen                                     
0000cad5  write                                      
20002298  y_value                                    


GLOBAL SYMBOLS: SORTED BY Symbol Address 

address   name                                       
-------   ----                                       
00000000  __TI_static_base__                         
00000000  interruptVectors                           
00000200  __STACK_SIZE                               
00000400  __SYSMEM_SIZE                              
00006cf7  _ctypes_                                   
00006df8  g_sFontFixed6x8                            
0000709c  g_sCrystalfontz128x128_funcs               
000070f8  upConfigTimerA2                            
00007110  upConfigTimerA3                            
00007128  ACCELEROMETER_BLACK_1BPP_UNCOMP            
00007138  ACCELEROMETER_BLUE_1BPP_UNCOMP             
00007148  HELICOPTER_8BPP_UNCOMP                     
00007158  JOYSTICK_BLACK_1BPP_UNCOMP                 
00007168  JOYSTICK_BLUE_1BPP_UNCOMP                  
00007178  MENU_1BPP_UNCOMP                           
00007188  PROPELLERS1_8BPP_UNCOMP                    
00007198  PROPELLERS2_8BPP_UNCOMP                    
000071c9  __TI_printfi                               
00007c17  _nop                                       
00007c19  Crystalfontz128x128_Init                   
00007d2d  Crystalfontz128x128_SetDrawFrame           
00007e5b  Crystalfontz128x128_SetOrientation         
00008299  _hwInit                                    
000082cd  main                                       
000082e1  findCommand                                
000083cb  callModality                               
000083d9  drawSelection                              
00008441  test1                                      
00008499  TA2_0_IRQHandler                           
00008499  TA2_0_IRQHandler                           
000084b7  TA3_0_IRQHandler                           
000084b7  TA3_0_IRQHandler                           
00008509  ADC14_IRQHandler                           
00008509  ADC14_IRQHandler                           
000086c5  PORT3_IRQHandler                           
000086c5  PORT3_IRQHandler                           
00008709  PORT5_IRQHandler                           
00008709  PORT5_IRQHandler                           
00008785  Graphics_drawString                        
00008c03  Graphics_drawImage                         
00008f93  __aeabi_idiv0                              
00008f93  __aeabi_ldiv0                              
00008f95  _lowPowerInit                              
00009075  _PCM_Flash_Init                            
0000908f  _ledInit                                   
000090a3  _timersInit                                
000090c3  _buttonsInit                               
000090f3  _joystickInit                              
00009135  _accelSensorInit                           
00009183  _adcInit                                   
000091ab  _graphicsInit                              
000092d1  SystemCoreClockUpdate                      
00009549  SystemInit                                 
00009875  Clock_Init48MHz                            
0000998b  Clock_GetFreq                              
00009991  delay                                      
0000999f  Clock_Delay1us                             
000099c9  Clock_Delay1ms                             
00009c25  __aeabi_dsub                               
00009c2f  __aeabi_dadd                               
00009ddd  PWM_Init                                   
00009e71  enablePWM                                  
00009e7f  disablePWM                                 
00009e8d  SysTick_Init                               
00009e9d  mark                                       
00009ecd  space                                      
00009ef7  sendCommand                                
00009f39  _initPWM                                   
0000a4c5  __aeabi_ddiv                               
0000a721  fputs                                      
0000a835  ldexp                                      
0000a835  ldexpl                                     
0000a835  scalbn                                     
0000a835  scalbnl                                    
0000aa4d  aligned_alloc                              
0000aa4d  memalign                                   
0000ab4d  __aeabi_dmul                               
0000ac49  Graphics_getStringWidth                    
0000ad45  free                                       
0000ae29  setvbuf                                    
0000af05  HAL_LCD_PortInit                           
0000af35  HAL_LCD_SpiInit                            
0000af6b  HAL_LCD_writeCommand                       
0000af9b  HAL_LCD_writeData                          
0000afd1  ADC14_configureConversionMemory            
0000b085  ADC14_configureMultiSequenceMode           
0000b1eb  SPI_initMaster                             
0000b29b  Graphics_drawLineH                         
0000b337  __aeabi_memcpy                             
0000b337  __aeabi_memcpy4                            
0000b337  __aeabi_memcpy8                            
0000b337  memcpy                                     
0000b3d3  __aeabi_uldivmod                           
0000b469  fputc                                      
0000b469  putc                                       
0000b4f5  GPIO_setAsPeripheralModuleFunctionInputPin 
0000b57d  GPIO_setAsPeripheralModuleFunctionOutputPin
0000b605  __aeabi_cdcmpeq                            
0000b605  __aeabi_cdcmple                            
0000b68b  __aeabi_cdrcmple                           
0000b711  GPIO_getEnabledInterruptStatus             
0000b795  Interrupt_enableInterrupt                  
0000b815  __aeabi_memclr                             
0000b815  __aeabi_memclr4                            
0000b815  __aeabi_memclr8                            
0000b817  __aeabi_memset                             
0000b817  __aeabi_memset4                            
0000b817  __aeabi_memset8                            
0000b81d  memset                                     
0000b891  __TI_closefile                             
0000ba51  HOSTrename                                 
0000babd  HOSTlseek                                  
0000bb25  Timer_A_configureUpMode                    
0000bb8d  __TI_decompress_lzss                       
0000bbf5  printf                                     
0000bc5d  frexp                                      
0000bc5d  frexpl                                     
0000bcc1  fseek                                      
0000bd25  __TI_wrt_ok                                
0000bd89  HOSTopen                                   
0000bde9  PCM_getCoreVoltageLevel                    
0000be49  close                                      
0000bea5  PCM_getPowerMode                           
0000bf01  GPIO_setAsInputPinWithPullUpResistor       
0000bf59  HOSTread                                   
0000bfb1  HOSTwrite                                  
0000c061  ADC14_initModule                           
0000c0b5  __TI_ltoa                                  
0000c109  Graphics_initContext                       
0000c1ad  __TI_doflush                               
0000c1f9  atoi                                       
0000c245  FlashCtl_setWaitState                      
0000c28d  Graphics_drawStringCentered                
0000c2d5  exit                                       
0000c31d  __aeabi_d2iz                               
0000c365  Graphics_drawMultiplePixelsOnDisplay       
0000c3ad  HOSTclose                                  
0000c3f1  HOSTunlink                                 
0000c435  __TI_auto_init_nobinit_nopinit             
0000c479  getdevice                                  
0000c4bd  GPIO_setAsOutputPin                        
0000c57d  sprintf                                    
0000c5fd  ADC14_getEnabledInterruptStatus            
0000c635  __TI_writemsg                              
0000c663  C$$IO$$                                    
0000c66d  Graphics_drawHorizontalLineOnDisplay       
0000c6a3  strncpy                                    
0000c6d9  ADC14_enableSampleTimer                    
0000c70d  __TI_cleanup                               
0000c741  __TI_readmsg                               
0000c775  _c_int00_noargs                            
0000c7a9  ADC14_clearInterruptFlag                   
0000c7d9  ADC14_enableInterrupt                      
0000c809  finddevice                                 
0000c839  __aeabi_i2d                                
0000c869  ADC14_getInterruptStatus                   
0000c895  ADC14_toggleConversionTrigger              
0000c8c1  Graphics_drawPixelOnDisplay                
0000c8ed  Timer_A_clearCaptureCompareInterrupt       
0000c919  remove                                     
0000c919  unlink                                     
0000c945  ADC14_enableConversion                     
0000c96d  ADC14_getResult                            
0000c995  GPIO_clearInterruptFlag                    
0000c9bd  GPIO_enableInterrupt                       
0000c9e5  GPIO_setOutputHighOnPin                    
0000ca0d  GPIO_setOutputLowOnPin                     
0000ca35  GPIO_toggleOutputOnPin                     
0000ca5d  PCM_gotoLPM0                               
0000caad  lseek                                      
0000cad5  write                                      
0000cafd  GPIO_getInterruptStatus                    
0000cb21  memchr                                     
0000cb41  SPI_enableModule                           
0000cb79  memccpy                                    
0000cb95  Graphics_clearDisplayOnDisplay             
0000cbaf  Graphics_setBackgroundColor                
0000cbc9  Graphics_setFont                           
0000cbe3  copysign                                   
0000cbe3  copysignl                                  
0000cc15  strcmp                                     
0000cc2d  EUSCI_A_SPI_enable                         
0000cc43  EUSCI_B_SPI_enable                         
0000cc59  Graphics_setForegroundColor                
0000cc6f  Graphics_translateColorOnDisplay           
0000cc85  Timer_A_startCounter                       
0000cc9b  strchr                                     
0000ccb1  PCM_getPowerState                          
0000ccc5  Timer_A_stopTimer                          
0000ccd9  strcpy                                     
0000cced  strlen                                     
0000cd01  Graphics_clearDisplay                      
0000cd13  wcslen                                     
0000cd25  ADC14_disableConversion                    
0000cd45  Interrupt_disableMaster                    
0000cd55  Interrupt_enableMaster                     
0000cd65  PCM_setCoreVoltageLevel                    
0000cd75  PCM_setPowerMode                           
0000cd85  __TI_decompress_none                       
0000cd93  Reset_Handler                              
0000cd9f  AES256_IRQHandler                          
0000cd9f  BusFault_Handler                           
0000cd9f  COMP_E0_IRQHandler                         
0000cd9f  COMP_E1_IRQHandler                         
0000cd9f  CS_IRQHandler                              
0000cd9f  DMA_ERR_IRQHandler                         
0000cd9f  DMA_INT0_IRQHandler                        
0000cd9f  DMA_INT1_IRQHandler                        
0000cd9f  DMA_INT2_IRQHandler                        
0000cd9f  DMA_INT3_IRQHandler                        
0000cd9f  DebugMon_Handler                           
0000cd9f  Default_Handler                            
0000cd9f  EUSCIA0_IRQHandler                         
0000cd9f  EUSCIA1_IRQHandler                         
0000cd9f  EUSCIA2_IRQHandler                         
0000cd9f  EUSCIA3_IRQHandler                         
0000cd9f  EUSCIB0_IRQHandler                         
0000cd9f  EUSCIB1_IRQHandler                         
0000cd9f  EUSCIB2_IRQHandler                         
0000cd9f  EUSCIB3_IRQHandler                         
0000cd9f  FLCTL_IRQHandler                           
0000cd9f  FPU_IRQHandler                             
0000cd9f  HardFault_Handler                          
0000cd9f  MemManage_Handler                          
0000cd9f  NMI_Handler                                
0000cd9f  PCM_IRQHandler                             
0000cd9f  PORT1_IRQHandler                           
0000cd9f  PORT2_IRQHandler                           
0000cd9f  PORT4_IRQHandler                           
0000cd9f  PORT6_IRQHandler                           
0000cd9f  PSS_IRQHandler                             
0000cd9f  PendSV_Handler                             
0000cd9f  RTC_C_IRQHandler                           
0000cd9f  SVC_Handler                                
0000cd9f  SysTick_Handler                            
0000cd9f  T32_INT1_IRQHandler                        
0000cd9f  T32_INT2_IRQHandler                        
0000cd9f  T32_INTC_IRQHandler                        
0000cd9f  TA0_0_IRQHandler                           
0000cd9f  TA0_N_IRQHandler                           
0000cd9f  TA1_0_IRQHandler                           
0000cd9f  TA1_N_IRQHandler                           
0000cd9f  TA2_N_IRQHandler                           
0000cd9f  TA3_N_IRQHandler                           
0000cd9f  UsageFault_Handler                         
0000cd9f  WDT_A_IRQHandler                           
0000cda1  ADC14_enableModule                         
0000cdad  CPU_cpsid                                  
0000cdb9  CPU_cpsie                                  
0000cdc5  __TI_zero_init                             
0000cddd  __aeabi_errno_addr                         
0000cde5  malloc                                     
0000cded  CPU_wfi                                    
0000cdf9  _system_pre_init                           
0000cdfd  C$$EXIT                                    
0000cdfd  abort                                      
0000d304  __TI_Handler_Table_Base                    
0000d310  __TI_Handler_Table_Limit                   
0000d318  __TI_CINIT_Base                            
0000d328  __TI_CINIT_Limit                           
20000000  __start___llvm_prf_cnts                    
20000000  __stop___llvm_prf_cnts                     
20000000  bk_matrix                                  
200002a8  bk_matrix_p                                
20000550  fw_matrix                                  
200007f8  fw_matrix_p                                
20000aa0  left_matrix                                
20000d48  left_matrix_p                              
20000ff0  right_matrix                               
20001298  right_matrix_p                             
20001540  up_matrix                                  
200017e8  up_matrix_p                                
20001a90  _ftable                                    
20001b80  _device                                    
20001bf8  _stream                                    
20001c48  ClockFrequency                             
20001c4c  Prewait                                    
20001c50  CPMwait                                    
20001c54  Postwait                                   
20001c58  IFlags                                     
20001c5c  Crystalstable                              
20001c60  g_sCrystalfontz128x128                     
20001c70  __TI_ft_end                                
20001c74  __aeabi_stdin                              
20001c78  __aeabi_stdout                             
20001c7c  __aeabi_stderr                             
20001c80  curr_val                                   
20001c84  forw_backw                                 
20001c88  right_left                                 
20001c8c  currentSelection                           
20001c90  __TI_cleanup_ptr                           
20001c94  __TI_dtors_ptr                             
20001c98  __TI_enable_exit_profile_output            
20001c9c  _lock                                      
20001ca0  _unlock                                    
20001cac  errno                                      
20001cb0  SystemCoreClock                            
200020b4  __CIOBUF_                                  
200021d4  __TI_tmpnams                               
20002274  g_sContext                                 
20002290  parmbuf                                    
20002298  y_value                                    
2000229c  Lcd_ScreenHeigth                           
2000229e  Lcd_ScreenWidth                            
200022a0  Lcd_TouchTrim                              
200022a2  Lcd_FlagRead                               
200022a3  Lcd_FontSolid                              
200022a4  Lcd_Orientation                            
200022a5  Lcd_PenSolid                               
200022a8  _sys_memory                                
2000fe00  __stack                                    
20010000  __STACK_END                                
4000480c  WDTCTL_SYM                                 
ffffffff  __TI_pprof_out_hndl                        
ffffffff  __TI_prof_data_size                        
ffffffff  __TI_prof_data_start                       
ffffffff  __binit__                                  
ffffffff  __c_args__                                 
ffffffff  binit                                      
UNDEFED   __mpu_init                                 
UNDEFED   _system_post_cinit                         

[321 symbols]
