<?xml version="1.0" encoding="ISO-8859-1" ?>
<link_info>
   <banner>TI ARM Linker Unix v20.2.7.LTS</banner>
   <copyright>Copyright (c) 1996-2018 Texas Instruments Incorporated</copyright>
   <link_time>0x6398985d</link_time>
   <link_errors>0x0</link_errors>
   <output_file>MSP432_Project.out</output_file>
   <entry_point>
      <name>_c_int00_noargs</name>
      <address>0xc775</address>
   </entry_point>
   <input_file_list>
      <input_file id="fl-2">
         <path>./</path>
         <kind>object</kind>
         <file>Clock.obj</file>
         <name>Clock.obj</name>
      </input_file>
      <input_file id="fl-3">
         <path>./</path>
         <kind>object</kind>
         <file>CommandMatrices.obj</file>
         <name>CommandMatrices.obj</name>
      </input_file>
      <input_file id="fl-4">
         <path>./</path>
         <kind>object</kind>
         <file>HardwareInit.obj</file>
         <name>HardwareInit.obj</name>
      </input_file>
      <input_file id="fl-5">
         <path>./</path>
         <kind>object</kind>
         <file>SendCodes_main.obj</file>
         <name>SendCodes_main.obj</name>
      </input_file>
      <input_file id="fl-6">
         <path>./</path>
         <kind>object</kind>
         <file>accelerometer.obj</file>
         <name>accelerometer.obj</name>
      </input_file>
      <input_file id="fl-7">
         <path>./</path>
         <kind>object</kind>
         <file>main.obj</file>
         <name>main.obj</name>
      </input_file>
      <input_file id="fl-8">
         <path>./</path>
         <kind>object</kind>
         <file>startup_msp432p401r_ccs.obj</file>
         <name>startup_msp432p401r_ccs.obj</name>
      </input_file>
      <input_file id="fl-9">
         <path>./</path>
         <kind>object</kind>
         <file>system_msp432p401r.obj</file>
         <name>system_msp432p401r.obj</name>
      </input_file>
      <input_file id="fl-a">
         <path>./LcdDriver/</path>
         <kind>object</kind>
         <file>Crystalfontz128x128_ST7735.obj</file>
         <name>Crystalfontz128x128_ST7735.obj</name>
      </input_file>
      <input_file id="fl-b">
         <path>./LcdDriver/</path>
         <kind>object</kind>
         <file>HAL_MSP_EXP432P401R_Crystalfontz128x128_ST7735.obj</file>
         <name>HAL_MSP_EXP432P401R_Crystalfontz128x128_ST7735.obj</name>
      </input_file>
      <input_file id="fl-11">
         <kind>object</kind>
         <file>&lt;internal&gt;</file>
         <name>&lt;internal&gt;</name>
      </input_file>
      <input_file id="fl-12">
         <path>/Users/matteobeltrami/Desktop/Uni/embedded software for the IoT/include in projects/</path>
         <kind>archive</kind>
         <file>msp432p4xx_driverlib.lib</file>
         <name>adc14.o</name>
      </input_file>
      <input_file id="fl-13">
         <path>/Users/matteobeltrami/Desktop/Uni/embedded software for the IoT/include in projects/</path>
         <kind>archive</kind>
         <file>msp432p4xx_driverlib.lib</file>
         <name>flash.o</name>
      </input_file>
      <input_file id="fl-14">
         <path>/Users/matteobeltrami/Desktop/Uni/embedded software for the IoT/include in projects/</path>
         <kind>archive</kind>
         <file>msp432p4xx_driverlib.lib</file>
         <name>gpio.o</name>
      </input_file>
      <input_file id="fl-15">
         <path>/Users/matteobeltrami/Desktop/Uni/embedded software for the IoT/include in projects/</path>
         <kind>archive</kind>
         <file>msp432p4xx_driverlib.lib</file>
         <name>interrupt.o</name>
      </input_file>
      <input_file id="fl-16">
         <path>/Users/matteobeltrami/Desktop/Uni/embedded software for the IoT/include in projects/</path>
         <kind>archive</kind>
         <file>msp432p4xx_driverlib.lib</file>
         <name>pcm.o</name>
      </input_file>
      <input_file id="fl-17">
         <path>/Users/matteobeltrami/Desktop/Uni/embedded software for the IoT/include in projects/</path>
         <kind>archive</kind>
         <file>msp432p4xx_driverlib.lib</file>
         <name>rtc_c.o</name>
      </input_file>
      <input_file id="fl-18">
         <path>/Users/matteobeltrami/Desktop/Uni/embedded software for the IoT/include in projects/</path>
         <kind>archive</kind>
         <file>msp432p4xx_driverlib.lib</file>
         <name>spi.o</name>
      </input_file>
      <input_file id="fl-19">
         <path>/Users/matteobeltrami/Desktop/Uni/embedded software for the IoT/include in projects/</path>
         <kind>archive</kind>
         <file>msp432p4xx_driverlib.lib</file>
         <name>sysctl.o</name>
      </input_file>
      <input_file id="fl-1a">
         <path>/Users/matteobeltrami/Desktop/Uni/embedded software for the IoT/include in projects/</path>
         <kind>archive</kind>
         <file>msp432p4xx_driverlib.lib</file>
         <name>timer_a.o</name>
      </input_file>
      <input_file id="fl-1b">
         <path>/Users/matteobeltrami/Desktop/Uni/embedded software for the IoT/include in projects/</path>
         <kind>archive</kind>
         <file>msp432p4xx_driverlib.lib</file>
         <name>wdt_a.o</name>
      </input_file>
      <input_file id="fl-1c">
         <path>/Users/matteobeltrami/Desktop/Uni/embedded software for the IoT/include in projects/</path>
         <kind>archive</kind>
         <file>msp432p4xx_driverlib.lib</file>
         <name>cpu.o</name>
      </input_file>
      <input_file id="fl-1d">
         <path>/Users/matteobeltrami/Desktop/Uni/embedded software for the IoT/include in projects/</path>
         <kind>archive</kind>
         <file>msp432p4xx_driverlib.lib</file>
         <name>sysctl_a.o</name>
      </input_file>
      <input_file id="fl-1e">
         <path>/Users/matteobeltrami/Desktop/Uni/embedded software for the IoT/include in projects/</path>
         <kind>archive</kind>
         <file>grlib.a</file>
         <name>context.obj</name>
      </input_file>
      <input_file id="fl-1f">
         <path>/Users/matteobeltrami/Desktop/Uni/embedded software for the IoT/include in projects/</path>
         <kind>archive</kind>
         <file>grlib.a</file>
         <name>display.obj</name>
      </input_file>
      <input_file id="fl-20">
         <path>/Users/matteobeltrami/Desktop/Uni/embedded software for the IoT/include in projects/</path>
         <kind>archive</kind>
         <file>grlib.a</file>
         <name>fontfixed6x8.obj</name>
      </input_file>
      <input_file id="fl-21">
         <path>/Users/matteobeltrami/Desktop/Uni/embedded software for the IoT/include in projects/</path>
         <kind>archive</kind>
         <file>grlib.a</file>
         <name>image.obj</name>
      </input_file>
      <input_file id="fl-22">
         <path>/Users/matteobeltrami/Desktop/Uni/embedded software for the IoT/include in projects/</path>
         <kind>archive</kind>
         <file>grlib.a</file>
         <name>string.obj</name>
      </input_file>
      <input_file id="fl-23">
         <path>/Users/matteobeltrami/Desktop/Uni/embedded software for the IoT/include in projects/</path>
         <kind>archive</kind>
         <file>grlib.a</file>
         <name>line.obj</name>
      </input_file>
      <input_file id="fl-d9">
         <path>/Applications/ti/ccs1210/ccs/tools/compiler/ti-cgt-arm_20.2.7.LTS/lib/</path>
         <kind>archive</kind>
         <file>rtsv7M4_T_le_v4SPD16_eabi.lib</file>
         <name>printf.c.obj</name>
      </input_file>
      <input_file id="fl-da">
         <path>/Applications/ti/ccs1210/ccs/tools/compiler/ti-cgt-arm_20.2.7.LTS/lib/</path>
         <kind>archive</kind>
         <file>rtsv7M4_T_le_v4SPD16_eabi.lib</file>
         <name>_printfi.c.obj</name>
      </input_file>
      <input_file id="fl-db">
         <path>/Applications/ti/ccs1210/ccs/tools/compiler/ti-cgt-arm_20.2.7.LTS/lib/</path>
         <kind>archive</kind>
         <file>rtsv7M4_T_le_v4SPD16_eabi.lib</file>
         <name>sprintf.c.obj</name>
      </input_file>
      <input_file id="fl-dc">
         <path>/Applications/ti/ccs1210/ccs/tools/compiler/ti-cgt-arm_20.2.7.LTS/lib/</path>
         <kind>archive</kind>
         <file>rtsv7M4_T_le_v4SPD16_eabi.lib</file>
         <name>fputc.c.obj</name>
      </input_file>
      <input_file id="fl-dd">
         <path>/Applications/ti/ccs1210/ccs/tools/compiler/ti-cgt-arm_20.2.7.LTS/lib/</path>
         <kind>archive</kind>
         <file>rtsv7M4_T_le_v4SPD16_eabi.lib</file>
         <name>fputs.c.obj</name>
      </input_file>
      <input_file id="fl-de">
         <path>/Applications/ti/ccs1210/ccs/tools/compiler/ti-cgt-arm_20.2.7.LTS/lib/</path>
         <kind>archive</kind>
         <file>rtsv7M4_T_le_v4SPD16_eabi.lib</file>
         <name>_io_perm.c.obj</name>
      </input_file>
      <input_file id="fl-df">
         <path>/Applications/ti/ccs1210/ccs/tools/compiler/ti-cgt-arm_20.2.7.LTS/lib/</path>
         <kind>archive</kind>
         <file>rtsv7M4_T_le_v4SPD16_eabi.lib</file>
         <name>setvbuf.c.obj</name>
      </input_file>
      <input_file id="fl-e0">
         <path>/Applications/ti/ccs1210/ccs/tools/compiler/ti-cgt-arm_20.2.7.LTS/lib/</path>
         <kind>archive</kind>
         <file>rtsv7M4_T_le_v4SPD16_eabi.lib</file>
         <name>fd_add_t2.asm.obj</name>
      </input_file>
      <input_file id="fl-e1">
         <path>/Applications/ti/ccs1210/ccs/tools/compiler/ti-cgt-arm_20.2.7.LTS/lib/</path>
         <kind>archive</kind>
         <file>rtsv7M4_T_le_v4SPD16_eabi.lib</file>
         <name>fd_cmp_t2.asm.obj</name>
      </input_file>
      <input_file id="fl-e2">
         <path>/Applications/ti/ccs1210/ccs/tools/compiler/ti-cgt-arm_20.2.7.LTS/lib/</path>
         <kind>archive</kind>
         <file>rtsv7M4_T_le_v4SPD16_eabi.lib</file>
         <name>fd_div_t2.asm.obj</name>
      </input_file>
      <input_file id="fl-e3">
         <path>/Applications/ti/ccs1210/ccs/tools/compiler/ti-cgt-arm_20.2.7.LTS/lib/</path>
         <kind>archive</kind>
         <file>rtsv7M4_T_le_v4SPD16_eabi.lib</file>
         <name>fd_mul_t2.asm.obj</name>
      </input_file>
      <input_file id="fl-e4">
         <path>/Applications/ti/ccs1210/ccs/tools/compiler/ti-cgt-arm_20.2.7.LTS/lib/</path>
         <kind>archive</kind>
         <file>rtsv7M4_T_le_v4SPD16_eabi.lib</file>
         <name>fd_toi_t2.asm.obj</name>
      </input_file>
      <input_file id="fl-e5">
         <path>/Applications/ti/ccs1210/ccs/tools/compiler/ti-cgt-arm_20.2.7.LTS/lib/</path>
         <kind>archive</kind>
         <file>rtsv7M4_T_le_v4SPD16_eabi.lib</file>
         <name>i_tofd_t2.asm.obj</name>
      </input_file>
      <input_file id="fl-e6">
         <path>/Applications/ti/ccs1210/ccs/tools/compiler/ti-cgt-arm_20.2.7.LTS/lib/</path>
         <kind>archive</kind>
         <file>rtsv7M4_T_le_v4SPD16_eabi.lib</file>
         <name>memcpy_t2.asm.obj</name>
      </input_file>
      <input_file id="fl-e7">
         <path>/Applications/ti/ccs1210/ccs/tools/compiler/ti-cgt-arm_20.2.7.LTS/lib/</path>
         <kind>archive</kind>
         <file>rtsv7M4_T_le_v4SPD16_eabi.lib</file>
         <name>memset_t2.asm.obj</name>
      </input_file>
      <input_file id="fl-e8">
         <path>/Applications/ti/ccs1210/ccs/tools/compiler/ti-cgt-arm_20.2.7.LTS/lib/</path>
         <kind>archive</kind>
         <file>rtsv7M4_T_le_v4SPD16_eabi.lib</file>
         <name>ull_div_t2.asm.obj</name>
      </input_file>
      <input_file id="fl-e9">
         <path>/Applications/ti/ccs1210/ccs/tools/compiler/ti-cgt-arm_20.2.7.LTS/lib/</path>
         <kind>archive</kind>
         <file>rtsv7M4_T_le_v4SPD16_eabi.lib</file>
         <name>copy_zero_init.c.obj</name>
      </input_file>
      <input_file id="fl-ea">
         <path>/Applications/ti/ccs1210/ccs/tools/compiler/ti-cgt-arm_20.2.7.LTS/lib/</path>
         <kind>archive</kind>
         <file>rtsv7M4_T_le_v4SPD16_eabi.lib</file>
         <name>copy_decompress_none.c.obj</name>
      </input_file>
      <input_file id="fl-eb">
         <path>/Applications/ti/ccs1210/ccs/tools/compiler/ti-cgt-arm_20.2.7.LTS/lib/</path>
         <kind>archive</kind>
         <file>rtsv7M4_T_le_v4SPD16_eabi.lib</file>
         <name>copy_decompress_lzss.c.obj</name>
      </input_file>
      <input_file id="fl-ec">
         <path>/Applications/ti/ccs1210/ccs/tools/compiler/ti-cgt-arm_20.2.7.LTS/lib/</path>
         <kind>archive</kind>
         <file>rtsv7M4_T_le_v4SPD16_eabi.lib</file>
         <name>exit.c.obj</name>
      </input_file>
      <input_file id="fl-ed">
         <path>/Applications/ti/ccs1210/ccs/tools/compiler/ti-cgt-arm_20.2.7.LTS/lib/</path>
         <kind>archive</kind>
         <file>rtsv7M4_T_le_v4SPD16_eabi.lib</file>
         <name>_lock.c.obj</name>
      </input_file>
      <input_file id="fl-ee">
         <path>/Applications/ti/ccs1210/ccs/tools/compiler/ti-cgt-arm_20.2.7.LTS/lib/</path>
         <kind>archive</kind>
         <file>rtsv7M4_T_le_v4SPD16_eabi.lib</file>
         <name>_ltoa.c.obj</name>
      </input_file>
      <input_file id="fl-ef">
         <path>/Applications/ti/ccs1210/ccs/tools/compiler/ti-cgt-arm_20.2.7.LTS/lib/</path>
         <kind>archive</kind>
         <file>rtsv7M4_T_le_v4SPD16_eabi.lib</file>
         <name>atoi.c.obj</name>
      </input_file>
      <input_file id="fl-f0">
         <path>/Applications/ti/ccs1210/ccs/tools/compiler/ti-cgt-arm_20.2.7.LTS/lib/</path>
         <kind>archive</kind>
         <file>rtsv7M4_T_le_v4SPD16_eabi.lib</file>
         <name>ctype.c.obj</name>
      </input_file>
      <input_file id="fl-f1">
         <path>/Applications/ti/ccs1210/ccs/tools/compiler/ti-cgt-arm_20.2.7.LTS/lib/</path>
         <kind>archive</kind>
         <file>rtsv7M4_T_le_v4SPD16_eabi.lib</file>
         <name>defs.c.obj</name>
      </input_file>
      <input_file id="fl-f2">
         <path>/Applications/ti/ccs1210/ccs/tools/compiler/ti-cgt-arm_20.2.7.LTS/lib/</path>
         <kind>archive</kind>
         <file>rtsv7M4_T_le_v4SPD16_eabi.lib</file>
         <name>memccpy.c.obj</name>
      </input_file>
      <input_file id="fl-f3">
         <path>/Applications/ti/ccs1210/ccs/tools/compiler/ti-cgt-arm_20.2.7.LTS/lib/</path>
         <kind>archive</kind>
         <file>rtsv7M4_T_le_v4SPD16_eabi.lib</file>
         <name>memchr.c.obj</name>
      </input_file>
      <input_file id="fl-f4">
         <path>/Applications/ti/ccs1210/ccs/tools/compiler/ti-cgt-arm_20.2.7.LTS/lib/</path>
         <kind>archive</kind>
         <file>rtsv7M4_T_le_v4SPD16_eabi.lib</file>
         <name>memory.c.obj</name>
      </input_file>
      <input_file id="fl-f5">
         <path>/Applications/ti/ccs1210/ccs/tools/compiler/ti-cgt-arm_20.2.7.LTS/lib/</path>
         <kind>archive</kind>
         <file>rtsv7M4_T_le_v4SPD16_eabi.lib</file>
         <name>strchr.c.obj</name>
      </input_file>
      <input_file id="fl-f6">
         <path>/Applications/ti/ccs1210/ccs/tools/compiler/ti-cgt-arm_20.2.7.LTS/lib/</path>
         <kind>archive</kind>
         <file>rtsv7M4_T_le_v4SPD16_eabi.lib</file>
         <name>strlen.c.obj</name>
      </input_file>
      <input_file id="fl-f7">
         <path>/Applications/ti/ccs1210/ccs/tools/compiler/ti-cgt-arm_20.2.7.LTS/lib/</path>
         <kind>archive</kind>
         <file>rtsv7M4_T_le_v4SPD16_eabi.lib</file>
         <name>boot_cortex_m.c.obj</name>
      </input_file>
      <input_file id="fl-f8">
         <path>/Applications/ti/ccs1210/ccs/tools/compiler/ti-cgt-arm_20.2.7.LTS/lib/</path>
         <kind>archive</kind>
         <file>rtsv7M4_T_le_v4SPD16_eabi.lib</file>
         <name>write.c.obj</name>
      </input_file>
      <input_file id="fl-f9">
         <path>/Applications/ti/ccs1210/ccs/tools/compiler/ti-cgt-arm_20.2.7.LTS/lib/</path>
         <kind>archive</kind>
         <file>rtsv7M4_T_le_v4SPD16_eabi.lib</file>
         <name>host_device.c.obj</name>
      </input_file>
      <input_file id="fl-fa">
         <path>/Applications/ti/ccs1210/ccs/tools/compiler/ti-cgt-arm_20.2.7.LTS/lib/</path>
         <kind>archive</kind>
         <file>rtsv7M4_T_le_v4SPD16_eabi.lib</file>
         <name>errno.c.obj</name>
      </input_file>
      <input_file id="fl-fb">
         <path>/Applications/ti/ccs1210/ccs/tools/compiler/ti-cgt-arm_20.2.7.LTS/lib/</path>
         <kind>archive</kind>
         <file>rtsv7M4_T_le_v4SPD16_eabi.lib</file>
         <name>wcslen.c.obj</name>
      </input_file>
      <input_file id="fl-fc">
         <path>/Applications/ti/ccs1210/ccs/tools/compiler/ti-cgt-arm_20.2.7.LTS/lib/</path>
         <kind>archive</kind>
         <file>rtsv7M4_T_le_v4SPD16_eabi.lib</file>
         <name>s_frexp.c.obj</name>
      </input_file>
      <input_file id="fl-fd">
         <path>/Applications/ti/ccs1210/ccs/tools/compiler/ti-cgt-arm_20.2.7.LTS/lib/</path>
         <kind>archive</kind>
         <file>rtsv7M4_T_le_v4SPD16_eabi.lib</file>
         <name>s_scalbn.c.obj</name>
      </input_file>
      <input_file id="fl-fe">
         <path>/Applications/ti/ccs1210/ccs/tools/compiler/ti-cgt-arm_20.2.7.LTS/lib/</path>
         <kind>archive</kind>
         <file>rtsv7M4_T_le_v4SPD16_eabi.lib</file>
         <name>fflush.c.obj</name>
      </input_file>
      <input_file id="fl-ff">
         <path>/Applications/ti/ccs1210/ccs/tools/compiler/ti-cgt-arm_20.2.7.LTS/lib/</path>
         <kind>archive</kind>
         <file>rtsv7M4_T_le_v4SPD16_eabi.lib</file>
         <name>fopen.c.obj</name>
      </input_file>
      <input_file id="fl-100">
         <path>/Applications/ti/ccs1210/ccs/tools/compiler/ti-cgt-arm_20.2.7.LTS/lib/</path>
         <kind>archive</kind>
         <file>rtsv7M4_T_le_v4SPD16_eabi.lib</file>
         <name>fseek.c.obj</name>
      </input_file>
      <input_file id="fl-101">
         <path>/Applications/ti/ccs1210/ccs/tools/compiler/ti-cgt-arm_20.2.7.LTS/lib/</path>
         <kind>archive</kind>
         <file>rtsv7M4_T_le_v4SPD16_eabi.lib</file>
         <name>div0.asm.obj</name>
      </input_file>
      <input_file id="fl-102">
         <path>/Applications/ti/ccs1210/ccs/tools/compiler/ti-cgt-arm_20.2.7.LTS/lib/</path>
         <kind>archive</kind>
         <file>rtsv7M4_T_le_v4SPD16_eabi.lib</file>
         <name>autoinit.c.obj</name>
      </input_file>
      <input_file id="fl-103">
         <path>/Applications/ti/ccs1210/ccs/tools/compiler/ti-cgt-arm_20.2.7.LTS/lib/</path>
         <kind>archive</kind>
         <file>rtsv7M4_T_le_v4SPD16_eabi.lib</file>
         <name>pre_init.c.obj</name>
      </input_file>
      <input_file id="fl-104">
         <path>/Applications/ti/ccs1210/ccs/tools/compiler/ti-cgt-arm_20.2.7.LTS/lib/</path>
         <kind>archive</kind>
         <file>rtsv7M4_T_le_v4SPD16_eabi.lib</file>
         <name>cpy_tbl.c.obj</name>
      </input_file>
      <input_file id="fl-105">
         <path>/Applications/ti/ccs1210/ccs/tools/compiler/ti-cgt-arm_20.2.7.LTS/lib/</path>
         <kind>archive</kind>
         <file>rtsv7M4_T_le_v4SPD16_eabi.lib</file>
         <name>args_main.c.obj</name>
      </input_file>
      <input_file id="fl-106">
         <path>/Applications/ti/ccs1210/ccs/tools/compiler/ti-cgt-arm_20.2.7.LTS/lib/</path>
         <kind>archive</kind>
         <file>rtsv7M4_T_le_v4SPD16_eabi.lib</file>
         <name>hostclose.c.obj</name>
      </input_file>
      <input_file id="fl-107">
         <path>/Applications/ti/ccs1210/ccs/tools/compiler/ti-cgt-arm_20.2.7.LTS/lib/</path>
         <kind>archive</kind>
         <file>rtsv7M4_T_le_v4SPD16_eabi.lib</file>
         <name>hostlseek.c.obj</name>
      </input_file>
      <input_file id="fl-108">
         <path>/Applications/ti/ccs1210/ccs/tools/compiler/ti-cgt-arm_20.2.7.LTS/lib/</path>
         <kind>archive</kind>
         <file>rtsv7M4_T_le_v4SPD16_eabi.lib</file>
         <name>hostopen.c.obj</name>
      </input_file>
      <input_file id="fl-109">
         <path>/Applications/ti/ccs1210/ccs/tools/compiler/ti-cgt-arm_20.2.7.LTS/lib/</path>
         <kind>archive</kind>
         <file>rtsv7M4_T_le_v4SPD16_eabi.lib</file>
         <name>hostread.c.obj</name>
      </input_file>
      <input_file id="fl-10a">
         <path>/Applications/ti/ccs1210/ccs/tools/compiler/ti-cgt-arm_20.2.7.LTS/lib/</path>
         <kind>archive</kind>
         <file>rtsv7M4_T_le_v4SPD16_eabi.lib</file>
         <name>hostrename.c.obj</name>
      </input_file>
      <input_file id="fl-10b">
         <path>/Applications/ti/ccs1210/ccs/tools/compiler/ti-cgt-arm_20.2.7.LTS/lib/</path>
         <kind>archive</kind>
         <file>rtsv7M4_T_le_v4SPD16_eabi.lib</file>
         <name>hostunlink.c.obj</name>
      </input_file>
      <input_file id="fl-10c">
         <path>/Applications/ti/ccs1210/ccs/tools/compiler/ti-cgt-arm_20.2.7.LTS/lib/</path>
         <kind>archive</kind>
         <file>rtsv7M4_T_le_v4SPD16_eabi.lib</file>
         <name>hostwrite.c.obj</name>
      </input_file>
      <input_file id="fl-10d">
         <path>/Applications/ti/ccs1210/ccs/tools/compiler/ti-cgt-arm_20.2.7.LTS/lib/</path>
         <kind>archive</kind>
         <file>rtsv7M4_T_le_v4SPD16_eabi.lib</file>
         <name>trgmsg.c.obj</name>
      </input_file>
      <input_file id="fl-10e">
         <path>/Applications/ti/ccs1210/ccs/tools/compiler/ti-cgt-arm_20.2.7.LTS/lib/</path>
         <kind>archive</kind>
         <file>rtsv7M4_T_le_v4SPD16_eabi.lib</file>
         <name>open.c.obj</name>
      </input_file>
      <input_file id="fl-10f">
         <path>/Applications/ti/ccs1210/ccs/tools/compiler/ti-cgt-arm_20.2.7.LTS/lib/</path>
         <kind>archive</kind>
         <file>rtsv7M4_T_le_v4SPD16_eabi.lib</file>
         <name>lseek.c.obj</name>
      </input_file>
      <input_file id="fl-110">
         <path>/Applications/ti/ccs1210/ccs/tools/compiler/ti-cgt-arm_20.2.7.LTS/lib/</path>
         <kind>archive</kind>
         <file>rtsv7M4_T_le_v4SPD16_eabi.lib</file>
         <name>s_copysign.c.obj</name>
      </input_file>
      <input_file id="fl-111">
         <path>/Applications/ti/ccs1210/ccs/tools/compiler/ti-cgt-arm_20.2.7.LTS/lib/</path>
         <kind>archive</kind>
         <file>rtsv7M4_T_le_v4SPD16_eabi.lib</file>
         <name>fclose.c.obj</name>
      </input_file>
      <input_file id="fl-112">
         <path>/Applications/ti/ccs1210/ccs/tools/compiler/ti-cgt-arm_20.2.7.LTS/lib/</path>
         <kind>archive</kind>
         <file>rtsv7M4_T_le_v4SPD16_eabi.lib</file>
         <name>getdevice.c.obj</name>
      </input_file>
      <input_file id="fl-113">
         <path>/Applications/ti/ccs1210/ccs/tools/compiler/ti-cgt-arm_20.2.7.LTS/lib/</path>
         <kind>archive</kind>
         <file>rtsv7M4_T_le_v4SPD16_eabi.lib</file>
         <name>strcmp.c.obj</name>
      </input_file>
      <input_file id="fl-114">
         <path>/Applications/ti/ccs1210/ccs/tools/compiler/ti-cgt-arm_20.2.7.LTS/lib/</path>
         <kind>archive</kind>
         <file>rtsv7M4_T_le_v4SPD16_eabi.lib</file>
         <name>strcpy.c.obj</name>
      </input_file>
      <input_file id="fl-115">
         <path>/Applications/ti/ccs1210/ccs/tools/compiler/ti-cgt-arm_20.2.7.LTS/lib/</path>
         <kind>archive</kind>
         <file>rtsv7M4_T_le_v4SPD16_eabi.lib</file>
         <name>strncpy.c.obj</name>
      </input_file>
      <input_file id="fl-116">
         <path>/Applications/ti/ccs1210/ccs/tools/compiler/ti-cgt-arm_20.2.7.LTS/lib/</path>
         <kind>archive</kind>
         <file>rtsv7M4_T_le_v4SPD16_eabi.lib</file>
         <name>remove.c.obj</name>
      </input_file>
      <input_file id="fl-117">
         <path>/Applications/ti/ccs1210/ccs/tools/compiler/ti-cgt-arm_20.2.7.LTS/lib/</path>
         <kind>archive</kind>
         <file>rtsv7M4_T_le_v4SPD16_eabi.lib</file>
         <name>close.c.obj</name>
      </input_file>
      <input_file id="fl-118">
         <path>/Applications/ti/ccs1210/ccs/tools/compiler/ti-cgt-arm_20.2.7.LTS/lib/</path>
         <kind>archive</kind>
         <file>rtsv7M4_T_le_v4SPD16_eabi.lib</file>
         <name>unlink.c.obj</name>
      </input_file>
   </input_file_list>
   <object_component_list>
      <object_component id="oc-26">
         <name>.intvecs:retain</name>
         <load_address>0x0</load_address>
         <run_address>0x0</run_address>
         <size>0xe4</size>
         <input_file_ref idref="fl-8"/>
      </object_component>
      <object_component id="oc-299">
         <name>.text:__TI_printfi</name>
         <load_address>0x71c8</load_address>
         <run_address>0x71c8</run_address>
         <size>0xa4e</size>
         <input_file_ref idref="fl-da"/>
      </object_component>
      <object_component id="oc-44f">
         <name>.text:_nop</name>
         <load_address>0x7c16</load_address>
         <run_address>0x7c16</run_address>
         <size>0x2</size>
         <input_file_ref idref="fl-ed"/>
      </object_component>
      <object_component id="oc-238">
         <name>.text</name>
         <load_address>0x7c18</load_address>
         <run_address>0x7c18</run_address>
         <size>0x680</size>
         <input_file_ref idref="fl-a"/>
      </object_component>
      <object_component id="oc-70">
         <name>.text</name>
         <load_address>0x8298</load_address>
         <run_address>0x8298</run_address>
         <size>0x4ec</size>
         <input_file_ref idref="fl-7"/>
      </object_component>
      <object_component id="oc-314">
         <name>.text:Graphics_drawString</name>
         <load_address>0x8784</load_address>
         <run_address>0x8784</run_address>
         <size>0x47e</size>
         <input_file_ref idref="fl-22"/>
      </object_component>
      <object_component id="oc-d7">
         <name>.text:Graphics_drawImage</name>
         <load_address>0x8c02</load_address>
         <run_address>0x8c02</run_address>
         <size>0x390</size>
         <input_file_ref idref="fl-21"/>
      </object_component>
      <object_component id="oc-61b">
         <name>.text</name>
         <load_address>0x8f92</load_address>
         <run_address>0x8f92</run_address>
         <size>0x2</size>
         <input_file_ref idref="fl-101"/>
      </object_component>
      <object_component id="oc-b3">
         <name>.text</name>
         <load_address>0x8f94</load_address>
         <run_address>0x8f94</run_address>
         <size>0x33c</size>
         <input_file_ref idref="fl-4"/>
      </object_component>
      <object_component id="oc-ac">
         <name>.text</name>
         <load_address>0x92d0</load_address>
         <run_address>0x92d0</run_address>
         <size>0x334</size>
         <input_file_ref idref="fl-9"/>
      </object_component>
      <object_component id="oc-42b">
         <name>.text:_pconv_a</name>
         <load_address>0x9604</load_address>
         <run_address>0x9604</run_address>
         <size>0x270</size>
         <input_file_ref idref="fl-da"/>
      </object_component>
      <object_component id="oc-278">
         <name>.text</name>
         <load_address>0x9874</load_address>
         <run_address>0x9874</run_address>
         <size>0x1e0</size>
         <input_file_ref idref="fl-2"/>
      </object_component>
      <object_component id="oc-419">
         <name>.text:_pconv_g</name>
         <load_address>0x9a54</load_address>
         <run_address>0x9a54</run_address>
         <size>0x1d0</size>
         <input_file_ref idref="fl-da"/>
      </object_component>
      <object_component id="oc-561">
         <name>.text</name>
         <load_address>0x9c24</load_address>
         <run_address>0x9c24</run_address>
         <size>0x1b6</size>
         <input_file_ref idref="fl-e0"/>
      </object_component>
      <object_component id="oc-b9">
         <name>.text</name>
         <load_address>0x9ddc</load_address>
         <run_address>0x9ddc</run_address>
         <size>0x1ac</size>
         <input_file_ref idref="fl-5"/>
      </object_component>
      <object_component id="oc-2f6">
         <name>.text:_getIndexForMemRegister</name>
         <load_address>0x9f88</load_address>
         <run_address>0x9f88</run_address>
         <size>0x160</size>
         <input_file_ref idref="fl-12"/>
      </object_component>
      <object_component id="oc-5f2">
         <name>.text:__PCM_setPowerModeAdvanced</name>
         <load_address>0xa0e8</load_address>
         <run_address>0xa0e8</run_address>
         <size>0x15c</size>
         <input_file_ref idref="fl-16"/>
      </object_component>
      <object_component id="oc-383">
         <name>.text:privateTimer_AProcessClockSourceDivider</name>
         <load_address>0xa244</load_address>
         <run_address>0xa244</run_address>
         <size>0x144</size>
         <input_file_ref idref="fl-1a"/>
      </object_component>
      <object_component id="oc-425">
         <name>.text:_pconv_e</name>
         <load_address>0xa388</load_address>
         <run_address>0xa388</run_address>
         <size>0x13c</size>
         <input_file_ref idref="fl-da"/>
      </object_component>
      <object_component id="oc-547">
         <name>.text</name>
         <load_address>0xa4c4</load_address>
         <run_address>0xa4c4</run_address>
         <size>0x136</size>
         <input_file_ref idref="fl-e2"/>
      </object_component>
      <object_component id="oc-573">
         <name>.text:fcvt</name>
         <load_address>0xa5fc</load_address>
         <run_address>0xa5fc</run_address>
         <size>0x124</size>
         <input_file_ref idref="fl-da"/>
      </object_component>
      <object_component id="oc-45d">
         <name>.text:fputs</name>
         <load_address>0xa720</load_address>
         <run_address>0xa720</run_address>
         <size>0x114</size>
         <input_file_ref idref="fl-dd"/>
      </object_component>
      <object_component id="oc-587">
         <name>.text:scalbn</name>
         <load_address>0xa834</load_address>
         <run_address>0xa834</run_address>
         <size>0x110</size>
         <input_file_ref idref="fl-fd"/>
      </object_component>
      <object_component id="oc-37b">
         <name>.text:__PCM_setCoreVoltageLevelAdvanced</name>
         <load_address>0xa944</load_address>
         <run_address>0xa944</run_address>
         <size>0x108</size>
         <input_file_ref idref="fl-16"/>
      </object_component>
      <object_component id="oc-6d6">
         <name>.text:aligned_alloc</name>
         <load_address>0xaa4c</load_address>
         <run_address>0xaa4c</run_address>
         <size>0x100</size>
         <input_file_ref idref="fl-f4"/>
      </object_component>
      <object_component id="oc-542">
         <name>.text</name>
         <load_address>0xab4c</load_address>
         <run_address>0xab4c</run_address>
         <size>0xfc</size>
         <input_file_ref idref="fl-e3"/>
      </object_component>
      <object_component id="oc-30e">
         <name>.text:Graphics_getStringWidth</name>
         <load_address>0xac48</load_address>
         <run_address>0xac48</run_address>
         <size>0xfa</size>
         <input_file_ref idref="fl-22"/>
      </object_component>
      <object_component id="oc-694">
         <name>.text:free</name>
         <load_address>0xad44</load_address>
         <run_address>0xad44</run_address>
         <size>0xe4</size>
         <input_file_ref idref="fl-f4"/>
      </object_component>
      <object_component id="oc-656">
         <name>.text:setvbuf</name>
         <load_address>0xae28</load_address>
         <run_address>0xae28</run_address>
         <size>0xdc</size>
         <input_file_ref idref="fl-df"/>
      </object_component>
      <object_component id="oc-3a0">
         <name>.text</name>
         <load_address>0xaf04</load_address>
         <run_address>0xaf04</run_address>
         <size>0xcc</size>
         <input_file_ref idref="fl-b"/>
      </object_component>
      <object_component id="oc-214">
         <name>.text:ADC14_configureConversionMemory</name>
         <load_address>0xafd0</load_address>
         <run_address>0xafd0</run_address>
         <size>0xb4</size>
         <input_file_ref idref="fl-12"/>
      </object_component>
      <object_component id="oc-20e">
         <name>.text:ADC14_configureMultiSequenceMode</name>
         <load_address>0xb084</load_address>
         <run_address>0xb084</run_address>
         <size>0xb4</size>
         <input_file_ref idref="fl-12"/>
      </object_component>
      <object_component id="oc-40e">
         <name>.text:_ltostr</name>
         <load_address>0xb138</load_address>
         <run_address>0xb138</run_address>
         <size>0xb1</size>
         <input_file_ref idref="fl-da"/>
      </object_component>
      <object_component id="oc-501">
         <name>.text:SPI_initMaster</name>
         <load_address>0xb1ea</load_address>
         <run_address>0xb1ea</run_address>
         <size>0xb0</size>
         <input_file_ref idref="fl-18"/>
      </object_component>
      <object_component id="oc-497">
         <name>.text:Graphics_drawLineH</name>
         <load_address>0xb29a</load_address>
         <run_address>0xb29a</run_address>
         <size>0x9c</size>
         <input_file_ref idref="fl-23"/>
      </object_component>
      <object_component id="oc-3a">
         <name>.text</name>
         <load_address>0xb336</load_address>
         <run_address>0xb336</run_address>
         <size>0x9c</size>
         <input_file_ref idref="fl-e6"/>
      </object_component>
      <object_component id="oc-53b">
         <name>.text</name>
         <load_address>0xb3d2</load_address>
         <run_address>0xb3d2</run_address>
         <size>0x96</size>
         <input_file_ref idref="fl-e8"/>
      </object_component>
      <object_component id="oc-464">
         <name>.text:fputc</name>
         <load_address>0xb468</load_address>
         <run_address>0xb468</run_address>
         <size>0x8c</size>
         <input_file_ref idref="fl-dc"/>
      </object_component>
      <object_component id="oc-208">
         <name>.text:GPIO_setAsPeripheralModuleFunctionInputPin</name>
         <load_address>0xb4f4</load_address>
         <run_address>0xb4f4</run_address>
         <size>0x88</size>
         <input_file_ref idref="fl-14"/>
      </object_component>
      <object_component id="oc-4fb">
         <name>.text:GPIO_setAsPeripheralModuleFunctionOutputPin</name>
         <load_address>0xb57c</load_address>
         <run_address>0xb57c</run_address>
         <size>0x88</size>
         <input_file_ref idref="fl-14"/>
      </object_component>
      <object_component id="oc-414">
         <name>.text:__aeabi_cdcmple</name>
         <load_address>0xb604</load_address>
         <run_address>0xb604</run_address>
         <size>0x86</size>
         <input_file_ref idref="fl-e1"/>
      </object_component>
      <object_component id="oc-54c">
         <name>.text:__aeabi_cdrcmple</name>
         <load_address>0xb68a</load_address>
         <run_address>0xb68a</run_address>
         <size>0x86</size>
         <input_file_ref idref="fl-e1"/>
      </object_component>
      <object_component id="oc-140">
         <name>.text:GPIO_getEnabledInterruptStatus</name>
         <load_address>0xb710</load_address>
         <run_address>0xb710</run_address>
         <size>0x84</size>
         <input_file_ref idref="fl-14"/>
      </object_component>
      <object_component id="oc-1f6">
         <name>.text:Interrupt_enableInterrupt</name>
         <load_address>0xb794</load_address>
         <run_address>0xb794</run_address>
         <size>0x80</size>
         <input_file_ref idref="fl-15"/>
      </object_component>
      <object_component id="oc-94">
         <name>.text</name>
         <load_address>0xb814</load_address>
         <run_address>0xb814</run_address>
         <size>0x7a</size>
         <input_file_ref idref="fl-e7"/>
      </object_component>
      <object_component id="oc-6dd">
         <name>.text:__TI_closefile</name>
         <load_address>0xb890</load_address>
         <run_address>0xb890</run_address>
         <size>0x74</size>
         <input_file_ref idref="fl-111"/>
      </object_component>
      <object_component id="oc-71e">
         <name>.text:split</name>
         <load_address>0xb904</load_address>
         <run_address>0xb904</run_address>
         <size>0x70</size>
         <input_file_ref idref="fl-f4"/>
      </object_component>
      <object_component id="oc-56c">
         <name>.text:_mcpy</name>
         <load_address>0xb974</load_address>
         <run_address>0xb974</run_address>
         <size>0x6e</size>
         <input_file_ref idref="fl-da"/>
      </object_component>
      <object_component id="oc-2b8">
         <name>.text:Graphics_convertPalette</name>
         <load_address>0xb9e4</load_address>
         <run_address>0xb9e4</run_address>
         <size>0x6c</size>
         <input_file_ref idref="fl-21"/>
      </object_component>
      <object_component id="oc-70d">
         <name>.text:HOSTrename</name>
         <load_address>0xba50</load_address>
         <run_address>0xba50</run_address>
         <size>0x6c</size>
         <input_file_ref idref="fl-10a"/>
      </object_component>
      <object_component id="oc-701">
         <name>.text:HOSTlseek</name>
         <load_address>0xbabc</load_address>
         <run_address>0xbabc</run_address>
         <size>0x68</size>
         <input_file_ref idref="fl-107"/>
      </object_component>
      <object_component id="oc-1f0">
         <name>.text:Timer_A_configureUpMode</name>
         <load_address>0xbb24</load_address>
         <run_address>0xbb24</run_address>
         <size>0x68</size>
         <input_file_ref idref="fl-1a"/>
      </object_component>
      <object_component id="oc-17">
         <name>.text:decompress:lzss:__TI_decompress_lzss</name>
         <load_address>0xbb8c</load_address>
         <run_address>0xbb8c</run_address>
         <size>0x68</size>
         <input_file_ref idref="fl-eb"/>
      </object_component>
      <object_component id="oc-d1">
         <name>.text:printf</name>
         <load_address>0xbbf4</load_address>
         <run_address>0xbbf4</run_address>
         <size>0x68</size>
         <input_file_ref idref="fl-d9"/>
      </object_component>
      <object_component id="oc-581">
         <name>.text:frexp</name>
         <load_address>0xbc5c</load_address>
         <run_address>0xbc5c</run_address>
         <size>0x64</size>
         <input_file_ref idref="fl-fc"/>
      </object_component>
      <object_component id="oc-650">
         <name>.text:fseek</name>
         <load_address>0xbcc0</load_address>
         <run_address>0xbcc0</run_address>
         <size>0x64</size>
         <input_file_ref idref="fl-100"/>
      </object_component>
      <object_component id="oc-5b8">
         <name>.text:__TI_wrt_ok</name>
         <load_address>0xbd24</load_address>
         <run_address>0xbd24</run_address>
         <size>0x62</size>
         <input_file_ref idref="fl-de"/>
      </object_component>
      <object_component id="oc-6e9">
         <name>.text:HOSTopen</name>
         <load_address>0xbd88</load_address>
         <run_address>0xbd88</run_address>
         <size>0x60</size>
         <input_file_ref idref="fl-108"/>
      </object_component>
      <object_component id="oc-4d0">
         <name>.text:PCM_getCoreVoltageLevel</name>
         <load_address>0xbde8</load_address>
         <run_address>0xbde8</run_address>
         <size>0x5e</size>
         <input_file_ref idref="fl-16"/>
      </object_component>
      <object_component id="oc-725">
         <name>.text:close</name>
         <load_address>0xbe48</load_address>
         <run_address>0xbe48</run_address>
         <size>0x5c</size>
         <input_file_ref idref="fl-117"/>
      </object_component>
      <object_component id="oc-4ca">
         <name>.text:PCM_getPowerMode</name>
         <load_address>0xbea4</load_address>
         <run_address>0xbea4</run_address>
         <size>0x5a</size>
         <input_file_ref idref="fl-16"/>
      </object_component>
      <object_component id="oc-1fc">
         <name>.text:GPIO_setAsInputPinWithPullUpResistor</name>
         <load_address>0xbf00</load_address>
         <run_address>0xbf00</run_address>
         <size>0x58</size>
         <input_file_ref idref="fl-14"/>
      </object_component>
      <object_component id="oc-6f5">
         <name>.text:HOSTread</name>
         <load_address>0xbf58</load_address>
         <run_address>0xbf58</run_address>
         <size>0x58</size>
         <input_file_ref idref="fl-109"/>
      </object_component>
      <object_component id="oc-6fb">
         <name>.text:HOSTwrite</name>
         <load_address>0xbfb0</load_address>
         <run_address>0xbfb0</run_address>
         <size>0x58</size>
         <input_file_ref idref="fl-10c"/>
      </object_component>
      <object_component id="oc-41f">
         <name>.text:_pconv_f</name>
         <load_address>0xc008</load_address>
         <run_address>0xc008</run_address>
         <size>0x56</size>
         <input_file_ref idref="fl-da"/>
      </object_component>
      <object_component id="oc-226">
         <name>.text:ADC14_initModule</name>
         <load_address>0xc060</load_address>
         <run_address>0xc060</run_address>
         <size>0x54</size>
         <input_file_ref idref="fl-12"/>
      </object_component>
      <object_component id="oc-556">
         <name>.text:__TI_ltoa</name>
         <load_address>0xc0b4</load_address>
         <run_address>0xc0b4</run_address>
         <size>0x54</size>
         <input_file_ref idref="fl-ee"/>
      </object_component>
      <object_component id="oc-23e">
         <name>.text:Graphics_initContext</name>
         <load_address>0xc108</load_address>
         <run_address>0xc108</run_address>
         <size>0x52</size>
         <input_file_ref idref="fl-1e"/>
      </object_component>
      <object_component id="oc-566">
         <name>.text:_ecpy</name>
         <load_address>0xc15a</load_address>
         <run_address>0xc15a</run_address>
         <size>0x52</size>
         <input_file_ref idref="fl-da"/>
      </object_component>
      <object_component id="oc-5c4">
         <name>.text:__TI_doflush</name>
         <load_address>0xc1ac</load_address>
         <run_address>0xc1ac</run_address>
         <size>0x4c</size>
         <input_file_ref idref="fl-fe"/>
      </object_component>
      <object_component id="oc-408">
         <name>.text:atoi</name>
         <load_address>0xc1f8</load_address>
         <run_address>0xc1f8</run_address>
         <size>0x4c</size>
         <input_file_ref idref="fl-ef"/>
      </object_component>
      <object_component id="oc-1ea">
         <name>.text:FlashCtl_setWaitState</name>
         <load_address>0xc244</load_address>
         <run_address>0xc244</run_address>
         <size>0x48</size>
         <input_file_ref idref="fl-13"/>
      </object_component>
      <object_component id="oc-134">
         <name>.text:Graphics_drawStringCentered</name>
         <load_address>0xc28c</load_address>
         <run_address>0xc28c</run_address>
         <size>0x48</size>
         <input_file_ref idref="fl-22"/>
      </object_component>
      <object_component id="oc-19c">
         <name>.text:exit</name>
         <load_address>0xc2d4</load_address>
         <run_address>0xc2d4</run_address>
         <size>0x48</size>
         <input_file_ref idref="fl-ec"/>
      </object_component>
      <object_component id="oc-551">
         <name>.text</name>
         <load_address>0xc31c</load_address>
         <run_address>0xc31c</run_address>
         <size>0x48</size>
         <input_file_ref idref="fl-e4"/>
      </object_component>
      <object_component id="oc-2be">
         <name>.text:Graphics_drawMultiplePixelsOnDisplay</name>
         <load_address>0xc364</load_address>
         <run_address>0xc364</run_address>
         <size>0x46</size>
         <input_file_ref idref="fl-1f"/>
      </object_component>
      <object_component id="oc-6ef">
         <name>.text:HOSTclose</name>
         <load_address>0xc3ac</load_address>
         <run_address>0xc3ac</run_address>
         <size>0x44</size>
         <input_file_ref idref="fl-106"/>
      </object_component>
      <object_component id="oc-707">
         <name>.text:HOSTunlink</name>
         <load_address>0xc3f0</load_address>
         <run_address>0xc3f0</run_address>
         <size>0x44</size>
         <input_file_ref idref="fl-10b"/>
      </object_component>
      <object_component id="oc-1a2">
         <name>.text:__TI_auto_init_nobinit_nopinit:__TI_auto_init_nobinit_nopinit</name>
         <load_address>0xc434</load_address>
         <run_address>0xc434</run_address>
         <size>0x44</size>
         <input_file_ref idref="fl-102"/>
      </object_component>
      <object_component id="oc-75d">
         <name>.text:getdevice</name>
         <load_address>0xc478</load_address>
         <run_address>0xc478</run_address>
         <size>0x44</size>
         <input_file_ref idref="fl-112"/>
      </object_component>
      <object_component id="oc-1d8">
         <name>.text:GPIO_setAsOutputPin</name>
         <load_address>0xc4bc</load_address>
         <run_address>0xc4bc</run_address>
         <size>0x40</size>
         <input_file_ref idref="fl-14"/>
      </object_component>
      <object_component id="oc-491">
         <name>.text:Graphics_getNumberOfLeadingZeros</name>
         <load_address>0xc4fc</load_address>
         <run_address>0xc4fc</run_address>
         <size>0x40</size>
         <input_file_ref idref="fl-22"/>
      </object_component>
      <object_component id="oc-5fc">
         <name>.text:is_A_Module</name>
         <load_address>0xc53c</load_address>
         <run_address>0xc53c</run_address>
         <size>0x40</size>
         <input_file_ref idref="fl-18"/>
      </object_component>
      <object_component id="oc-12e">
         <name>.text:sprintf</name>
         <load_address>0xc57c</load_address>
         <run_address>0xc57c</run_address>
         <size>0x40</size>
         <input_file_ref idref="fl-db"/>
      </object_component>
      <object_component id="oc-579">
         <name>.text:_fcpy</name>
         <load_address>0xc5bc</load_address>
         <run_address>0xc5bc</run_address>
         <size>0x3e</size>
         <input_file_ref idref="fl-da"/>
      </object_component>
      <object_component id="oc-11c">
         <name>.text:ADC14_getEnabledInterruptStatus</name>
         <load_address>0xc5fc</load_address>
         <run_address>0xc5fc</run_address>
         <size>0x38</size>
         <input_file_ref idref="fl-12"/>
      </object_component>
      <object_component id="oc-736">
         <name>.text:__TI_writemsg</name>
         <load_address>0xc634</load_address>
         <run_address>0xc634</run_address>
         <size>0x38</size>
         <input_file_ref idref="fl-10d"/>
      </object_component>
      <object_component id="oc-5d9">
         <name>.text:Graphics_drawHorizontalLineOnDisplay</name>
         <load_address>0xc66c</load_address>
         <run_address>0xc66c</run_address>
         <size>0x36</size>
         <input_file_ref idref="fl-1f"/>
      </object_component>
      <object_component id="oc-77f">
         <name>.text:strncpy</name>
         <load_address>0xc6a2</load_address>
         <run_address>0xc6a2</run_address>
         <size>0x36</size>
         <input_file_ref idref="fl-115"/>
      </object_component>
      <object_component id="oc-22c">
         <name>.text:ADC14_enableSampleTimer</name>
         <load_address>0xc6d8</load_address>
         <run_address>0xc6d8</run_address>
         <size>0x34</size>
         <input_file_ref idref="fl-12"/>
      </object_component>
      <object_component id="oc-6a0">
         <name>.text:__TI_cleanup</name>
         <load_address>0xc70c</load_address>
         <run_address>0xc70c</run_address>
         <size>0x34</size>
         <input_file_ref idref="fl-ff"/>
      </object_component>
      <object_component id="oc-73c">
         <name>.text:__TI_readmsg</name>
         <load_address>0xc740</load_address>
         <run_address>0xc740</run_address>
         <size>0x34</size>
         <input_file_ref idref="fl-10d"/>
      </object_component>
      <object_component id="oc-58">
         <name>.text:_c_int00_noargs:_c_int00_noargs</name>
         <load_address>0xc774</load_address>
         <run_address>0xc774</run_address>
         <size>0x34</size>
         <input_file_ref idref="fl-f7"/>
      </object_component>
      <object_component id="oc-122">
         <name>.text:ADC14_clearInterruptFlag</name>
         <load_address>0xc7a8</load_address>
         <run_address>0xc7a8</run_address>
         <size>0x30</size>
         <input_file_ref idref="fl-12"/>
      </object_component>
      <object_component id="oc-21a">
         <name>.text:ADC14_enableInterrupt</name>
         <load_address>0xc7d8</load_address>
         <run_address>0xc7d8</run_address>
         <size>0x30</size>
         <input_file_ref idref="fl-12"/>
      </object_component>
      <object_component id="oc-785">
         <name>.text:finddevice</name>
         <load_address>0xc808</load_address>
         <run_address>0xc808</run_address>
         <size>0x30</size>
         <input_file_ref idref="fl-112"/>
      </object_component>
      <object_component id="oc-55c">
         <name>.text</name>
         <load_address>0xc838</load_address>
         <run_address>0xc838</run_address>
         <size>0x2e</size>
         <input_file_ref idref="fl-e5"/>
      </object_component>
      <object_component id="oc-2ee">
         <name>.text:ADC14_getInterruptStatus</name>
         <load_address>0xc868</load_address>
         <run_address>0xc868</run_address>
         <size>0x2c</size>
         <input_file_ref idref="fl-12"/>
      </object_component>
      <object_component id="oc-ef">
         <name>.text:ADC14_toggleConversionTrigger</name>
         <load_address>0xc894</load_address>
         <run_address>0xc894</run_address>
         <size>0x2c</size>
         <input_file_ref idref="fl-12"/>
      </object_component>
      <object_component id="oc-2c4">
         <name>.text:Graphics_drawPixelOnDisplay</name>
         <load_address>0xc8c0</load_address>
         <run_address>0xc8c0</run_address>
         <size>0x2c</size>
         <input_file_ref idref="fl-1f"/>
      </object_component>
      <object_component id="oc-f5">
         <name>.text:Timer_A_clearCaptureCompareInterrupt</name>
         <load_address>0xc8ec</load_address>
         <run_address>0xc8ec</run_address>
         <size>0x2c</size>
         <input_file_ref idref="fl-1a"/>
      </object_component>
      <object_component id="oc-72b">
         <name>.text:unlink</name>
         <load_address>0xc918</load_address>
         <run_address>0xc918</run_address>
         <size>0x2c</size>
         <input_file_ref idref="fl-118"/>
      </object_component>
      <object_component id="oc-232">
         <name>.text:ADC14_enableConversion</name>
         <load_address>0xc944</load_address>
         <run_address>0xc944</run_address>
         <size>0x28</size>
         <input_file_ref idref="fl-12"/>
      </object_component>
      <object_component id="oc-128">
         <name>.text:ADC14_getResult</name>
         <load_address>0xc96c</load_address>
         <run_address>0xc96c</run_address>
         <size>0x28</size>
         <input_file_ref idref="fl-12"/>
      </object_component>
      <object_component id="oc-146">
         <name>.text:GPIO_clearInterruptFlag</name>
         <load_address>0xc994</load_address>
         <run_address>0xc994</run_address>
         <size>0x28</size>
         <input_file_ref idref="fl-14"/>
      </object_component>
      <object_component id="oc-202">
         <name>.text:GPIO_enableInterrupt</name>
         <load_address>0xc9bc</load_address>
         <run_address>0xc9bc</run_address>
         <size>0x28</size>
         <input_file_ref idref="fl-14"/>
      </object_component>
      <object_component id="oc-3a6">
         <name>.text:GPIO_setOutputHighOnPin</name>
         <load_address>0xc9e4</load_address>
         <run_address>0xc9e4</run_address>
         <size>0x28</size>
         <input_file_ref idref="fl-14"/>
      </object_component>
      <object_component id="oc-1de">
         <name>.text:GPIO_setOutputLowOnPin</name>
         <load_address>0xca0c</load_address>
         <run_address>0xca0c</run_address>
         <size>0x28</size>
         <input_file_ref idref="fl-14"/>
      </object_component>
      <object_component id="oc-13a">
         <name>.text:GPIO_toggleOutputOnPin</name>
         <load_address>0xca34</load_address>
         <run_address>0xca34</run_address>
         <size>0x28</size>
         <input_file_ref idref="fl-14"/>
      </object_component>
      <object_component id="oc-cb">
         <name>.text:PCM_gotoLPM0</name>
         <load_address>0xca5c</load_address>
         <run_address>0xca5c</run_address>
         <size>0x28</size>
         <input_file_ref idref="fl-16"/>
      </object_component>
      <object_component id="oc-6cf">
         <name>.text:free_list_insert</name>
         <load_address>0xca84</load_address>
         <run_address>0xca84</run_address>
         <size>0x28</size>
         <input_file_ref idref="fl-f4"/>
      </object_component>
      <object_component id="oc-68c">
         <name>.text:lseek</name>
         <load_address>0xcaac</load_address>
         <run_address>0xcaac</run_address>
         <size>0x28</size>
         <input_file_ref idref="fl-10f"/>
      </object_component>
      <object_component id="oc-5ca">
         <name>.text:write</name>
         <load_address>0xcad4</load_address>
         <run_address>0xcad4</run_address>
         <size>0x28</size>
         <input_file_ref idref="fl-f8"/>
      </object_component>
      <object_component id="oc-320">
         <name>.text:GPIO_getInterruptStatus</name>
         <load_address>0xcafc</load_address>
         <run_address>0xcafc</run_address>
         <size>0x24</size>
         <input_file_ref idref="fl-14"/>
      </object_component>
      <object_component id="oc-5be">
         <name>.text:memchr</name>
         <load_address>0xcb20</load_address>
         <run_address>0xcb20</run_address>
         <size>0x20</size>
         <input_file_ref idref="fl-f3"/>
      </object_component>
      <object_component id="oc-507">
         <name>.text:SPI_enableModule</name>
         <load_address>0xcb40</load_address>
         <run_address>0xcb40</run_address>
         <size>0x1c</size>
         <input_file_ref idref="fl-18"/>
      </object_component>
      <object_component id="oc-6c9">
         <name>.text:free_list_remove</name>
         <load_address>0xcb5c</load_address>
         <run_address>0xcb5c</run_address>
         <size>0x1c</size>
         <input_file_ref idref="fl-f4"/>
      </object_component>
      <object_component id="oc-431">
         <name>.text:memccpy</name>
         <load_address>0xcb78</load_address>
         <run_address>0xcb78</run_address>
         <size>0x1c</size>
         <input_file_ref idref="fl-f2"/>
      </object_component>
      <object_component id="oc-3c4">
         <name>.text:Graphics_clearDisplayOnDisplay</name>
         <load_address>0xcb94</load_address>
         <run_address>0xcb94</run_address>
         <size>0x1a</size>
         <input_file_ref idref="fl-1f"/>
      </object_component>
      <object_component id="oc-24a">
         <name>.text:Graphics_setBackgroundColor</name>
         <load_address>0xcbae</load_address>
         <run_address>0xcbae</run_address>
         <size>0x1a</size>
         <input_file_ref idref="fl-1e"/>
      </object_component>
      <object_component id="oc-250">
         <name>.text:Graphics_setFont</name>
         <load_address>0xcbc8</load_address>
         <run_address>0xcbc8</run_address>
         <size>0x1a</size>
         <input_file_ref idref="fl-1e"/>
      </object_component>
      <object_component id="oc-634">
         <name>.text:copysign</name>
         <load_address>0xcbe2</load_address>
         <run_address>0xcbe2</run_address>
         <size>0x1a</size>
         <input_file_ref idref="fl-110"/>
      </object_component>
      <object_component id="oc-300">
         <name>.text:_outs</name>
         <load_address>0xcbfc</load_address>
         <run_address>0xcbfc</run_address>
         <size>0x18</size>
         <input_file_ref idref="fl-db"/>
      </object_component>
      <object_component id="oc-79c">
         <name>.text:strcmp</name>
         <load_address>0xcc14</load_address>
         <run_address>0xcc14</run_address>
         <size>0x18</size>
         <input_file_ref idref="fl-113"/>
      </object_component>
      <object_component id="oc-604">
         <name>.text:EUSCI_A_SPI_enable</name>
         <load_address>0xcc2c</load_address>
         <run_address>0xcc2c</run_address>
         <size>0x16</size>
         <input_file_ref idref="fl-18"/>
      </object_component>
      <object_component id="oc-60a">
         <name>.text:EUSCI_B_SPI_enable</name>
         <load_address>0xcc42</load_address>
         <run_address>0xcc42</run_address>
         <size>0x16</size>
         <input_file_ref idref="fl-18"/>
      </object_component>
      <object_component id="oc-244">
         <name>.text:Graphics_setForegroundColor</name>
         <load_address>0xcc58</load_address>
         <run_address>0xcc58</run_address>
         <size>0x16</size>
         <input_file_ref idref="fl-1e"/>
      </object_component>
      <object_component id="oc-3bb">
         <name>.text:Graphics_translateColorOnDisplay</name>
         <load_address>0xcc6e</load_address>
         <run_address>0xcc6e</run_address>
         <size>0x16</size>
         <input_file_ref idref="fl-1f"/>
      </object_component>
      <object_component id="oc-c5">
         <name>.text:Timer_A_startCounter</name>
         <load_address>0xcc84</load_address>
         <run_address>0xcc84</run_address>
         <size>0x16</size>
         <input_file_ref idref="fl-1a"/>
      </object_component>
      <object_component id="oc-58d">
         <name>.text:strchr</name>
         <load_address>0xcc9a</load_address>
         <run_address>0xcc9a</run_address>
         <size>0x16</size>
         <input_file_ref idref="fl-f5"/>
      </object_component>
      <object_component id="oc-4d6">
         <name>.text:PCM_getPowerState</name>
         <load_address>0xccb0</load_address>
         <run_address>0xccb0</run_address>
         <size>0x14</size>
         <input_file_ref idref="fl-16"/>
      </object_component>
      <object_component id="oc-e9">
         <name>.text:Timer_A_stopTimer</name>
         <load_address>0xccc4</load_address>
         <run_address>0xccc4</run_address>
         <size>0x14</size>
         <input_file_ref idref="fl-1a"/>
      </object_component>
      <object_component id="oc-750">
         <name>.text:strcpy</name>
         <load_address>0xccd8</load_address>
         <run_address>0xccd8</run_address>
         <size>0x14</size>
         <input_file_ref idref="fl-114"/>
      </object_component>
      <object_component id="oc-402">
         <name>.text:strlen</name>
         <load_address>0xccec</load_address>
         <run_address>0xccec</run_address>
         <size>0x14</size>
         <input_file_ref idref="fl-f6"/>
      </object_component>
      <object_component id="oc-256">
         <name>.text:Graphics_clearDisplay</name>
         <load_address>0xcd00</load_address>
         <run_address>0xcd00</run_address>
         <size>0x12</size>
         <input_file_ref idref="fl-1e"/>
      </object_component>
      <object_component id="oc-437">
         <name>.text:wcslen</name>
         <load_address>0xcd12</load_address>
         <run_address>0xcd12</run_address>
         <size>0x12</size>
         <input_file_ref idref="fl-fb"/>
      </object_component>
      <object_component id="oc-e3">
         <name>.text:ADC14_disableConversion</name>
         <load_address>0xcd24</load_address>
         <run_address>0xcd24</run_address>
         <size>0x10</size>
         <input_file_ref idref="fl-12"/>
      </object_component>
      <object_component id="oc-392">
         <name>.text:ADCIsConversionRunning</name>
         <load_address>0xcd34</load_address>
         <run_address>0xcd34</run_address>
         <size>0x10</size>
         <input_file_ref idref="fl-12"/>
      </object_component>
      <object_component id="oc-dd">
         <name>.text:Interrupt_disableMaster</name>
         <load_address>0xcd44</load_address>
         <run_address>0xcd44</run_address>
         <size>0x10</size>
         <input_file_ref idref="fl-15"/>
      </object_component>
      <object_component id="oc-bf">
         <name>.text:Interrupt_enableMaster</name>
         <load_address>0xcd54</load_address>
         <run_address>0xcd54</run_address>
         <size>0x10</size>
         <input_file_ref idref="fl-15"/>
      </object_component>
      <object_component id="oc-1e4">
         <name>.text:PCM_setCoreVoltageLevel</name>
         <load_address>0xcd64</load_address>
         <run_address>0xcd64</run_address>
         <size>0x10</size>
         <input_file_ref idref="fl-16"/>
      </object_component>
      <object_component id="oc-4dc">
         <name>.text:PCM_setPowerMode</name>
         <load_address>0xcd74</load_address>
         <run_address>0xcd74</run_address>
         <size>0x10</size>
         <input_file_ref idref="fl-16"/>
      </object_component>
      <object_component id="oc-1d">
         <name>.text:decompress:none:__TI_decompress_none</name>
         <load_address>0xcd84</load_address>
         <run_address>0xcd84</run_address>
         <size>0xe</size>
         <input_file_ref idref="fl-ea"/>
      </object_component>
      <object_component id="oc-6a">
         <name>.text</name>
         <load_address>0xcd92</load_address>
         <run_address>0xcd92</run_address>
         <size>0xe</size>
         <input_file_ref idref="fl-8"/>
      </object_component>
      <object_component id="oc-220">
         <name>.text:ADC14_enableModule</name>
         <load_address>0xcda0</load_address>
         <run_address>0xcda0</run_address>
         <size>0xc</size>
         <input_file_ref idref="fl-12"/>
      </object_component>
      <object_component id="oc-2cc">
         <name>.text:CPU_cpsid</name>
         <load_address>0xcdac</load_address>
         <run_address>0xcdac</run_address>
         <size>0xc</size>
         <input_file_ref idref="fl-1c"/>
      </object_component>
      <object_component id="oc-280">
         <name>.text:CPU_cpsie</name>
         <load_address>0xcdb8</load_address>
         <run_address>0xcdb8</run_address>
         <size>0xc</size>
         <input_file_ref idref="fl-1c"/>
      </object_component>
      <object_component id="oc-4c">
         <name>.text:decompress:ZI:__TI_zero_init</name>
         <load_address>0xcdc4</load_address>
         <run_address>0xcdc4</run_address>
         <size>0xc</size>
         <input_file_ref idref="fl-e9"/>
      </object_component>
      <object_component id="oc-306">
         <name>.text:_outc</name>
         <load_address>0xcdd0</load_address>
         <run_address>0xcdd0</run_address>
         <size>0xa</size>
         <input_file_ref idref="fl-db"/>
      </object_component>
      <object_component id="oc-43d">
         <name>.text:__aeabi_errno_addr</name>
         <load_address>0xcddc</load_address>
         <run_address>0xcddc</run_address>
         <size>0x8</size>
         <input_file_ref idref="fl-fa"/>
      </object_component>
      <object_component id="oc-69a">
         <name>.text:malloc</name>
         <load_address>0xcde4</load_address>
         <run_address>0xcde4</run_address>
         <size>0x8</size>
         <input_file_ref idref="fl-f4"/>
      </object_component>
      <object_component id="oc-292">
         <name>.text:CPU_wfi</name>
         <load_address>0xcdec</load_address>
         <run_address>0xcdec</run_address>
         <size>0x4</size>
         <input_file_ref idref="fl-1c"/>
      </object_component>
      <object_component id="oc-2ab">
         <name>.text:_outc</name>
         <load_address>0xcdf0</load_address>
         <run_address>0xcdf0</run_address>
         <size>0x4</size>
         <input_file_ref idref="fl-d9"/>
      </object_component>
      <object_component id="oc-2a5">
         <name>.text:_outs</name>
         <load_address>0xcdf4</load_address>
         <run_address>0xcdf4</run_address>
         <size>0x4</size>
         <input_file_ref idref="fl-d9"/>
      </object_component>
      <object_component id="oc-9a">
         <name>.text:_system_pre_init</name>
         <load_address>0xcdf8</load_address>
         <run_address>0xcdf8</run_address>
         <size>0x4</size>
         <input_file_ref idref="fl-103"/>
      </object_component>
      <object_component id="oc-196">
         <name>.text:abort:abort</name>
         <load_address>0xcdfc</load_address>
         <run_address>0xcdfc</run_address>
         <size>0x4</size>
         <input_file_ref idref="fl-ec"/>
      </object_component>
      <object_component id="oc-3dc">
         <name>.const:.string:pixel_HELICOPTER_8BPP_UNCOMP</name>
         <load_address>0xe4</load_address>
         <run_address>0xe4</run_address>
         <size>0x4000</size>
         <input_file_ref idref="fl-7"/>
      </object_component>
      <object_component id="oc-3e6">
         <name>.const:.string:pixel_PROPELLERS2_8BPP_UNCOMP</name>
         <load_address>0x40e4</load_address>
         <run_address>0x40e4</run_address>
         <size>0x10c6</size>
         <input_file_ref idref="fl-7"/>
      </object_component>
      <object_component id="oc-3e1">
         <name>.const:.string:pixel_PROPELLERS1_8BPP_UNCOMP</name>
         <load_address>0x51aa</load_address>
         <run_address>0x51aa</run_address>
         <size>0x1055</size>
         <input_file_ref idref="fl-7"/>
      </object_component>
      <object_component id="oc-3eb">
         <name>.const:.string:pixel_MENU_1BPP_UNCOMP</name>
         <load_address>0x61ff</load_address>
         <run_address>0x61ff</run_address>
         <size>0x800</size>
         <input_file_ref idref="fl-7"/>
      </object_component>
      <object_component id="oc-3d3">
         <name>.const:.string:g_pucFontFixed6x8Data</name>
         <load_address>0x69ff</load_address>
         <run_address>0x69ff</run_address>
         <size>0x2f8</size>
         <input_file_ref idref="fl-20"/>
      </object_component>
      <object_component id="oc-536">
         <name>.const:.string:_ctypes_</name>
         <load_address>0x6cf7</load_address>
         <run_address>0x6cf7</run_address>
         <size>0x101</size>
         <input_file_ref idref="fl-f0"/>
      </object_component>
      <object_component id="oc-268">
         <name>.const:g_sFontFixed6x8</name>
         <load_address>0x6df8</load_address>
         <run_address>0x6df8</run_address>
         <size>0xc8</size>
         <input_file_ref idref="fl-20"/>
      </object_component>
      <object_component id="oc-34b">
         <name>.const:.string:pixel_ACCELEROMETER_1BPP_UNCOMP</name>
         <load_address>0x6ec0</load_address>
         <run_address>0x6ec0</run_address>
         <size>0x96</size>
         <input_file_ref idref="fl-7"/>
      </object_component>
      <object_component id="oc-343">
         <name>.const:.string:pixel_JOYSTICK_1BPP_UNCOMP</name>
         <load_address>0x6f56</load_address>
         <run_address>0x6f56</run_address>
         <size>0x96</size>
         <input_file_ref idref="fl-7"/>
      </object_component>
      <object_component id="oc-2fc">
         <name>.const:_ctlRegs</name>
         <load_address>0x6fec</load_address>
         <run_address>0x6fec</run_address>
         <size>0x80</size>
         <input_file_ref idref="fl-12"/>
      </object_component>
      <object_component id="oc-31c">
         <name>.const:GPIO_PORT_TO_BASE</name>
         <load_address>0x706c</load_address>
         <run_address>0x706c</run_address>
         <size>0x30</size>
         <input_file_ref idref="fl-14"/>
      </object_component>
      <object_component id="oc-265">
         <name>.const:g_sCrystalfontz128x128_funcs</name>
         <load_address>0x709c</load_address>
         <run_address>0x709c</run_address>
         <size>0x20</size>
         <input_file_ref idref="fl-a"/>
      </object_component>
      <object_component id="oc-3d9">
         <name>.const:palette_HELICOPTER_8BPP_UNCOMP</name>
         <load_address>0x70bc</load_address>
         <run_address>0x70bc</run_address>
         <size>0x20</size>
         <input_file_ref idref="fl-7"/>
      </object_component>
      <object_component id="oc-50d">
         <name>.const:$P$T0$1</name>
         <load_address>0x70dc</load_address>
         <run_address>0x70dc</run_address>
         <size>0x1c</size>
         <input_file_ref idref="fl-b"/>
      </object_component>
      <object_component id="oc-25f">
         <name>.const:upConfigTimerA2</name>
         <load_address>0x70f8</load_address>
         <run_address>0x70f8</run_address>
         <size>0x18</size>
         <input_file_ref idref="fl-4"/>
      </object_component>
      <object_component id="oc-25c">
         <name>.const:upConfigTimerA3</name>
         <load_address>0x7110</load_address>
         <run_address>0x7110</run_address>
         <size>0x18</size>
         <input_file_ref idref="fl-4"/>
      </object_component>
      <object_component id="oc-154">
         <name>.const:ACCELEROMETER_BLACK_1BPP_UNCOMP</name>
         <load_address>0x7128</load_address>
         <run_address>0x7128</run_address>
         <size>0x10</size>
         <input_file_ref idref="fl-7"/>
      </object_component>
      <object_component id="oc-15a">
         <name>.const:ACCELEROMETER_BLUE_1BPP_UNCOMP</name>
         <load_address>0x7138</load_address>
         <run_address>0x7138</run_address>
         <size>0x10</size>
         <input_file_ref idref="fl-7"/>
      </object_component>
      <object_component id="oc-26b">
         <name>.const:HELICOPTER_8BPP_UNCOMP</name>
         <load_address>0x7148</load_address>
         <run_address>0x7148</run_address>
         <size>0x10</size>
         <input_file_ref idref="fl-7"/>
      </object_component>
      <object_component id="oc-157">
         <name>.const:JOYSTICK_BLACK_1BPP_UNCOMP</name>
         <load_address>0x7158</load_address>
         <run_address>0x7158</run_address>
         <size>0x10</size>
         <input_file_ref idref="fl-7"/>
      </object_component>
      <object_component id="oc-151">
         <name>.const:JOYSTICK_BLUE_1BPP_UNCOMP</name>
         <load_address>0x7168</load_address>
         <run_address>0x7168</run_address>
         <size>0x10</size>
         <input_file_ref idref="fl-7"/>
      </object_component>
      <object_component id="oc-274">
         <name>.const:MENU_1BPP_UNCOMP</name>
         <load_address>0x7178</load_address>
         <run_address>0x7178</run_address>
         <size>0x10</size>
         <input_file_ref idref="fl-7"/>
      </object_component>
      <object_component id="oc-26e">
         <name>.const:PROPELLERS1_8BPP_UNCOMP</name>
         <load_address>0x7188</load_address>
         <run_address>0x7188</run_address>
         <size>0x10</size>
         <input_file_ref idref="fl-7"/>
      </object_component>
      <object_component id="oc-271">
         <name>.const:PROPELLERS2_8BPP_UNCOMP</name>
         <load_address>0x7198</load_address>
         <run_address>0x7198</run_address>
         <size>0x10</size>
         <input_file_ref idref="fl-7"/>
      </object_component>
      <object_component id="oc-3b5">
         <name>.const:$P$T0$1</name>
         <load_address>0x71a8</load_address>
         <run_address>0x71a8</run_address>
         <size>0x8</size>
         <input_file_ref idref="fl-a"/>
      </object_component>
      <object_component id="oc-38b">
         <name>.const:g_pulEnRegs</name>
         <load_address>0x71b0</load_address>
         <run_address>0x71b0</run_address>
         <size>0x8</size>
         <input_file_ref idref="fl-15"/>
      </object_component>
      <object_component id="oc-348">
         <name>.const:palette_BLACK_WHITE_1BPP_UNCOMP</name>
         <load_address>0x71b8</load_address>
         <run_address>0x71b8</run_address>
         <size>0x8</size>
         <input_file_ref idref="fl-7"/>
      </object_component>
      <object_component id="oc-340">
         <name>.const:palette_BLUE_WHITE_1BPP_UNCOMP</name>
         <load_address>0x71c0</load_address>
         <run_address>0x71c0</run_address>
         <size>0x8</size>
         <input_file_ref idref="fl-7"/>
      </object_component>
      <object_component id="oc-7dc">
         <name>.cinit..data.load</name>
         <load_address>0xce00</load_address>
         <run_address>0xce00</run_address>
         <size>0x503</size>
      </object_component>
      <object_component id="oc-7da">
         <name>__TI_handler_table</name>
         <load_address>0xd304</load_address>
         <run_address>0xd304</run_address>
         <size>0xc</size>
      </object_component>
      <object_component id="oc-7dd">
         <name>.cinit..bss.load</name>
         <load_address>0xd310</load_address>
         <run_address>0xd310</run_address>
         <size>0x8</size>
      </object_component>
      <object_component id="oc-7db">
         <name>__TI_cinit_table</name>
         <load_address>0xd318</load_address>
         <run_address>0xd318</run_address>
         <size>0x10</size>
      </object_component>
      <object_component id="oc-7ae">
         <name>.binit</name>
         <load_address>0x0</load_address>
         <run_address>0x0</run_address>
         <size>0x0</size>
      </object_component>
      <object_component id="oc-3f0">
         <name>.data</name>
         <load_address>0x20001c48</load_address>
         <run_address>0x20001c48</run_address>
         <size>0x18</size>
         <input_file_ref idref="fl-2"/>
      </object_component>
      <object_component id="oc-116">
         <name>.data:up_matrix</name>
         <load_address>0x20001540</load_address>
         <run_address>0x20001540</run_address>
         <size>0x2a8</size>
         <input_file_ref idref="fl-3"/>
      </object_component>
      <object_component id="oc-119">
         <name>.data:up_matrix_p</name>
         <load_address>0x200017e8</load_address>
         <run_address>0x200017e8</run_address>
         <size>0x2a8</size>
         <input_file_ref idref="fl-3"/>
      </object_component>
      <object_component id="oc-fe">
         <name>.data:fw_matrix</name>
         <load_address>0x20000550</load_address>
         <run_address>0x20000550</run_address>
         <size>0x2a8</size>
         <input_file_ref idref="fl-3"/>
      </object_component>
      <object_component id="oc-101">
         <name>.data:fw_matrix_p</name>
         <load_address>0x200007f8</load_address>
         <run_address>0x200007f8</run_address>
         <size>0x2a8</size>
         <input_file_ref idref="fl-3"/>
      </object_component>
      <object_component id="oc-104">
         <name>.data:bk_matrix</name>
         <load_address>0x20000000</load_address>
         <run_address>0x20000000</run_address>
         <size>0x2a8</size>
         <input_file_ref idref="fl-3"/>
      </object_component>
      <object_component id="oc-107">
         <name>.data:bk_matrix_p</name>
         <load_address>0x200002a8</load_address>
         <run_address>0x200002a8</run_address>
         <size>0x2a8</size>
         <input_file_ref idref="fl-3"/>
      </object_component>
      <object_component id="oc-110">
         <name>.data:left_matrix</name>
         <load_address>0x20000aa0</load_address>
         <run_address>0x20000aa0</run_address>
         <size>0x2a8</size>
         <input_file_ref idref="fl-3"/>
      </object_component>
      <object_component id="oc-113">
         <name>.data:left_matrix_p</name>
         <load_address>0x20000d48</load_address>
         <run_address>0x20000d48</run_address>
         <size>0x2a8</size>
         <input_file_ref idref="fl-3"/>
      </object_component>
      <object_component id="oc-10a">
         <name>.data:right_matrix</name>
         <load_address>0x20000ff0</load_address>
         <run_address>0x20000ff0</run_address>
         <size>0x2a8</size>
         <input_file_ref idref="fl-3"/>
      </object_component>
      <object_component id="oc-10d">
         <name>.data:right_matrix_p</name>
         <load_address>0x20001298</load_address>
         <run_address>0x20001298</run_address>
         <size>0x2a8</size>
         <input_file_ref idref="fl-3"/>
      </object_component>
      <object_component id="oc-fb">
         <name>.data</name>
         <load_address>0x20001c80</load_address>
         <run_address>0x20001c80</run_address>
         <size>0xd</size>
         <input_file_ref idref="fl-7"/>
      </object_component>
      <object_component id="oc-1d4">
         <name>.data</name>
         <load_address>0x20001cb0</load_address>
         <run_address>0x20001cb0</run_address>
         <size>0x4</size>
         <input_file_ref idref="fl-9"/>
      </object_component>
      <object_component id="oc-262">
         <name>.data:g_sCrystalfontz128x128</name>
         <load_address>0x20001c60</load_address>
         <run_address>0x20001c60</run_address>
         <size>0x10</size>
         <input_file_ref idref="fl-a"/>
      </object_component>
      <object_component id="oc-35b">
         <name>.data:$O1$$</name>
         <load_address>0x20001c90</load_address>
         <run_address>0x20001c90</run_address>
         <size>0xc</size>
         <input_file_ref idref="fl-ec"/>
      </object_component>
      <object_component id="oc-29f">
         <name>.data:$O1$$</name>
         <load_address>0x20001c9c</load_address>
         <run_address>0x20001c9c</run_address>
         <size>0x8</size>
         <input_file_ref idref="fl-ed"/>
      </object_component>
      <object_component id="oc-2a2">
         <name>.data:_ftable</name>
         <load_address>0x20001a90</load_address>
         <run_address>0x20001a90</run_address>
         <size>0xf0</size>
         <input_file_ref idref="fl-f1"/>
      </object_component>
      <object_component id="oc-6e3">
         <name>.data</name>
         <load_address>0x20001c70</load_address>
         <run_address>0x20001c70</run_address>
         <size>0x10</size>
         <input_file_ref idref="fl-f1"/>
      </object_component>
      <object_component id="oc-719">
         <name>.data:$O1$$</name>
         <load_address>0x20001ca4</load_address>
         <run_address>0x20001ca4</run_address>
         <size>0x8</size>
         <input_file_ref idref="fl-f4"/>
      </object_component>
      <object_component id="oc-6b3">
         <name>.data:_device</name>
         <load_address>0x20001b80</load_address>
         <run_address>0x20001b80</run_address>
         <size>0x78</size>
         <input_file_ref idref="fl-f9"/>
      </object_component>
      <object_component id="oc-662">
         <name>.data:_stream</name>
         <load_address>0x20001bf8</load_address>
         <run_address>0x20001bf8</run_address>
         <size>0x50</size>
         <input_file_ref idref="fl-f9"/>
      </object_component>
      <object_component id="oc-59d">
         <name>.data</name>
         <load_address>0x20001cac</load_address>
         <run_address>0x20001cac</run_address>
         <size>0x4</size>
         <input_file_ref idref="fl-fa"/>
      </object_component>
      <object_component id="oc-472">
         <name>.bss:g_pulConvertedPalette</name>
         <uninitialized>true</uninitialized>
         <run_address>0x20001cb4</run_address>
         <size>0x400</size>
         <input_file_ref idref="fl-21"/>
      </object_component>
      <object_component id="oc-767">
         <name>.bss:_CIOBUF_</name>
         <uninitialized>true</uninitialized>
         <run_address>0x200020b4</run_address>
         <size>0x120</size>
         <input_file_ref idref="fl-10d"/>
[...]
      </symbol>
      <symbol id="sm-a3b">
         <name>__aeabi_dmul</name>
         <value>0xab4d</value>
         <object_component_ref idref="oc-542"/>
      </symbol>
      <symbol id="sm-a45">
         <name>__aeabi_d2iz</name>
         <value>0xc31d</value>
         <object_component_ref idref="oc-551"/>
      </symbol>
      <symbol id="sm-a4f">
         <name>__aeabi_i2d</name>
         <value>0xc839</value>
         <object_component_ref idref="oc-55c"/>
      </symbol>
      <symbol id="sm-a6a">
         <name>memcpy</name>
         <value>0xb337</value>
         <object_component_ref idref="oc-3a"/>
      </symbol>
      <symbol id="sm-a6b">
         <name>__aeabi_memcpy</name>
         <value>0xb337</value>
         <object_component_ref idref="oc-3a"/>
      </symbol>
      <symbol id="sm-a6c">
         <name>__aeabi_memcpy8</name>
         <value>0xb337</value>
         <object_component_ref idref="oc-3a"/>
      </symbol>
      <symbol id="sm-a6d">
         <name>__aeabi_memcpy4</name>
         <value>0xb337</value>
         <object_component_ref idref="oc-3a"/>
      </symbol>
      <symbol id="sm-a7c">
         <name>__aeabi_memset</name>
         <value>0xb817</value>
         <object_component_ref idref="oc-94"/>
      </symbol>
      <symbol id="sm-a7d">
         <name>memset</name>
         <value>0xb81d</value>
         <object_component_ref idref="oc-94"/>
      </symbol>
      <symbol id="sm-a7e">
         <name>__aeabi_memset8</name>
         <value>0xb817</value>
         <object_component_ref idref="oc-94"/>
      </symbol>
      <symbol id="sm-a7f">
         <name>__aeabi_memset4</name>
         <value>0xb817</value>
         <object_component_ref idref="oc-94"/>
      </symbol>
      <symbol id="sm-a80">
         <name>__aeabi_memclr8</name>
         <value>0xb815</value>
         <object_component_ref idref="oc-94"/>
      </symbol>
      <symbol id="sm-a81">
         <name>__aeabi_memclr4</name>
         <value>0xb815</value>
         <object_component_ref idref="oc-94"/>
      </symbol>
      <symbol id="sm-a82">
         <name>__aeabi_memclr</name>
         <value>0xb815</value>
         <object_component_ref idref="oc-94"/>
      </symbol>
      <symbol id="sm-a8f">
         <name>__aeabi_uldivmod</name>
         <value>0xb3d3</value>
         <object_component_ref idref="oc-53b"/>
      </symbol>
      <symbol id="sm-aa1">
         <name>__TI_zero_init</name>
         <value>0xcdc5</value>
         <object_component_ref idref="oc-4c"/>
      </symbol>
      <symbol id="sm-ab8">
         <name>__TI_decompress_none</name>
         <value>0xcd85</value>
         <object_component_ref idref="oc-1d"/>
      </symbol>
      <symbol id="sm-adb">
         <name>__TI_decompress_lzss</name>
         <value>0xbb8d</value>
         <object_component_ref idref="oc-17"/>
      </symbol>
      <symbol id="sm-b01">
         <name>C$$EXIT</name>
         <value>0xcdfd</value>
         <object_component_ref idref="oc-196"/>
      </symbol>
      <symbol id="sm-b02">
         <name>abort</name>
         <value>0xcdfd</value>
         <object_component_ref idref="oc-196"/>
      </symbol>
      <symbol id="sm-b03">
         <name>__TI_dtors_ptr</name>
         <value>0x20001c94</value>
         <object_component_ref idref="oc-35b"/>
      </symbol>
      <symbol id="sm-b04">
         <name>__TI_cleanup_ptr</name>
         <value>0x20001c90</value>
         <object_component_ref idref="oc-35b"/>
      </symbol>
      <symbol id="sm-b05">
         <name>__TI_enable_exit_profile_output</name>
         <value>0x20001c98</value>
         <object_component_ref idref="oc-35b"/>
      </symbol>
      <symbol id="sm-b06">
         <name>exit</name>
         <value>0xc2d5</value>
         <object_component_ref idref="oc-19c"/>
      </symbol>
      <symbol id="sm-b1b">
         <name>_nop</name>
         <value>0x7c17</value>
         <object_component_ref idref="oc-44f"/>
      </symbol>
      <symbol id="sm-b1c">
         <name>_lock</name>
         <value>0x20001c9c</value>
         <object_component_ref idref="oc-29f"/>
      </symbol>
      <symbol id="sm-b1d">
         <name>_unlock</name>
         <value>0x20001ca0</value>
         <object_component_ref idref="oc-29f"/>
      </symbol>
      <symbol id="sm-b2c">
         <name>__TI_ltoa</name>
         <value>0xc0b5</value>
         <object_component_ref idref="oc-556"/>
      </symbol>
      <symbol id="sm-b42">
         <name>atoi</name>
         <value>0xc1f9</value>
         <object_component_ref idref="oc-408"/>
      </symbol>
      <symbol id="sm-b4d">
         <name>_ctypes_</name>
         <value>0x6cf7</value>
         <object_component_ref idref="oc-536"/>
      </symbol>
      <symbol id="sm-b62">
         <name>__TI_tmpnams</name>
         <value>0x200021d4</value>
      </symbol>
      <symbol id="sm-b63">
         <name>__aeabi_stdout</name>
         <value>0x20001c78</value>
         <object_component_ref idref="oc-6e3"/>
      </symbol>
      <symbol id="sm-b64">
         <name>__aeabi_stderr</name>
         <value>0x20001c7c</value>
         <object_component_ref idref="oc-6e3"/>
      </symbol>
      <symbol id="sm-b65">
         <name>__aeabi_stdin</name>
         <value>0x20001c74</value>
         <object_component_ref idref="oc-6e3"/>
      </symbol>
      <symbol id="sm-b66">
         <name>_ftable</name>
         <value>0x20001a90</value>
         <object_component_ref idref="oc-2a2"/>
      </symbol>
      <symbol id="sm-b67">
         <name>__TI_ft_end</name>
         <value>0x20001c70</value>
         <object_component_ref idref="oc-6e3"/>
      </symbol>
      <symbol id="sm-b77">
         <name>memccpy</name>
         <value>0xcb79</value>
         <object_component_ref idref="oc-431"/>
      </symbol>
      <symbol id="sm-b87">
         <name>memchr</name>
         <value>0xcb21</value>
         <object_component_ref idref="oc-5be"/>
      </symbol>
      <symbol id="sm-c10">
         <name>_sys_memory</name>
         <value>0x200022a8</value>
         <object_component_ref idref="oc-29"/>
      </symbol>
      <symbol id="sm-c11">
         <name>free</name>
         <value>0xad45</value>
         <object_component_ref idref="oc-694"/>
      </symbol>
      <symbol id="sm-c12">
         <name>memalign</name>
         <value>0xaa4d</value>
         <object_component_ref idref="oc-6d6"/>
      </symbol>
      <symbol id="sm-c13">
         <name>malloc</name>
         <value>0xcde5</value>
         <object_component_ref idref="oc-69a"/>
      </symbol>
      <symbol id="sm-c14">
         <name>aligned_alloc</name>
         <value>0xaa4d</value>
         <object_component_ref idref="oc-6d6"/>
      </symbol>
      <symbol id="sm-c24">
         <name>strchr</name>
         <value>0xcc9b</value>
         <object_component_ref idref="oc-58d"/>
      </symbol>
      <symbol id="sm-c32">
         <name>strlen</name>
         <value>0xcced</value>
         <object_component_ref idref="oc-402"/>
      </symbol>
      <symbol id="sm-c45">
         <name>__stack</name>
         <value>0x2000fe00</value>
         <object_component_ref idref="oc-2c"/>
      </symbol>
      <symbol id="sm-c46">
         <name>_c_int00_noargs</name>
         <value>0xc775</value>
         <object_component_ref idref="oc-58"/>
      </symbol>
      <symbol id="sm-c60">
         <name>write</name>
         <value>0xcad5</value>
         <object_component_ref idref="oc-5ca"/>
      </symbol>
      <symbol id="sm-c71">
         <name>_stream</name>
         <value>0x20001bf8</value>
         <object_component_ref idref="oc-662"/>
      </symbol>
      <symbol id="sm-c72">
         <name>_device</name>
         <value>0x20001b80</value>
         <object_component_ref idref="oc-6b3"/>
      </symbol>
      <symbol id="sm-c88">
         <name>__aeabi_errno_addr</name>
         <value>0xcddd</value>
         <object_component_ref idref="oc-43d"/>
      </symbol>
      <symbol id="sm-c89">
         <name>errno</name>
         <value>0x20001cac</value>
         <object_component_ref idref="oc-59d"/>
      </symbol>
      <symbol id="sm-ca2">
         <name>wcslen</name>
         <value>0xcd13</value>
         <object_component_ref idref="oc-437"/>
      </symbol>
      <symbol id="sm-cc2">
         <name>frexpl</name>
         <value>0xbc5d</value>
         <object_component_ref idref="oc-581"/>
      </symbol>
      <symbol id="sm-cc3">
         <name>frexp</name>
         <value>0xbc5d</value>
         <object_component_ref idref="oc-581"/>
      </symbol>
      <symbol id="sm-ce0">
         <name>scalbn</name>
         <value>0xa835</value>
         <object_component_ref idref="oc-587"/>
      </symbol>
      <symbol id="sm-ce1">
         <name>scalbnl</name>
         <value>0xa835</value>
         <object_component_ref idref="oc-587"/>
      </symbol>
      <symbol id="sm-ce2">
         <name>ldexpl</name>
         <value>0xa835</value>
         <object_component_ref idref="oc-587"/>
      </symbol>
      <symbol id="sm-ce3">
         <name>ldexp</name>
         <value>0xa835</value>
         <object_component_ref idref="oc-587"/>
      </symbol>
      <symbol id="sm-cf3">
         <name>__TI_doflush</name>
         <value>0xc1ad</value>
         <object_component_ref idref="oc-5c4"/>
      </symbol>
      <symbol id="sm-d03">
         <name>__TI_cleanup</name>
         <value>0xc70d</value>
         <object_component_ref idref="oc-6a0"/>
      </symbol>
      <symbol id="sm-d15">
         <name>fseek</name>
         <value>0xbcc1</value>
         <object_component_ref idref="oc-650"/>
      </symbol>
      <symbol id="sm-d1f">
         <name>__aeabi_idiv0</name>
         <value>0x8f93</value>
         <object_component_ref idref="oc-61b"/>
      </symbol>
      <symbol id="sm-d20">
         <name>__aeabi_ldiv0</name>
         <value>0x8f93</value>
         <object_component_ref idref="oc-61b"/>
      </symbol>
      <symbol id="sm-d48">
         <name>__TI_auto_init_nobinit_nopinit</name>
         <value>0xc435</value>
         <object_component_ref idref="oc-1a2"/>
      </symbol>
      <symbol id="sm-d52">
         <name>_system_pre_init</name>
         <value>0xcdf9</value>
         <object_component_ref idref="oc-9a"/>
      </symbol>
      <symbol id="sm-d65">
         <name>HOSTclose</name>
         <value>0xc3ad</value>
         <object_component_ref idref="oc-6ef"/>
      </symbol>
      <symbol id="sm-d76">
         <name>HOSTlseek</name>
         <value>0xbabd</value>
         <object_component_ref idref="oc-701"/>
      </symbol>
      <symbol id="sm-d88">
         <name>parmbuf</name>
         <value>0x20002290</value>
      </symbol>
      <symbol id="sm-d89">
         <name>HOSTopen</name>
         <value>0xbd89</value>
         <object_component_ref idref="oc-6e9"/>
      </symbol>
      <symbol id="sm-d9a">
         <name>HOSTread</name>
         <value>0xbf59</value>
         <object_component_ref idref="oc-6f5"/>
      </symbol>
      <symbol id="sm-dab">
         <name>HOSTrename</name>
         <value>0xba51</value>
         <object_component_ref idref="oc-70d"/>
      </symbol>
      <symbol id="sm-dbc">
         <name>HOSTunlink</name>
         <value>0xc3f1</value>
         <object_component_ref idref="oc-707"/>
      </symbol>
      <symbol id="sm-dcd">
         <name>HOSTwrite</name>
         <value>0xbfb1</value>
         <object_component_ref idref="oc-6fb"/>
      </symbol>
      <symbol id="sm-df1">
         <name>__TI_readmsg</name>
         <value>0xc741</value>
         <object_component_ref idref="oc-73c"/>
      </symbol>
      <symbol id="sm-df2">
         <name>C$$IO$$</name>
         <value>0xc663</value>
         <object_component_ref idref="oc-736"/>
      </symbol>
      <symbol id="sm-df3">
         <name>__CIOBUF_</name>
         <value>0x200020b4</value>
         <object_component_ref idref="oc-767"/>
      </symbol>
      <symbol id="sm-df4">
         <name>__TI_writemsg</name>
         <value>0xc635</value>
         <object_component_ref idref="oc-736"/>
      </symbol>
      <symbol id="sm-e05">
         <name>lseek</name>
         <value>0xcaad</value>
         <object_component_ref idref="oc-68c"/>
      </symbol>
      <symbol id="sm-e0f">
         <name>copysign</name>
         <value>0xcbe3</value>
         <object_component_ref idref="oc-634"/>
      </symbol>
      <symbol id="sm-e10">
         <name>copysignl</name>
         <value>0xcbe3</value>
         <object_component_ref idref="oc-634"/>
      </symbol>
      <symbol id="sm-e25">
         <name>__TI_closefile</name>
         <value>0xb891</value>
         <object_component_ref idref="oc-6dd"/>
      </symbol>
      <symbol id="sm-e48">
         <name>finddevice</name>
         <value>0xc809</value>
         <object_component_ref idref="oc-785"/>
      </symbol>
      <symbol id="sm-e49">
         <name>getdevice</name>
         <value>0xc479</value>
         <object_component_ref idref="oc-75d"/>
      </symbol>
      <symbol id="sm-e58">
         <name>strcmp</name>
         <value>0xcc15</value>
         <object_component_ref idref="oc-79c"/>
      </symbol>
      <symbol id="sm-e66">
         <name>strcpy</name>
         <value>0xccd9</value>
         <object_component_ref idref="oc-750"/>
      </symbol>
      <symbol id="sm-e76">
         <name>strncpy</name>
         <value>0xc6a3</value>
         <object_component_ref idref="oc-77f"/>
      </symbol>
      <symbol id="sm-e8b">
         <name>close</name>
         <value>0xbe49</value>
         <object_component_ref idref="oc-725"/>
      </symbol>
      <symbol id="sm-e9b">
         <name>unlink</name>
         <value>0xc919</value>
         <object_component_ref idref="oc-72b"/>
      </symbol>
      <symbol id="sm-e9c">
         <name>__TI_static_base__</name>
         <value>0x0</value>
      </symbol>
      <symbol id="sm-e9f">
         <name>__mpu_init</name>
         <value>0x0</value>
      </symbol>
      <symbol id="sm-ea0">
         <name>_system_post_cinit</name>
         <value>0x0</value>
      </symbol>
      <symbol id="sm-ea1">
         <name>NMI_Handler</name>
         <value>0xcd9f</value>
      </symbol>
      <symbol id="sm-ea2">
         <name>HardFault_Handler</name>
         <value>0xcd9f</value>
      </symbol>
      <symbol id="sm-ea3">
         <name>MemManage_Handler</name>
         <value>0xcd9f</value>
      </symbol>
      <symbol id="sm-ea4">
         <name>BusFault_Handler</name>
         <value>0xcd9f</value>
      </symbol>
      <symbol id="sm-ea5">
         <name>UsageFault_Handler</name>
         <value>0xcd9f</value>
      </symbol>
      <symbol id="sm-ea6">
         <name>SVC_Handler</name>
         <value>0xcd9f</value>
      </symbol>
      <symbol id="sm-ea7">
         <name>DebugMon_Handler</name>
         <value>0xcd9f</value>
      </symbol>
      <symbol id="sm-ea8">
         <name>PendSV_Handler</name>
         <value>0xcd9f</value>
      </symbol>
      <symbol id="sm-ea9">
         <name>SysTick_Handler</name>
         <value>0xcd9f</value>
      </symbol>
      <symbol id="sm-eaa">
         <name>PSS_IRQHandler</name>
         <value>0xcd9f</value>
      </symbol>
      <symbol id="sm-eab">
         <name>CS_IRQHandler</name>
         <value>0xcd9f</value>
      </symbol>
      <symbol id="sm-eac">
         <name>PCM_IRQHandler</name>
         <value>0xcd9f</value>
      </symbol>
      <symbol id="sm-ead">
         <name>WDT_A_IRQHandler</name>
         <value>0xcd9f</value>
      </symbol>
      <symbol id="sm-eae">
         <name>FPU_IRQHandler</name>
         <value>0xcd9f</value>
      </symbol>
      <symbol id="sm-eaf">
         <name>FLCTL_IRQHandler</name>
         <value>0xcd9f</value>
      </symbol>
      <symbol id="sm-eb0">
         <name>COMP_E0_IRQHandler</name>
         <value>0xcd9f</value>
      </symbol>
      <symbol id="sm-eb1">
         <name>COMP_E1_IRQHandler</name>
         <value>0xcd9f</value>
      </symbol>
      <symbol id="sm-eb2">
         <name>TA0_0_IRQHandler</name>
         <value>0xcd9f</value>
      </symbol>
      <symbol id="sm-eb3">
         <name>TA0_N_IRQHandler</name>
         <value>0xcd9f</value>
      </symbol>
      <symbol id="sm-eb4">
         <name>TA1_0_IRQHandler</name>
         <value>0xcd9f</value>
      </symbol>
      <symbol id="sm-eb5">
         <name>TA1_N_IRQHandler</name>
         <value>0xcd9f</value>
      </symbol>
      <symbol id="sm-eb6">
         <name>TA2_0_IRQHandler</name>
         <value>0x8499</value>
      </symbol>
      <symbol id="sm-eb7">
         <name>TA2_N_IRQHandler</name>
         <value>0xcd9f</value>
      </symbol>
      <symbol id="sm-eb8">
         <name>TA3_0_IRQHandler</name>
         <value>0x84b7</value>
      </symbol>
      <symbol id="sm-eb9">
         <name>TA3_N_IRQHandler</name>
         <value>0xcd9f</value>
      </symbol>
      <symbol id="sm-eba">
         <name>EUSCIA0_IRQHandler</name>
         <value>0xcd9f</value>
      </symbol>
      <symbol id="sm-ebb">
         <name>EUSCIA1_IRQHandler</name>
         <value>0xcd9f</value>
      </symbol>
      <symbol id="sm-ebc">
         <name>EUSCIA2_IRQHandler</name>
         <value>0xcd9f</value>
      </symbol>
      <symbol id="sm-ebd">
         <name>EUSCIA3_IRQHandler</name>
         <value>0xcd9f</value>
      </symbol>
      <symbol id="sm-ebe">
         <name>EUSCIB0_IRQHandler</name>
         <value>0xcd9f</value>
      </symbol>
      <symbol id="sm-ebf">
         <name>EUSCIB1_IRQHandler</name>
         <value>0xcd9f</value>
      </symbol>
      <symbol id="sm-ec0">
         <name>EUSCIB2_IRQHandler</name>
         <value>0xcd9f</value>
      </symbol>
      <symbol id="sm-ec1">
         <name>EUSCIB3_IRQHandler</name>
         <value>0xcd9f</value>
      </symbol>
      <symbol id="sm-ec2">
         <name>ADC14_IRQHandler</name>
         <value>0x8509</value>
      </symbol>
      <symbol id="sm-ec3">
         <name>T32_INT1_IRQHandler</name>
         <value>0xcd9f</value>
      </symbol>
      <symbol id="sm-ec4">
         <name>T32_INT2_IRQHandler</name>
         <value>0xcd9f</value>
      </symbol>
      <symbol id="sm-ec5">
         <name>T32_INTC_IRQHandler</name>
         <value>0xcd9f</value>
      </symbol>
      <symbol id="sm-ec6">
         <name>AES256_IRQHandler</name>
         <value>0xcd9f</value>
      </symbol>
      <symbol id="sm-ec7">
         <name>RTC_C_IRQHandler</name>
         <value>0xcd9f</value>
      </symbol>
      <symbol id="sm-ec8">
         <name>DMA_ERR_IRQHandler</name>
         <value>0xcd9f</value>
      </symbol>
      <symbol id="sm-ec9">
         <name>DMA_INT3_IRQHandler</name>
         <value>0xcd9f</value>
      </symbol>
      <symbol id="sm-eca">
         <name>DMA_INT2_IRQHandler</name>
         <value>0xcd9f</value>
      </symbol>
      <symbol id="sm-ecb">
         <name>DMA_INT1_IRQHandler</name>
         <value>0xcd9f</value>
      </symbol>
      <symbol id="sm-ecc">
         <name>DMA_INT0_IRQHandler</name>
         <value>0xcd9f</value>
      </symbol>
      <symbol id="sm-ecd">
         <name>PORT1_IRQHandler</name>
         <value>0xcd9f</value>
      </symbol>
      <symbol id="sm-ece">
         <name>PORT2_IRQHandler</name>
         <value>0xcd9f</value>
      </symbol>
      <symbol id="sm-ecf">
         <name>PORT3_IRQHandler</name>
         <value>0x86c5</value>
      </symbol>
      <symbol id="sm-ed0">
         <name>PORT4_IRQHandler</name>
         <value>0xcd9f</value>
      </symbol>
      <symbol id="sm-ed1">
         <name>PORT5_IRQHandler</name>
         <value>0x8709</value>
      </symbol>
      <symbol id="sm-ed2">
         <name>PORT6_IRQHandler</name>
         <value>0xcd9f</value>
      </symbol>
      <symbol id="sm-ed3">
         <name>remove</name>
         <value>0xc919</value>
      </symbol>
   </symbol_table>
   <title>Link successful</title>
</link_info>
