******************************************************************************
                  TI ARM Linker Unix v20.2.7                   
******************************************************************************
>> Linked Fri Dec  2 17:55:47 2022

OUTPUT FILE NAME:   <provaaa.out>
ENTRY POINT SYMBOL: "_c_int00_noargs"  address: 000016bd


MEMORY CONFIGURATION

         name            origin    length      used     unused   attr    fill
----------------------  --------  ---------  --------  --------  ----  --------
  MAIN                  00000000   00040000  00002944  0003d6bc  R  X
  INFO                  00200000   00004000  00000000  00004000  R  X
  SRAM_CODE             01000000   00010000  0000061e  0000f9e2  RW X
  SRAM_DATA             20000000   00010000  0000061e  0000f9e2  RW  


SEGMENT ALLOCATION MAP

run origin  load origin   length   init length attrs members
----------  ----------- ---------- ----------- ----- -------
00000000    00000000    00002948   00002948    r-x
  00000000    00000000    000000e4   000000e4    r-- .intvecs
  000000e4    000000e4    000017b8   000017b8    r-x .text
  0000189c    0000189c    00001070   00001070    r-- .const
  00002910    00002910    00000038   00000038    r-- .cinit
20000000    20000000    00000420   00000000    rw-
  20000000    20000000    0000040a   00000000    rw- .bss
  2000040c    2000040c    00000014   00000000    rw- .data
2000fe00    2000fe00    00000200   00000000    rw-
  2000fe00    2000fe00    00000200   00000000    rw- .stack


SECTION ALLOCATION MAP

 output                                  attributes/
section   page    origin      length       input sections
--------  ----  ----------  ----------   ----------------
.intvecs   0    00000000    000000e4     
                  00000000    000000e4     startup_msp432p401r_ccs.obj (.intvecs:retain)

.text      0    000000e4    000017b8     
                  000000e4    00000680     Crystalfontz128x128_ST7735.obj (.text)
                  00000764    00000390     grlib.a : image.obj (.text:Graphics_drawImage)
                  00000af4    00000334     system_msp432p401r.obj (.text)
                  00000e28    00000160     main.obj (.text)
                  00000f88    00000112     grlib.a : rectangle.obj (.text:Graphics_fillRectangle)
                  0000109a    00000002     --HOLE-- [fill = 0]
                  0000109c    000000cc     HAL_MSP_EXP432P401R_Crystalfontz128x128_ST7735.obj (.text)
                  00001168    000000b0     msp432p4xx_driverlib.lib : spi.o (.text:SPI_initMaster)
                  00001218    0000009c     rtsv7M4_T_le_v4SPD16_eabi.lib : memcpy_t2.asm.obj (.text)
                  000012b4    00000088     msp432p4xx_driverlib.lib : gpio.o (.text:GPIO_setAsPeripheralModuleFunctionOutputPin)
                  0000133c    0000007a     rtsv7M4_T_le_v4SPD16_eabi.lib : memset_t2.asm.obj (.text)
                  000013b6    00000002     --HOLE-- [fill = 0]
                  000013b8    0000006c     grlib.a : image.obj (.text:Graphics_convertPalette)
                  00001424    00000068     msp432p4xx_driverlib.lib : timer32.o (.text:Timer32_initModule)
                  0000148c    00000068     rtsv7M4_T_le_v4SPD16_eabi.lib : copy_decompress_lzss.c.obj (.text:decompress:lzss:__TI_decompress_lzss)
                  000014f4    00000052     grlib.a : context.obj (.text:Graphics_initContext)
                  00001546    00000046             : display.obj (.text:Graphics_drawMultiplePixelsOnDisplay)
                  0000158c    00000044     rtsv7M4_T_le_v4SPD16_eabi.lib : autoinit.c.obj (.text:__TI_auto_init_nobinit_nopinit:__TI_auto_init_nobinit_nopinit)
                  000015d0    00000040     msp432p4xx_driverlib.lib : gpio.o (.text:GPIO_setAsOutputPin)
                  00001610    00000040                              : spi.o (.text:is_A_Module)
                  00001650    00000038                              : timer32.o (.text:Timer32_startTimer)
                  00001688    00000034                              : timer32.o (.text:Timer32_setCount)
                  000016bc    00000034     rtsv7M4_T_le_v4SPD16_eabi.lib : boot_cortex_m.c.obj (.text:_c_int00_noargs:_c_int00_noargs)
                  000016f0    0000002c     grlib.a : display.obj (.text:Graphics_drawPixelOnDisplay)
                  0000171c    00000028     msp432p4xx_driverlib.lib : gpio.o (.text:GPIO_setOutputHighOnPin)
                  00001744    00000028                              : gpio.o (.text:GPIO_setOutputLowOnPin)
                  0000176c    0000001e     grlib.a : display.obj (.text:Graphics_fillRectangleOnDisplay)
                  0000178a    0000001c     msp432p4xx_driverlib.lib : spi.o (.text:SPI_enableModule)
                  000017a6    0000001a     grlib.a : display.obj (.text:Graphics_clearDisplayOnDisplay)
                  000017c0    0000001a             : context.obj (.text:Graphics_setBackgroundColor)
                  000017da    0000001a             : context.obj (.text:Graphics_setFont)
                  000017f4    00000016     msp432p4xx_driverlib.lib : spi.o (.text:EUSCI_A_SPI_enable)
                  0000180a    00000016                              : spi.o (.text:EUSCI_B_SPI_enable)
                  00001820    00000016     grlib.a : context.obj (.text:Graphics_setForegroundColor)
                  00001836    00000016             : display.obj (.text:Graphics_translateColorOnDisplay)
                  0000184c    00000012             : context.obj (.text:Graphics_clearDisplay)
                  0000185e    0000000e     msp432p4xx_driverlib.lib : timer32.o (.text:Timer32_getValue)
                  0000186c    0000000e     rtsv7M4_T_le_v4SPD16_eabi.lib : copy_decompress_none.c.obj (.text:decompress:none:__TI_decompress_none)
                  0000187a    0000000e     startup_msp432p401r_ccs.obj (.text)
                  00001888    0000000c     rtsv7M4_T_le_v4SPD16_eabi.lib : copy_zero_init.c.obj (.text:decompress:ZI:__TI_zero_init)
                  00001894    00000004                                   : pre_init.c.obj (.text:_system_pre_init)
                  00001898    00000004                                   : exit.c.obj (.text:abort:abort)

.const     0    0000189c    00001070     
                  0000189c    00000514     grlib.a : fontcmss12.obj (.const:.string:g_pucCmss12Data)
                  00001db0    00000400     Mario.obj (.const:palette_Mario8BPP_UNCOMP)
                  000021b0    00000400     Tile.obj (.const:palette_MarioBrosTile8BPP_UNCOMP)
                  000025b0    00000100     Mario.obj (.const:.string:pixel_Mario8BPP_UNCOMP)
                  000026b0    00000100     Tile.obj (.const:.string:pixel_MarioBrosTile8BPP_UNCOMP)
                  000027b0    000000c8     grlib.a : fontcmss12.obj (.const:g_sFontCmss12)
                  00002878    00000030     msp432p4xx_driverlib.lib : gpio.o (.const:GPIO_PORT_TO_BASE)
                  000028a8    00000020     Crystalfontz128x128_ST7735.obj (.const:g_sCrystalfontz128x128_funcs)
                  000028c8    0000001c     HAL_MSP_EXP432P401R_Crystalfontz128x128_ST7735.obj (.const:$P$T0$1)
                  000028e4    00000010     Mario.obj (.const:Mario8BPP_UNCOMP)
                  000028f4    00000010     Tile.obj (.const:MarioBrosTile8BPP_UNCOMP)
                  00002904    00000008     Crystalfontz128x128_ST7735.obj (.const:$P$T0$1)

.cinit     0    00002910    00000038     
                  00002910    00000012     (.cinit..data.load) [load image, compression = lzss]
                  00002922    00000002     --HOLE-- [fill = 0]
                  00002924    0000000c     (__TI_handler_table)
                  00002930    00000008     (.cinit..bss.load) [load image, compression = zero_init]
                  00002938    00000010     (__TI_cinit_table)

.init_array 
*          0    00000000    00000000     UNINITIALIZED

.binit     0    00000000    00000000     

.bss       0    20000000    0000040a     UNINITIALIZED
                  20000000    00000400     grlib.a : image.obj (.bss:g_pulConvertedPalette)
                  20000400    00000002     (.common:Lcd_ScreenHeigth)
                  20000402    00000002     (.common:Lcd_ScreenWidth)
                  20000404    00000002     (.common:Lcd_TouchTrim)
                  20000406    00000001     (.common:Lcd_FlagRead)
                  20000407    00000001     (.common:Lcd_FontSolid)
                  20000408    00000001     (.common:Lcd_Orientation)
                  20000409    00000001     (.common:Lcd_PenSolid)

.data      0    2000040c    00000014     UNINITIALIZED
                  2000040c    00000010     Crystalfontz128x128_ST7735.obj (.data:g_sCrystalfontz128x128)
                  2000041c    00000004     system_msp432p401r.obj (.data)

.stack     0    2000fe00    00000200     UNINITIALIZED
                  2000fe00    00000004     rtsv7M4_T_le_v4SPD16_eabi.lib : boot_cortex_m.c.obj (.stack)
                  2000fe04    000001fc     --HOLE--

__llvm_prf_cnts 
*          0    20000000    00000000     UNINITIALIZED

MODULE SUMMARY

       Module                                               code   ro data   rw data
       ------                                               ----   -------   -------
    ./
       Mario.obj                                            0      1296      0      
       Tile.obj                                             0      1296      0      
       system_msp432p401r.obj                               820    0         8      
       main.obj                                             352    0         0      
       startup_msp432p401r_ccs.obj                          14     228       0      
    +--+----------------------------------------------------+------+---------+---------+
       Total:                                               1186   2820      8      
                                                                                    
    ./LcdDriver/
       Crystalfontz128x128_ST7735.obj                       1664   40        52     
       HAL_MSP_EXP432P401R_Crystalfontz128x128_ST7735.obj   204    28        0      
    +--+----------------------------------------------------+------+---------+---------+
       Total:                                               1868   68        52     
                                                                                    
    /Applications/ti/ccs1210/ccs/tools/compiler/ti-cgt-arm_20.2.7.LTS/lib/rtsv7M4_T_le_v4SPD16_eabi.lib
       memcpy_t2.asm.obj                                    156    0         0      
       memset_t2.asm.obj                                    122    0         0      
       copy_decompress_lzss.c.obj                           104    0         0      
       autoinit.c.obj                                       68     0         0      
       boot_cortex_m.c.obj                                  52     0         0      
       copy_decompress_none.c.obj                           14     0         0      
       copy_zero_init.c.obj                                 12     0         0      
       exit.c.obj                                           4      0         0      
       pre_init.c.obj                                       4      0         0      
    +--+----------------------------------------------------+------+---------+---------+
       Total:                                               536    0         0      
                                                                                    
    /Users/matteobeltrami/Desktop/Uni/embedded software for the IoT/include in projects/grlib.a
       image.obj                                            1020   0         2048   
       fontcmss12.obj                                       0      1500      0      
       rectangle.obj                                        274    0         0      
       display.obj                                          192    0         0      
       context.obj                                          174    0         0      
    +--+----------------------------------------------------+------+---------+---------+
       Total:                                               1660   1500      2048   
                                                                                    
    /Users/matteobeltrami/Desktop/Uni/embedded software for the IoT/include in projects/msp432p4xx_driverlib.lib
       gpio.o                                               280    48        0      
       spi.o                                                312    0         0      
       timer32.o                                            226    0         0      
    +--+----------------------------------------------------+------+---------+---------+
       Total:                                               818    48        0      
                                                                                    
       Stack:                                               0      0         1024   
       Linker Generated:                                    0      54        0      
    +--+----------------------------------------------------+------+---------+---------+
       Grand Total:                                         6068   4490      3132   


LINKER GENERATED COPY TABLES

__TI_cinit_table @ 00002938 records: 2, size/record: 8, table size: 16
	.data: load addr=00002910, load size=00000012 bytes, run addr=2000040c, run size=00000014 bytes, compression=lzss
	.bss: load addr=00002930, load size=00000008 bytes, run addr=20000000, run size=0000040a bytes, compression=zero_init


LINKER GENERATED HANDLER TABLE

__TI_handler_table @ 00002924 records: 3, size/record: 4, table size: 12
	index: 0, handler: __TI_decompress_lzss
	index: 1, handler: __TI_decompress_none
	index: 2, handler: __TI_zero_init


GLOBAL SYMBOLS: SORTED ALPHABETICALLY BY Name 

address   name                                       
-------   ----                                       
00001887  ADC14_IRQHandler                           
00001887  AES256_IRQHandler                          
00001887  BusFault_Handler                           
00001899  C$$EXIT                                    
00001887  COMP_E0_IRQHandler                         
00001887  COMP_E1_IRQHandler                         
00001887  CS_IRQHandler                              
000000e5  Crystalfontz128x128_Init                   
000001f9  Crystalfontz128x128_SetDrawFrame           
00000327  Crystalfontz128x128_SetOrientation         
00001887  DMA_ERR_IRQHandler                         
00001887  DMA_INT0_IRQHandler                        
00001887  DMA_INT1_IRQHandler                        
00001887  DMA_INT2_IRQHandler                        
00001887  DMA_INT3_IRQHandler                        
00001887  DebugMon_Handler                           
00001887  Default_Handler                            
00001887  EUSCIA0_IRQHandler                         
00001887  EUSCIA1_IRQHandler                         
00001887  EUSCIA2_IRQHandler                         
00001887  EUSCIA3_IRQHandler                         
00001887  EUSCIB0_IRQHandler                         
00001887  EUSCIB1_IRQHandler                         
00001887  EUSCIB2_IRQHandler                         
00001887  EUSCIB3_IRQHandler                         
000017f5  EUSCI_A_SPI_enable                         
0000180b  EUSCI_B_SPI_enable                         
00001887  FLCTL_IRQHandler                           
00001887  FPU_IRQHandler                             
000015d1  GPIO_setAsOutputPin                        
000012b5  GPIO_setAsPeripheralModuleFunctionOutputPin
0000171d  GPIO_setOutputHighOnPin                    
00001745  GPIO_setOutputLowOnPin                     
0000184d  Graphics_clearDisplay                      
000017a7  Graphics_clearDisplayOnDisplay             
00000765  Graphics_drawImage                         
00001547  Graphics_drawMultiplePixelsOnDisplay       
000016f1  Graphics_drawPixelOnDisplay                
00000f89  Graphics_fillRectangle                     
0000176d  Graphics_fillRectangleOnDisplay            
000014f5  Graphics_initContext                       
000017c1  Graphics_setBackgroundColor                
000017db  Graphics_setFont                           
00001821  Graphics_setForegroundColor                
00001837  Graphics_translateColorOnDisplay           
0000109d  HAL_LCD_PortInit                           
000010cd  HAL_LCD_SpiInit                            
00001103  HAL_LCD_writeCommand                       
00001133  HAL_LCD_writeData                          
00001887  HardFault_Handler                          
20000406  Lcd_FlagRead                               
20000407  Lcd_FontSolid                              
20000408  Lcd_Orientation                            
20000409  Lcd_PenSolid                               
20000400  Lcd_ScreenHeigth                           
20000402  Lcd_ScreenWidth                            
20000404  Lcd_TouchTrim                              
000028e4  Mario8BPP_UNCOMP                           
000028f4  MarioBrosTile8BPP_UNCOMP                   
00001887  MemManage_Handler                          
00001887  NMI_Handler                                
00001887  PCM_IRQHandler                             
00001887  PORT1_IRQHandler                           
00001887  PORT2_IRQHandler                           
00001887  PORT3_IRQHandler                           
00001887  PORT4_IRQHandler                           
00001887  PORT5_IRQHandler                           
00001887  PORT6_IRQHandler                           
00001887  PSS_IRQHandler                             
00001887  PendSV_Handler                             
00001887  RTC_C_IRQHandler                           
0000187b  Reset_Handler                              
0000178b  SPI_enableModule                           
00001169  SPI_initMaster                             
00001887  SVC_Handler                                
00001887  SysTick_Handler                            
2000041c  SystemCoreClock                            
00000af5  SystemCoreClockUpdate                      
00000d6d  SystemInit                                 
00001887  T32_INT1_IRQHandler                        
00001887  T32_INT2_IRQHandler                        
00001887  T32_INTC_IRQHandler                        
00001887  TA0_0_IRQHandler                           
00001887  TA0_N_IRQHandler                           
00001887  TA1_0_IRQHandler                           
00001887  TA1_N_IRQHandler                           
00001887  TA2_0_IRQHandler                           
00001887  TA2_N_IRQHandler                           
00001887  TA3_0_IRQHandler                           
00001887  TA3_N_IRQHandler                           
0000185f  Timer32_getValue                           
00001425  Timer32_initModule                         
00001689  Timer32_setCount                           
00001651  Timer32_startTimer                         
00001887  UsageFault_Handler                         
4000480c  WDTCTL_SYM                                 
00001887  WDT_A_IRQHandler                           
20010000  __STACK_END                                
00000200  __STACK_SIZE                               
00002938  __TI_CINIT_Base                            
00002948  __TI_CINIT_Limit                           
00002924  __TI_Handler_Table_Base                    
00002930  __TI_Handler_Table_Limit                   
0000158d  __TI_auto_init_nobinit_nopinit             
0000148d  __TI_decompress_lzss                       
0000186d  __TI_decompress_none                       
ffffffff  __TI_pprof_out_hndl                        
ffffffff  __TI_prof_data_size                        
ffffffff  __TI_prof_data_start                       
00000000  __TI_static_base__                         
00001889  __TI_zero_init                             
0000133d  __aeabi_memclr                             
0000133d  __aeabi_memclr4                            
0000133d  __aeabi_memclr8                            
00001219  __aeabi_memcpy                             
00001219  __aeabi_memcpy4                            
00001219  __aeabi_memcpy8                            
0000133f  __aeabi_memset                             
0000133f  __aeabi_memset4                            
0000133f  __aeabi_memset8                            
ffffffff  __binit__                                  
ffffffff  __c_args__                                 
UNDEFED   __mpu_init                                 
2000fe00  __stack                                    
20000000  __start___llvm_prf_cnts                    
20000000  __stop___llvm_prf_cnts                     
000016bd  _c_int00_noargs                            
UNDEFED   _system_post_cinit                         
00001895  _system_pre_init                           
00001899  abort                                      
ffffffff  binit                                      
2000040c  g_sCrystalfontz128x128                     
000028a8  g_sCrystalfontz128x128_funcs               
000027b0  g_sFontCmss12                              
00000e29  initializeGraphics                         
00000000  interruptVectors                           
00000e77  isTimerExpired                             
00000e8f  main                                       
00001219  memcpy                                     
00001345  memset                                     
00000e63  restartTimer                               


GLOBAL SYMBOLS: SORTED BY Symbol Address 

address   name                                       
-------   ----                                       
00000000  __TI_static_base__                         
00000000  interruptVectors                           
000000e5  Crystalfontz128x128_Init                   
000001f9  Crystalfontz128x128_SetDrawFrame           
00000200  __STACK_SIZE                               
00000327  Crystalfontz128x128_SetOrientation         
00000765  Graphics_drawImage                         
00000af5  SystemCoreClockUpdate                      
00000d6d  SystemInit                                 
00000e29  initializeGraphics                         
00000e63  restartTimer                               
00000e77  isTimerExpired                             
00000e8f  main                                       
00000f89  Graphics_fillRectangle                     
0000109d  HAL_LCD_PortInit                           
000010cd  HAL_LCD_SpiInit                            
00001103  HAL_LCD_writeCommand                       
00001133  HAL_LCD_writeData                          
00001169  SPI_initMaster                             
00001219  __aeabi_memcpy                             
00001219  __aeabi_memcpy4                            
00001219  __aeabi_memcpy8                            
00001219  memcpy                                     
000012b5  GPIO_setAsPeripheralModuleFunctionOutputPin
0000133d  __aeabi_memclr                             
0000133d  __aeabi_memclr4                            
0000133d  __aeabi_memclr8                            
0000133f  __aeabi_memset                             
0000133f  __aeabi_memset4                            
0000133f  __aeabi_memset8                            
00001345  memset                                     
00001425  Timer32_initModule                         
0000148d  __TI_decompress_lzss                       
000014f5  Graphics_initContext                       
00001547  Graphics_drawMultiplePixelsOnDisplay       
0000158d  __TI_auto_init_nobinit_nopinit             
000015d1  GPIO_setAsOutputPin                        
00001651  Timer32_startTimer                         
00001689  Timer32_setCount                           
000016bd  _c_int00_noargs                            
000016f1  Graphics_drawPixelOnDisplay                
0000171d  GPIO_setOutputHighOnPin                    
00001745  GPIO_setOutputLowOnPin                     
0000176d  Graphics_fillRectangleOnDisplay            
0000178b  SPI_enableModule                           
000017a7  Graphics_clearDisplayOnDisplay             
000017c1  Graphics_setBackgroundColor                
000017db  Graphics_setFont                           
000017f5  EUSCI_A_SPI_enable                         
0000180b  EUSCI_B_SPI_enable                         
00001821  Graphics_setForegroundColor                
00001837  Graphics_translateColorOnDisplay           
0000184d  Graphics_clearDisplay                      
0000185f  Timer32_getValue                           
0000186d  __TI_decompress_none                       
0000187b  Reset_Handler                              
00001887  ADC14_IRQHandler                           
00001887  AES256_IRQHandler                          
00001887  BusFault_Handler                           
00001887  COMP_E0_IRQHandler                         
00001887  COMP_E1_IRQHandler                         
00001887  CS_IRQHandler                              
00001887  DMA_ERR_IRQHandler                         
00001887  DMA_INT0_IRQHandler                        
00001887  DMA_INT1_IRQHandler                        
00001887  DMA_INT2_IRQHandler                        
00001887  DMA_INT3_IRQHandler                        
00001887  DebugMon_Handler                           
00001887  Default_Handler                            
00001887  EUSCIA0_IRQHandler                         
00001887  EUSCIA1_IRQHandler                         
00001887  EUSCIA2_IRQHandler                         
00001887  EUSCIA3_IRQHandler                         
00001887  EUSCIB0_IRQHandler                         
00001887  EUSCIB1_IRQHandler                         
00001887  EUSCIB2_IRQHandler                         
00001887  EUSCIB3_IRQHandler                         
00001887  FLCTL_IRQHandler                           
00001887  FPU_IRQHandler                             
00001887  HardFault_Handler                          
00001887  MemManage_Handler                          
00001887  NMI_Handler                                
00001887  PCM_IRQHandler                             
00001887  PORT1_IRQHandler                           
00001887  PORT2_IRQHandler                           
00001887  PORT3_IRQHandler                           
00001887  PORT4_IRQHandler                           
00001887  PORT5_IRQHandler                           
00001887  PORT6_IRQHandler                           
00001887  PSS_IRQHandler                             
00001887  PendSV_Handler                             
00001887  RTC_C_IRQHandler                           
00001887  SVC_Handler                                
00001887  SysTick_Handler                            
00001887  T32_INT1_IRQHandler                        
00001887  T32_INT2_IRQHandler                        
00001887  T32_INTC_IRQHandler                        
00001887  TA0_0_IRQHandler                           
00001887  TA0_N_IRQHandler                           
00001887  TA1_0_IRQHandler                           
00001887  TA1_N_IRQHandler                           
00001887  TA2_0_IRQHandler                           
00001887  TA2_N_IRQHandler                           
00001887  TA3_0_IRQHandler                           
00001887  TA3_N_IRQHandler                           
00001887  UsageFault_Handler                         
00001887  WDT_A_IRQHandler                           
00001889  __TI_zero_init                             
00001895  _system_pre_init                           
00001899  C$$EXIT                                    
00001899  abort                                      
000027b0  g_sFontCmss12                              
000028a8  g_sCrystalfontz128x128_funcs               
000028e4  Mario8BPP_UNCOMP                           
000028f4  MarioBrosTile8BPP_UNCOMP                   
00002924  __TI_Handler_Table_Base                    
00002930  __TI_Handler_Table_Limit                   
00002938  __TI_CINIT_Base                            
00002948  __TI_CINIT_Limit                           
20000000  __start___llvm_prf_cnts                    
20000000  __stop___llvm_prf_cnts                     
20000400  Lcd_ScreenHeigth                           
20000402  Lcd_ScreenWidth                            
20000404  Lcd_TouchTrim                              
20000406  Lcd_FlagRead                               
20000407  Lcd_FontSolid                              
20000408  Lcd_Orientation                            
20000409  Lcd_PenSolid                               
2000040c  g_sCrystalfontz128x128                     
2000041c  SystemCoreClock                            
2000fe00  __stack                                    
20010000  __STACK_END                                
4000480c  WDTCTL_SYM                                 
ffffffff  __TI_pprof_out_hndl                        
ffffffff  __TI_prof_data_size                        
ffffffff  __TI_prof_data_start                       
ffffffff  __binit__                                  
ffffffff  __c_args__                                 
ffffffff  binit                                      
UNDEFED   __mpu_init                                 
UNDEFED   _system_post_cinit                         

[141 symbols]
