******************************************************************************
                  TI ARM Linker Unix v20.2.7                   
******************************************************************************
>> Linked Fri Dec  2 19:39:35 2022

OUTPUT FILE NAME:   <provaImg.out>
ENTRY POINT SYMBOL: "_c_int00_noargs"  address: 00009a49


MEMORY CONFIGURATION

         name            origin    length      used     unused   attr    fill
----------------------  --------  ---------  --------  --------  ----  --------
  MAIN                  00000000   00040000  00009c34  000363cc  R  X
  INFO                  00200000   00004000  00000000  00004000  R  X
  SRAM_CODE             01000000   00010000  0000061e  0000f9e2  RW X
  SRAM_DATA             20000000   00010000  0000061e  0000f9e2  RW  


SEGMENT ALLOCATION MAP

run origin  load origin   length   init length attrs members
----------  ----------- ---------- ----------- ----- -------
00000000    00000000    00009c38   00009c38    r-x
  00000000    00000000    000000e4   000000e4    r-- .intvecs
  000000e4    000000e4    00008660   00008660    r-- .const
  00008744    00008744    000014b8   000014b8    r-x .text
  00009c00    00009c00    00000038   00000038    r-- .cinit
20000000    20000000    00000420   00000000    rw-
  20000000    20000000    0000040a   00000000    rw- .bss
  2000040c    2000040c    00000014   00000000    rw- .data
2000fe00    2000fe00    00000200   00000000    rw-
  2000fe00    2000fe00    00000200   00000000    rw- .stack


SECTION ALLOCATION MAP

 output                                  attributes/
section   page    origin      length       input sections
--------  ----  ----------  ----------   ----------------
.intvecs   0    00000000    000000e4     
                  00000000    000000e4     startup_msp432p401r_ccs.obj (.intvecs:retain)

.const     0    000000e4    00008660     
                  000000e4    00004000     prov.obj (.const:.string:palette_FRECCIA8BPP_UNCOMP)
                  000040e4    00004000     prov.obj (.const:.string:pixel_FRECCIA8BPP_UNCOMP)
                  000080e4    00000514     grlib.a : fontcmss12.obj (.const:.string:g_pucCmss12Data)
                  000085f8    000000c8             : fontcmss12.obj (.const:g_sFontCmss12)
                  000086c0    00000030     msp432p4xx_driverlib.lib : gpio.o (.const:GPIO_PORT_TO_BASE)
                  000086f0    00000020     Crystalfontz128x128_ST7735.obj (.const:g_sCrystalfontz128x128_funcs)
                  00008710    0000001c     HAL_MSP_EXP432P401R_Crystalfontz128x128_ST7735.obj (.const:$P$T0$1)
                  0000872c    00000010     prov.obj (.const:FRECCIA8BPP_UNCOMP)
                  0000873c    00000008     Crystalfontz128x128_ST7735.obj (.const:$P$T0$1)

.text      0    00008744    000014b8     
                  00008744    00000680     Crystalfontz128x128_ST7735.obj (.text)
                  00008dc4    00000390     grlib.a : image.obj (.text:Graphics_drawImage)
                  00009154    00000334     system_msp432p401r.obj (.text)
                  00009488    000000cc     HAL_MSP_EXP432P401R_Crystalfontz128x128_ST7735.obj (.text)
                  00009554    000000b0     msp432p4xx_driverlib.lib : spi.o (.text:SPI_initMaster)
                  00009604    0000009c     rtsv7M4_T_le_v4SPD16_eabi.lib : memcpy_t2.asm.obj (.text)
                  000096a0    00000088     msp432p4xx_driverlib.lib : gpio.o (.text:GPIO_setAsPeripheralModuleFunctionOutputPin)
                  00009728    0000007a     rtsv7M4_T_le_v4SPD16_eabi.lib : memset_t2.asm.obj (.text)
                  000097a2    00000002     --HOLE-- [fill = 0]
                  000097a4    00000074     main.obj (.text)
                  00009818    0000006c     grlib.a : image.obj (.text:Graphics_convertPalette)
                  00009884    00000068     rtsv7M4_T_le_v4SPD16_eabi.lib : copy_decompress_lzss.c.obj (.text:decompress:lzss:__TI_decompress_lzss)
                  000098ec    00000052     grlib.a : context.obj (.text:Graphics_initContext)
                  0000993e    00000046             : display.obj (.text:Graphics_drawMultiplePixelsOnDisplay)
                  00009984    00000044     rtsv7M4_T_le_v4SPD16_eabi.lib : autoinit.c.obj (.text:__TI_auto_init_nobinit_nopinit:__TI_auto_init_nobinit_nopinit)
                  000099c8    00000040     msp432p4xx_driverlib.lib : gpio.o (.text:GPIO_setAsOutputPin)
                  00009a08    00000040                              : spi.o (.text:is_A_Module)
                  00009a48    00000034     rtsv7M4_T_le_v4SPD16_eabi.lib : boot_cortex_m.c.obj (.text:_c_int00_noargs:_c_int00_noargs)
                  00009a7c    0000002c     grlib.a : display.obj (.text:Graphics_drawPixelOnDisplay)
                  00009aa8    00000028     msp432p4xx_driverlib.lib : gpio.o (.text:GPIO_setOutputHighOnPin)
                  00009ad0    00000028                              : gpio.o (.text:GPIO_setOutputLowOnPin)
                  00009af8    0000001c                              : spi.o (.text:SPI_enableModule)
                  00009b14    0000001a     grlib.a : display.obj (.text:Graphics_clearDisplayOnDisplay)
                  00009b2e    0000001a             : context.obj (.text:Graphics_setBackgroundColor)
                  00009b48    0000001a             : context.obj (.text:Graphics_setFont)
                  00009b62    00000016     msp432p4xx_driverlib.lib : spi.o (.text:EUSCI_A_SPI_enable)
                  00009b78    00000016                              : spi.o (.text:EUSCI_B_SPI_enable)
                  00009b8e    00000016     grlib.a : context.obj (.text:Graphics_setForegroundColor)
                  00009ba4    00000016             : display.obj (.text:Graphics_translateColorOnDisplay)
                  00009bba    00000012             : context.obj (.text:Graphics_clearDisplay)
                  00009bcc    0000000e     rtsv7M4_T_le_v4SPD16_eabi.lib : copy_decompress_none.c.obj (.text:decompress:none:__TI_decompress_none)
                  00009bda    0000000e     startup_msp432p401r_ccs.obj (.text)
                  00009be8    0000000c     rtsv7M4_T_le_v4SPD16_eabi.lib : copy_zero_init.c.obj (.text:decompress:ZI:__TI_zero_init)
                  00009bf4    00000004                                   : pre_init.c.obj (.text:_system_pre_init)
                  00009bf8    00000004                                   : exit.c.obj (.text:abort:abort)

.cinit     0    00009c00    00000038     
                  00009c00    00000012     (.cinit..data.load) [load image, compression = lzss]
                  00009c12    00000002     --HOLE-- [fill = 0]
                  00009c14    0000000c     (__TI_handler_table)
                  00009c20    00000008     (.cinit..bss.load) [load image, compression = zero_init]
                  00009c28    00000010     (__TI_cinit_table)

.init_array 
*          0    00000000    00000000     UNINITIALIZED

.binit     0    00000000    00000000     

.bss       0    20000000    0000040a     UNINITIALIZED
                  20000000    00000400     grlib.a : image.obj (.bss:g_pulConvertedPalette)
                  20000400    00000002     (.common:Lcd_ScreenHeigth)
                  20000402    00000002     (.common:Lcd_ScreenWidth)
                  20000404    00000002     (.common:Lcd_TouchTrim)
                  20000406    00000001     (.common:Lcd_FlagRead)
                  20000407    00000001     (.common:Lcd_FontSolid)
                  20000408    00000001     (.common:Lcd_Orientation)
                  20000409    00000001     (.common:Lcd_PenSolid)

.data      0    2000040c    00000014     UNINITIALIZED
                  2000040c    00000010     Crystalfontz128x128_ST7735.obj (.data:g_sCrystalfontz128x128)
                  2000041c    00000004     system_msp432p401r.obj (.data)

.stack     0    2000fe00    00000200     UNINITIALIZED
                  2000fe00    00000004     rtsv7M4_T_le_v4SPD16_eabi.lib : boot_cortex_m.c.obj (.stack)
                  2000fe04    000001fc     --HOLE--

__llvm_prf_cnts 
*          0    20000000    00000000     UNINITIALIZED

MODULE SUMMARY

       Module                                               code   ro data   rw data
       ------                                               ----   -------   -------
    ./
       prov.obj                                             0      32784     0      
       system_msp432p401r.obj                               820    0         8      
       startup_msp432p401r_ccs.obj                          14     228       0      
       main.obj                                             116    0         0      
    +--+----------------------------------------------------+------+---------+---------+
       Total:                                               950    33012     8      
                                                                                    
    ./LcdDriver/
       Crystalfontz128x128_ST7735.obj                       1664   40        52     
       HAL_MSP_EXP432P401R_Crystalfontz128x128_ST7735.obj   204    28        0      
    +--+----------------------------------------------------+------+---------+---------+
       Total:                                               1868   68        52     
                                                                                    
    /Applications/ti/ccs1210/ccs/tools/compiler/ti-cgt-arm_20.2.7.LTS/lib/rtsv7M4_T_le_v4SPD16_eabi.lib
       memcpy_t2.asm.obj                                    156    0         0      
       memset_t2.asm.obj                                    122    0         0      
       copy_decompress_lzss.c.obj                           104    0         0      
       autoinit.c.obj                                       68     0         0      
       boot_cortex_m.c.obj                                  52     0         0      
       copy_decompress_none.c.obj                           14     0         0      
       copy_zero_init.c.obj                                 12     0         0      
       exit.c.obj                                           4      0         0      
       pre_init.c.obj                                       4      0         0      
    +--+----------------------------------------------------+------+---------+---------+
       Total:                                               536    0         0      
                                                                                    
    /Users/matteobeltrami/Desktop/Uni/embedded software for the IoT/include in projects/grlib.a
       image.obj                                            1020   0         2048   
       fontcmss12.obj                                       0      1500      0      
       context.obj                                          174    0         0      
       display.obj                                          162    0         0      
    +--+----------------------------------------------------+------+---------+---------+
       Total:                                               1356   1500      2048   
                                                                                    
    /Users/matteobeltrami/Desktop/Uni/embedded software for the IoT/include in projects/msp432p4xx_driverlib.lib
       gpio.o                                               280    48        0      
       spi.o                                                312    0         0      
    +--+----------------------------------------------------+------+---------+---------+
       Total:                                               592    48        0      
                                                                                    
       Stack:                                               0      0         1024   
       Linker Generated:                                    0      54        0      
    +--+----------------------------------------------------+------+---------+---------+
       Grand Total:                                         5302   34682     3132   


LINKER GENERATED COPY TABLES

__TI_cinit_table @ 00009c28 records: 2, size/record: 8, table size: 16
	.data: load addr=00009c00, load size=00000012 bytes, run addr=2000040c, run size=00000014 bytes, compression=lzss
	.bss: load addr=00009c20, load size=00000008 bytes, run addr=20000000, run size=0000040a bytes, compression=zero_init


LINKER GENERATED HANDLER TABLE

__TI_handler_table @ 00009c14 records: 3, size/record: 4, table size: 12
	index: 0, handler: __TI_decompress_lzss
	index: 1, handler: __TI_decompress_none
	index: 2, handler: __TI_zero_init


GLOBAL SYMBOLS: SORTED ALPHABETICALLY BY Name 

address   name                                       
-------   ----                                       
00009be7  ADC14_IRQHandler                           
00009be7  AES256_IRQHandler                          
00009be7  BusFault_Handler                           
00009bf9  C$$EXIT                                    
00009be7  COMP_E0_IRQHandler                         
00009be7  COMP_E1_IRQHandler                         
00009be7  CS_IRQHandler                              
00008745  Crystalfontz128x128_Init                   
00008859  Crystalfontz128x128_SetDrawFrame           
00008987  Crystalfontz128x128_SetOrientation         
00009be7  DMA_ERR_IRQHandler                         
00009be7  DMA_INT0_IRQHandler                        
00009be7  DMA_INT1_IRQHandler                        
00009be7  DMA_INT2_IRQHandler                        
00009be7  DMA_INT3_IRQHandler                        
00009be7  DebugMon_Handler                           
00009be7  Default_Handler                            
00009be7  EUSCIA0_IRQHandler                         
00009be7  EUSCIA1_IRQHandler                         
00009be7  EUSCIA2_IRQHandler                         
00009be7  EUSCIA3_IRQHandler                         
00009be7  EUSCIB0_IRQHandler                         
00009be7  EUSCIB1_IRQHandler                         
00009be7  EUSCIB2_IRQHandler                         
00009be7  EUSCIB3_IRQHandler                         
00009b63  EUSCI_A_SPI_enable                         
00009b79  EUSCI_B_SPI_enable                         
00009be7  FLCTL_IRQHandler                           
00009be7  FPU_IRQHandler                             
0000872c  FRECCIA8BPP_UNCOMP                         
000099c9  GPIO_setAsOutputPin                        
000096a1  GPIO_setAsPeripheralModuleFunctionOutputPin
00009aa9  GPIO_setOutputHighOnPin                    
00009ad1  GPIO_setOutputLowOnPin                     
00009bbb  Graphics_clearDisplay                      
00009b15  Graphics_clearDisplayOnDisplay             
00008dc5  Graphics_drawImage                         
0000993f  Graphics_drawMultiplePixelsOnDisplay       
00009a7d  Graphics_drawPixelOnDisplay                
000098ed  Graphics_initContext                       
00009b2f  Graphics_setBackgroundColor                
00009b49  Graphics_setFont                           
00009b8f  Graphics_setForegroundColor                
00009ba5  Graphics_translateColorOnDisplay           
00009489  HAL_LCD_PortInit                           
000094b9  HAL_LCD_SpiInit                            
000094ef  HAL_LCD_writeCommand                       
0000951f  HAL_LCD_writeData                          
00009be7  HardFault_Handler                          
20000406  Lcd_FlagRead                               
20000407  Lcd_FontSolid                              
20000408  Lcd_Orientation                            
20000409  Lcd_PenSolid                               
20000400  Lcd_ScreenHeigth                           
20000402  Lcd_ScreenWidth                            
20000404  Lcd_TouchTrim                              
00009be7  MemManage_Handler                          
00009be7  NMI_Handler                                
00009be7  PCM_IRQHandler                             
00009be7  PORT1_IRQHandler                           
00009be7  PORT2_IRQHandler                           
00009be7  PORT3_IRQHandler                           
00009be7  PORT4_IRQHandler                           
00009be7  PORT5_IRQHandler                           
00009be7  PORT6_IRQHandler                           
00009be7  PSS_IRQHandler                             
00009be7  PendSV_Handler                             
00009be7  RTC_C_IRQHandler                           
00009bdb  Reset_Handler                              
00009af9  SPI_enableModule                           
00009555  SPI_initMaster                             
00009be7  SVC_Handler                                
00009be7  SysTick_Handler                            
2000041c  SystemCoreClock                            
00009155  SystemCoreClockUpdate                      
000093cd  SystemInit                                 
00009be7  T32_INT1_IRQHandler                        
00009be7  T32_INT2_IRQHandler                        
00009be7  T32_INTC_IRQHandler                        
00009be7  TA0_0_IRQHandler                           
00009be7  TA0_N_IRQHandler                           
00009be7  TA1_0_IRQHandler                           
00009be7  TA1_N_IRQHandler                           
00009be7  TA2_0_IRQHandler                           
00009be7  TA2_N_IRQHandler                           
00009be7  TA3_0_IRQHandler                           
00009be7  TA3_N_IRQHandler                           
00009be7  UsageFault_Handler                         
4000480c  WDTCTL_SYM                                 
00009be7  WDT_A_IRQHandler                           
20010000  __STACK_END                                
00000200  __STACK_SIZE                               
00009c28  __TI_CINIT_Base                            
00009c38  __TI_CINIT_Limit                           
00009c14  __TI_Handler_Table_Base                    
00009c20  __TI_Handler_Table_Limit                   
00009985  __TI_auto_init_nobinit_nopinit             
00009885  __TI_decompress_lzss                       
00009bcd  __TI_decompress_none                       
ffffffff  __TI_pprof_out_hndl                        
ffffffff  __TI_prof_data_size                        
ffffffff  __TI_prof_data_start                       
00000000  __TI_static_base__                         
00009be9  __TI_zero_init                             
00009729  __aeabi_memclr                             
00009729  __aeabi_memclr4                            
00009729  __aeabi_memclr8                            
00009605  __aeabi_memcpy                             
00009605  __aeabi_memcpy4                            
00009605  __aeabi_memcpy8                            
0000972b  __aeabi_memset                             
0000972b  __aeabi_memset4                            
0000972b  __aeabi_memset8                            
ffffffff  __binit__                                  
ffffffff  __c_args__                                 
UNDEFED   __mpu_init                                 
2000fe00  __stack                                    
20000000  __start___llvm_prf_cnts                    
20000000  __stop___llvm_prf_cnts                     
00009a49  _c_int00_noargs                            
UNDEFED   _system_post_cinit                         
00009bf5  _system_pre_init                           
00009bf9  abort                                      
ffffffff  binit                                      
2000040c  g_sCrystalfontz128x128                     
000086f0  g_sCrystalfontz128x128_funcs               
000085f8  g_sFontCmss12                              
000097a5  initializeGraphics                         
00000000  interruptVectors                           
000097df  main                                       
00009605  memcpy                                     
00009731  memset                                     


GLOBAL SYMBOLS: SORTED BY Symbol Address 

address   name                                       
-------   ----                                       
00000000  __TI_static_base__                         
00000000  interruptVectors                           
00000200  __STACK_SIZE                               
000085f8  g_sFontCmss12                              
000086f0  g_sCrystalfontz128x128_funcs               
0000872c  FRECCIA8BPP_UNCOMP                         
00008745  Crystalfontz128x128_Init                   
00008859  Crystalfontz128x128_SetDrawFrame           
00008987  Crystalfontz128x128_SetOrientation         
00008dc5  Graphics_drawImage                         
00009155  SystemCoreClockUpdate                      
000093cd  SystemInit                                 
00009489  HAL_LCD_PortInit                           
000094b9  HAL_LCD_SpiInit                            
000094ef  HAL_LCD_writeCommand                       
0000951f  HAL_LCD_writeData                          
00009555  SPI_initMaster                             
00009605  __aeabi_memcpy                             
00009605  __aeabi_memcpy4                            
00009605  __aeabi_memcpy8                            
00009605  memcpy                                     
000096a1  GPIO_setAsPeripheralModuleFunctionOutputPin
00009729  __aeabi_memclr                             
00009729  __aeabi_memclr4                            
00009729  __aeabi_memclr8                            
0000972b  __aeabi_memset                             
0000972b  __aeabi_memset4                            
0000972b  __aeabi_memset8                            
00009731  memset                                     
000097a5  initializeGraphics                         
000097df  main                                       
00009885  __TI_decompress_lzss                       
000098ed  Graphics_initContext                       
0000993f  Graphics_drawMultiplePixelsOnDisplay       
00009985  __TI_auto_init_nobinit_nopinit             
000099c9  GPIO_setAsOutputPin                        
00009a49  _c_int00_noargs                            
00009a7d  Graphics_drawPixelOnDisplay                
00009aa9  GPIO_setOutputHighOnPin                    
00009ad1  GPIO_setOutputLowOnPin                     
00009af9  SPI_enableModule                           
00009b15  Graphics_clearDisplayOnDisplay             
00009b2f  Graphics_setBackgroundColor                
00009b49  Graphics_setFont                           
00009b63  EUSCI_A_SPI_enable                         
00009b79  EUSCI_B_SPI_enable                         
00009b8f  Graphics_setForegroundColor                
00009ba5  Graphics_translateColorOnDisplay           
00009bbb  Graphics_clearDisplay                      
00009bcd  __TI_decompress_none                       
00009bdb  Reset_Handler                              
00009be7  ADC14_IRQHandler                           
00009be7  AES256_IRQHandler                          
00009be7  BusFault_Handler                           
00009be7  COMP_E0_IRQHandler                         
00009be7  COMP_E1_IRQHandler                         
00009be7  CS_IRQHandler                              
00009be7  DMA_ERR_IRQHandler                         
00009be7  DMA_INT0_IRQHandler                        
00009be7  DMA_INT1_IRQHandler                        
00009be7  DMA_INT2_IRQHandler                        
00009be7  DMA_INT3_IRQHandler                        
00009be7  DebugMon_Handler                           
00009be7  Default_Handler                            
00009be7  EUSCIA0_IRQHandler                         
00009be7  EUSCIA1_IRQHandler                         
00009be7  EUSCIA2_IRQHandler                         
00009be7  EUSCIA3_IRQHandler                         
00009be7  EUSCIB0_IRQHandler                         
00009be7  EUSCIB1_IRQHandler                         
00009be7  EUSCIB2_IRQHandler                         
00009be7  EUSCIB3_IRQHandler                         
00009be7  FLCTL_IRQHandler                           
00009be7  FPU_IRQHandler                             
00009be7  HardFault_Handler                          
00009be7  MemManage_Handler                          
00009be7  NMI_Handler                                
00009be7  PCM_IRQHandler                             
00009be7  PORT1_IRQHandler                           
00009be7  PORT2_IRQHandler                           
00009be7  PORT3_IRQHandler                           
00009be7  PORT4_IRQHandler                           
00009be7  PORT5_IRQHandler                           
00009be7  PORT6_IRQHandler                           
00009be7  PSS_IRQHandler                             
00009be7  PendSV_Handler                             
00009be7  RTC_C_IRQHandler                           
00009be7  SVC_Handler                                
00009be7  SysTick_Handler                            
00009be7  T32_INT1_IRQHandler                        
00009be7  T32_INT2_IRQHandler                        
00009be7  T32_INTC_IRQHandler                        
00009be7  TA0_0_IRQHandler                           
00009be7  TA0_N_IRQHandler                           
00009be7  TA1_0_IRQHandler                           
00009be7  TA1_N_IRQHandler                           
00009be7  TA2_0_IRQHandler                           
00009be7  TA2_N_IRQHandler                           
00009be7  TA3_0_IRQHandler                           
00009be7  TA3_N_IRQHandler                           
00009be7  UsageFault_Handler                         
00009be7  WDT_A_IRQHandler                           
00009be9  __TI_zero_init                             
00009bf5  _system_pre_init                           
00009bf9  C$$EXIT                                    
00009bf9  abort                                      
00009c14  __TI_Handler_Table_Base                    
00009c20  __TI_Handler_Table_Limit                   
00009c28  __TI_CINIT_Base                            
00009c38  __TI_CINIT_Limit                           
20000000  __start___llvm_prf_cnts                    
20000000  __stop___llvm_prf_cnts                     
20000400  Lcd_ScreenHeigth                           
20000402  Lcd_ScreenWidth                            
20000404  Lcd_TouchTrim                              
20000406  Lcd_FlagRead                               
20000407  Lcd_FontSolid                              
20000408  Lcd_Orientation                            
20000409  Lcd_PenSolid                               
2000040c  g_sCrystalfontz128x128                     
2000041c  SystemCoreClock                            
2000fe00  __stack                                    
20010000  __STACK_END                                
4000480c  WDTCTL_SYM                                 
ffffffff  __TI_pprof_out_hndl                        
ffffffff  __TI_prof_data_size                        
ffffffff  __TI_prof_data_start                       
ffffffff  __binit__                                  
ffffffff  __c_args__                                 
ffffffff  binit                                      
UNDEFED   __mpu_init                                 
UNDEFED   _system_post_cinit                         

[132 symbols]
