<?xml version="1.0" encoding="ISO-8859-1" ?>
<link_info>
   <banner>TI ARM Linker Unix v20.2.7.LTS</banner>
   <copyright>Copyright (c) 1996-2018 Texas Instruments Incorporated</copyright>
   <link_time>0x638a4667</link_time>
   <link_errors>0x0</link_errors>
   <output_file>provaImg.out</output_file>
   <entry_point>
      <name>_c_int00_noargs</name>
      <address>0x9a49</address>
   </entry_point>
   <input_file_list>
      <input_file id="fl-2">
         <path>./</path>
         <kind>object</kind>
         <file>main.obj</file>
         <name>main.obj</name>
      </input_file>
      <input_file id="fl-3">
         <path>./</path>
         <kind>object</kind>
         <file>prov.obj</file>
         <name>prov.obj</name>
      </input_file>
      <input_file id="fl-4">
         <path>./</path>
         <kind>object</kind>
         <file>startup_msp432p401r_ccs.obj</file>
         <name>startup_msp432p401r_ccs.obj</name>
      </input_file>
      <input_file id="fl-5">
         <path>./</path>
         <kind>object</kind>
         <file>system_msp432p401r.obj</file>
         <name>system_msp432p401r.obj</name>
      </input_file>
      <input_file id="fl-6">
         <path>./LcdDriver/</path>
         <kind>object</kind>
         <file>Crystalfontz128x128_ST7735.obj</file>
         <name>Crystalfontz128x128_ST7735.obj</name>
      </input_file>
      <input_file id="fl-7">
         <path>./LcdDriver/</path>
         <kind>object</kind>
         <file>HAL_MSP_EXP432P401R_Crystalfontz128x128_ST7735.obj</file>
         <name>HAL_MSP_EXP432P401R_Crystalfontz128x128_ST7735.obj</name>
      </input_file>
      <input_file id="fl-d">
         <kind>object</kind>
         <file>&lt;internal&gt;</file>
         <name>&lt;internal&gt;</name>
      </input_file>
      <input_file id="fl-c3">
         <path>/Applications/ti/ccs1210/ccs/tools/compiler/ti-cgt-arm_20.2.7.LTS/lib/</path>
         <kind>archive</kind>
         <file>rtsv7M4_T_le_v4SPD16_eabi.lib</file>
         <name>copy_zero_init.c.obj</name>
      </input_file>
      <input_file id="fl-c4">
         <path>/Applications/ti/ccs1210/ccs/tools/compiler/ti-cgt-arm_20.2.7.LTS/lib/</path>
         <kind>archive</kind>
         <file>rtsv7M4_T_le_v4SPD16_eabi.lib</file>
         <name>copy_decompress_none.c.obj</name>
      </input_file>
      <input_file id="fl-c5">
         <path>/Applications/ti/ccs1210/ccs/tools/compiler/ti-cgt-arm_20.2.7.LTS/lib/</path>
         <kind>archive</kind>
         <file>rtsv7M4_T_le_v4SPD16_eabi.lib</file>
         <name>copy_decompress_lzss.c.obj</name>
      </input_file>
      <input_file id="fl-c6">
         <path>/Applications/ti/ccs1210/ccs/tools/compiler/ti-cgt-arm_20.2.7.LTS/lib/</path>
         <kind>archive</kind>
         <file>rtsv7M4_T_le_v4SPD16_eabi.lib</file>
         <name>boot_cortex_m.c.obj</name>
      </input_file>
      <input_file id="fl-c7">
         <path>/Applications/ti/ccs1210/ccs/tools/compiler/ti-cgt-arm_20.2.7.LTS/lib/</path>
         <kind>archive</kind>
         <file>rtsv7M4_T_le_v4SPD16_eabi.lib</file>
         <name>memcpy_t2.asm.obj</name>
      </input_file>
      <input_file id="fl-c8">
         <path>/Applications/ti/ccs1210/ccs/tools/compiler/ti-cgt-arm_20.2.7.LTS/lib/</path>
         <kind>archive</kind>
         <file>rtsv7M4_T_le_v4SPD16_eabi.lib</file>
         <name>memset_t2.asm.obj</name>
      </input_file>
      <input_file id="fl-c9">
         <path>/Applications/ti/ccs1210/ccs/tools/compiler/ti-cgt-arm_20.2.7.LTS/lib/</path>
         <kind>archive</kind>
         <file>rtsv7M4_T_le_v4SPD16_eabi.lib</file>
         <name>autoinit.c.obj</name>
      </input_file>
      <input_file id="fl-ca">
         <path>/Applications/ti/ccs1210/ccs/tools/compiler/ti-cgt-arm_20.2.7.LTS/lib/</path>
         <kind>archive</kind>
         <file>rtsv7M4_T_le_v4SPD16_eabi.lib</file>
         <name>pre_init.c.obj</name>
      </input_file>
      <input_file id="fl-cb">
         <path>/Applications/ti/ccs1210/ccs/tools/compiler/ti-cgt-arm_20.2.7.LTS/lib/</path>
         <kind>archive</kind>
         <file>rtsv7M4_T_le_v4SPD16_eabi.lib</file>
         <name>cpy_tbl.c.obj</name>
      </input_file>
      <input_file id="fl-cc">
         <path>/Applications/ti/ccs1210/ccs/tools/compiler/ti-cgt-arm_20.2.7.LTS/lib/</path>
         <kind>archive</kind>
         <file>rtsv7M4_T_le_v4SPD16_eabi.lib</file>
         <name>exit.c.obj</name>
      </input_file>
      <input_file id="fl-cd">
         <path>/Applications/ti/ccs1210/ccs/tools/compiler/ti-cgt-arm_20.2.7.LTS/lib/</path>
         <kind>archive</kind>
         <file>rtsv7M4_T_le_v4SPD16_eabi.lib</file>
         <name>_lock.c.obj</name>
      </input_file>
      <input_file id="fl-ce">
         <path>/Applications/ti/ccs1210/ccs/tools/compiler/ti-cgt-arm_20.2.7.LTS/lib/</path>
         <kind>archive</kind>
         <file>rtsv7M4_T_le_v4SPD16_eabi.lib</file>
         <name>args_main.c.obj</name>
      </input_file>
      <input_file id="fl-cf">
         <path>/Users/matteobeltrami/Desktop/Uni/embedded software for the IoT/include in projects/</path>
         <kind>archive</kind>
         <file>grlib.a</file>
         <name>context.obj</name>
      </input_file>
      <input_file id="fl-d0">
         <path>/Users/matteobeltrami/Desktop/Uni/embedded software for the IoT/include in projects/</path>
         <kind>archive</kind>
         <file>grlib.a</file>
         <name>display.obj</name>
      </input_file>
      <input_file id="fl-d1">
         <path>/Users/matteobeltrami/Desktop/Uni/embedded software for the IoT/include in projects/</path>
         <kind>archive</kind>
         <file>grlib.a</file>
         <name>fontcmss12.obj</name>
      </input_file>
      <input_file id="fl-d2">
         <path>/Users/matteobeltrami/Desktop/Uni/embedded software for the IoT/include in projects/</path>
         <kind>archive</kind>
         <file>grlib.a</file>
         <name>image.obj</name>
      </input_file>
      <input_file id="fl-d3">
         <path>/Users/matteobeltrami/Desktop/Uni/embedded software for the IoT/include in projects/</path>
         <kind>archive</kind>
         <file>msp432p4xx_driverlib.lib</file>
         <name>gpio.o</name>
      </input_file>
      <input_file id="fl-d4">
         <path>/Users/matteobeltrami/Desktop/Uni/embedded software for the IoT/include in projects/</path>
         <kind>archive</kind>
         <file>msp432p4xx_driverlib.lib</file>
         <name>interrupt.o</name>
      </input_file>
      <input_file id="fl-d5">
         <path>/Users/matteobeltrami/Desktop/Uni/embedded software for the IoT/include in projects/</path>
         <kind>archive</kind>
         <file>msp432p4xx_driverlib.lib</file>
         <name>spi.o</name>
      </input_file>
      <input_file id="fl-d6">
         <path>/Users/matteobeltrami/Desktop/Uni/embedded software for the IoT/include in projects/</path>
         <kind>archive</kind>
         <file>msp432p4xx_driverlib.lib</file>
         <name>cpu.o</name>
      </input_file>
   </input_file_list>
   <object_component_list>
      <object_component id="oc-26">
         <name>.intvecs:retain</name>
         <load_address>0x0</load_address>
         <run_address>0x0</run_address>
         <size>0xe4</size>
         <input_file_ref idref="fl-4"/>
      </object_component>
      <object_component id="oc-c3">
         <name>.text</name>
         <load_address>0x8744</load_address>
         <run_address>0x8744</run_address>
         <size>0x680</size>
         <input_file_ref idref="fl-6"/>
      </object_component>
      <object_component id="oc-e7">
         <name>.text:Graphics_drawImage</name>
         <load_address>0x8dc4</load_address>
         <run_address>0x8dc4</run_address>
         <size>0x390</size>
         <input_file_ref idref="fl-d2"/>
      </object_component>
      <object_component id="oc-a5">
         <name>.text</name>
         <load_address>0x9154</load_address>
         <run_address>0x9154</run_address>
         <size>0x334</size>
         <input_file_ref idref="fl-5"/>
      </object_component>
      <object_component id="oc-14c">
         <name>.text</name>
         <load_address>0x9488</load_address>
         <run_address>0x9488</run_address>
         <size>0xcc</size>
         <input_file_ref idref="fl-7"/>
      </object_component>
      <object_component id="oc-1e3">
         <name>.text:SPI_initMaster</name>
         <load_address>0x9554</load_address>
         <run_address>0x9554</run_address>
         <size>0xb0</size>
         <input_file_ref idref="fl-d5"/>
      </object_component>
      <object_component id="oc-37">
         <name>.text</name>
         <load_address>0x9604</load_address>
         <run_address>0x9604</run_address>
         <size>0x9c</size>
         <input_file_ref idref="fl-c7"/>
      </object_component>
      <object_component id="oc-1d7">
         <name>.text:GPIO_setAsPeripheralModuleFunctionOutputPin</name>
         <load_address>0x96a0</load_address>
         <run_address>0x96a0</run_address>
         <size>0x88</size>
         <input_file_ref idref="fl-d3"/>
      </object_component>
      <object_component id="oc-87">
         <name>.text</name>
         <load_address>0x9728</load_address>
         <run_address>0x9728</run_address>
         <size>0x7a</size>
         <input_file_ref idref="fl-c8"/>
      </object_component>
      <object_component id="oc-93">
         <name>.text</name>
         <load_address>0x97a4</load_address>
         <run_address>0x97a4</run_address>
         <size>0x74</size>
         <input_file_ref idref="fl-2"/>
      </object_component>
      <object_component id="oc-182">
         <name>.text:Graphics_convertPalette</name>
         <load_address>0x9818</load_address>
         <run_address>0x9818</run_address>
         <size>0x6c</size>
         <input_file_ref idref="fl-d2"/>
      </object_component>
      <object_component id="oc-17">
         <name>.text:decompress:lzss:__TI_decompress_lzss</name>
         <load_address>0x9884</load_address>
         <run_address>0x9884</run_address>
         <size>0x68</size>
         <input_file_ref idref="fl-c5"/>
      </object_component>
      <object_component id="oc-c9">
         <name>.text:Graphics_initContext</name>
         <load_address>0x98ec</load_address>
         <run_address>0x98ec</run_address>
         <size>0x52</size>
         <input_file_ref idref="fl-cf"/>
      </object_component>
      <object_component id="oc-188">
         <name>.text:Graphics_drawMultiplePixelsOnDisplay</name>
         <load_address>0x993e</load_address>
         <run_address>0x993e</run_address>
         <size>0x46</size>
         <input_file_ref idref="fl-d0"/>
      </object_component>
      <object_component id="oc-10c">
         <name>.text:__TI_auto_init_nobinit_nopinit:__TI_auto_init_nobinit_nopinit</name>
         <load_address>0x9984</load_address>
         <run_address>0x9984</run_address>
         <size>0x44</size>
         <input_file_ref idref="fl-c9"/>
      </object_component>
      <object_component id="oc-1dd">
         <name>.text:GPIO_setAsOutputPin</name>
         <load_address>0x99c8</load_address>
         <run_address>0x99c8</run_address>
         <size>0x40</size>
         <input_file_ref idref="fl-d3"/>
      </object_component>
      <object_component id="oc-25e">
         <name>.text:is_A_Module</name>
         <load_address>0x9a08</load_address>
         <run_address>0x9a08</run_address>
         <size>0x40</size>
         <input_file_ref idref="fl-d5"/>
      </object_component>
      <object_component id="oc-55">
         <name>.text:_c_int00_noargs:_c_int00_noargs</name>
         <load_address>0x9a48</load_address>
         <run_address>0x9a48</run_address>
         <size>0x34</size>
         <input_file_ref idref="fl-c6"/>
      </object_component>
      <object_component id="oc-18e">
         <name>.text:Graphics_drawPixelOnDisplay</name>
         <load_address>0x9a7c</load_address>
         <run_address>0x9a7c</run_address>
         <size>0x2c</size>
         <input_file_ref idref="fl-d0"/>
      </object_component>
      <object_component id="oc-158">
         <name>.text:GPIO_setOutputHighOnPin</name>
         <load_address>0x9aa8</load_address>
         <run_address>0x9aa8</run_address>
         <size>0x28</size>
         <input_file_ref idref="fl-d3"/>
      </object_component>
      <object_component id="oc-152">
         <name>.text:GPIO_setOutputLowOnPin</name>
         <load_address>0x9ad0</load_address>
         <run_address>0x9ad0</run_address>
         <size>0x28</size>
         <input_file_ref idref="fl-d3"/>
      </object_component>
      <object_component id="oc-1e9">
         <name>.text:SPI_enableModule</name>
         <load_address>0x9af8</load_address>
         <run_address>0x9af8</run_address>
         <size>0x1c</size>
         <input_file_ref idref="fl-d5"/>
      </object_component>
      <object_component id="oc-17b">
         <name>.text:Graphics_clearDisplayOnDisplay</name>
         <load_address>0x9b14</load_address>
         <run_address>0x9b14</run_address>
         <size>0x1a</size>
         <input_file_ref idref="fl-d0"/>
      </object_component>
      <object_component id="oc-d5">
         <name>.text:Graphics_setBackgroundColor</name>
         <load_address>0x9b2e</load_address>
         <run_address>0x9b2e</run_address>
         <size>0x1a</size>
         <input_file_ref idref="fl-cf"/>
      </object_component>
      <object_component id="oc-db">
         <name>.text:Graphics_setFont</name>
         <load_address>0x9b48</load_address>
         <run_address>0x9b48</run_address>
         <size>0x1a</size>
         <input_file_ref idref="fl-cf"/>
      </object_component>
      <object_component id="oc-266">
         <name>.text:EUSCI_A_SPI_enable</name>
         <load_address>0x9b62</load_address>
         <run_address>0x9b62</run_address>
         <size>0x16</size>
         <input_file_ref idref="fl-d5"/>
      </object_component>
      <object_component id="oc-26c">
         <name>.text:EUSCI_B_SPI_enable</name>
         <load_address>0x9b78</load_address>
         <run_address>0x9b78</run_address>
         <size>0x16</size>
         <input_file_ref idref="fl-d5"/>
      </object_component>
      <object_component id="oc-cf">
         <name>.text:Graphics_setForegroundColor</name>
         <load_address>0x9b8e</load_address>
         <run_address>0x9b8e</run_address>
         <size>0x16</size>
         <input_file_ref idref="fl-cf"/>
      </object_component>
      <object_component id="oc-16d">
         <name>.text:Graphics_translateColorOnDisplay</name>
         <load_address>0x9ba4</load_address>
         <run_address>0x9ba4</run_address>
         <size>0x16</size>
         <input_file_ref idref="fl-d0"/>
      </object_component>
      <object_component id="oc-e1">
         <name>.text:Graphics_clearDisplay</name>
         <load_address>0x9bba</load_address>
         <run_address>0x9bba</run_address>
         <size>0x12</size>
         <input_file_ref idref="fl-cf"/>
      </object_component>
      <object_component id="oc-1d">
         <name>.text:decompress:none:__TI_decompress_none</name>
         <load_address>0x9bcc</load_address>
         <run_address>0x9bcc</run_address>
         <size>0xe</size>
         <input_file_ref idref="fl-c4"/>
      </object_component>
      <object_component id="oc-67">
         <name>.text</name>
         <load_address>0x9bda</load_address>
         <run_address>0x9bda</run_address>
         <size>0xe</size>
         <input_file_ref idref="fl-4"/>
      </object_component>
      <object_component id="oc-49">
         <name>.text:decompress:ZI:__TI_zero_init</name>
         <load_address>0x9be8</load_address>
         <run_address>0x9be8</run_address>
         <size>0xc</size>
         <input_file_ref idref="fl-c3"/>
      </object_component>
      <object_component id="oc-8d">
         <name>.text:_system_pre_init</name>
         <load_address>0x9bf4</load_address>
         <run_address>0x9bf4</run_address>
         <size>0x4</size>
         <input_file_ref idref="fl-ca"/>
      </object_component>
      <object_component id="oc-100">
         <name>.text:abort:abort</name>
         <load_address>0x9bf8</load_address>
         <run_address>0x9bf8</run_address>
         <size>0x4</size>
         <input_file_ref idref="fl-cc"/>
      </object_component>
      <object_component id="oc-1a0">
         <name>.const:.string:palette_FRECCIA8BPP_UNCOMP</name>
         <load_address>0xe4</load_address>
         <run_address>0xe4</run_address>
         <size>0x4000</size>
         <input_file_ref idref="fl-3"/>
      </object_component>
      <object_component id="oc-1a3">
         <name>.const:.string:pixel_FRECCIA8BPP_UNCOMP</name>
         <load_address>0x40e4</load_address>
         <run_address>0x40e4</run_address>
         <size>0x4000</size>
         <input_file_ref idref="fl-3"/>
      </object_component>
      <object_component id="oc-19a">
         <name>.const:.string:g_pucCmss12Data</name>
         <load_address>0x80e4</load_address>
         <run_address>0x80e4</run_address>
         <size>0x514</size>
         <input_file_ref idref="fl-d1"/>
      </object_component>
      <object_component id="oc-f3">
         <name>.const:g_sFontCmss12</name>
         <load_address>0x85f8</load_address>
         <run_address>0x85f8</run_address>
         <size>0xc8</size>
         <input_file_ref idref="fl-d1"/>
      </object_component>
      <object_component id="oc-1fd">
         <name>.const:GPIO_PORT_TO_BASE</name>
         <load_address>0x86c0</load_address>
         <run_address>0x86c0</run_address>
         <size>0x30</size>
         <input_file_ref idref="fl-d3"/>
      </object_component>
      <object_component id="oc-f0">
         <name>.const:g_sCrystalfontz128x128_funcs</name>
         <load_address>0x86f0</load_address>
         <run_address>0x86f0</run_address>
         <size>0x20</size>
         <input_file_ref idref="fl-6"/>
      </object_component>
      <object_component id="oc-1ef">
         <name>.const:$P$T0$1</name>
         <load_address>0x8710</load_address>
         <run_address>0x8710</run_address>
         <size>0x1c</size>
         <input_file_ref idref="fl-7"/>
      </object_component>
      <object_component id="oc-f6">
         <name>.const:FRECCIA8BPP_UNCOMP</name>
         <load_address>0x872c</load_address>
         <run_address>0x872c</run_address>
         <size>0x10</size>
         <input_file_ref idref="fl-3"/>
      </object_component>
      <object_component id="oc-167">
         <name>.const:$P$T0$1</name>
         <load_address>0x873c</load_address>
         <run_address>0x873c</run_address>
         <size>0x8</size>
         <input_file_ref idref="fl-6"/>
      </object_component>
      <object_component id="oc-2d5">
         <name>.cinit..data.load</name>
         <load_address>0x9c00</load_address>
         <run_address>0x9c00</run_address>
         <size>0x12</size>
      </object_component>
      <object_component id="oc-2d3">
         <name>__TI_handler_table</name>
         <load_address>0x9c14</load_address>
         <run_address>0x9c14</run_address>
         <size>0xc</size>
      </object_component>
      <object_component id="oc-2d6">
         <name>.cinit..bss.load</name>
         <load_address>0x9c20</load_address>
         <run_address>0x9c20</run_address>
         <size>0x8</size>
      </object_component>
      <object_component id="oc-2d4">
         <name>__TI_cinit_table</name>
         <load_address>0x9c28</load_address>
         <run_address>0x9c28</run_address>
         <size>0x10</size>
      </object_component>
      <object_component id="oc-2a7">
         <name>.binit</name>
         <load_address>0x0</load_address>
         <run_address>0x0</run_address>
         <size>0x0</size>
      </object_component>
      <object_component id="oc-13e">
         <name>.data</name>
         <load_address>0x2000041c</load_address>
         <run_address>0x2000041c</run_address>
         <size>0x4</size>
         <input_file_ref idref="fl-5"/>
      </object_component>
      <object_component id="oc-ed">
         <name>.data:g_sCrystalfontz128x128</name>
         <load_address>0x2000040c</load_address>
         <run_address>0x2000040c</run_address>
         <size>0x10</size>
         <input_file_ref idref="fl-6"/>
      </object_component>
      <object_component id="oc-229">
         <name>.bss:g_pulConvertedPalette</name>
         <uninitialized>true</uninitialized>
         <run_address>0x20000000</run_address>
         <size>0x400</size>
         <input_file_ref idref="fl-d2"/>
      </object_component>
      <object_component id="oc-166">
         <name>.common:Lcd_Orientation</name>
         <uninitialized>true</uninitialized>
         <run_address>0x20000408</run_address>
         <size>0x1</size>
      </object_component>
      <object_component id="oc-15e">
         <name>.common:Lcd_ScreenWidth</name>
         <uninitialized>true</uninitialized>
         <run_address>0x20000402</run_address>
         <size>0x2</size>
      </object_component>
      <object_component id="oc-161">
         <name>.common:Lcd_ScreenHeigth</name>
         <uninitialized>true</uninitialized>
         <run_address>0x20000400</run_address>
         <size>0x2</size>
      </object_component>
      <object_component id="oc-162">
         <name>.common:Lcd_PenSolid</name>
         <uninitialized>true</uninitialized>
         <run_address>0x20000409</run_address>
         <size>0x1</size>
      </object_component>
      <object_component id="oc-163">
         <name>.common:Lcd_FontSolid</name>
         <uninitialized>true</uninitialized>
         <run_address>0x20000407</run_address>
         <size>0x1</size>
      </object_component>
      <object_component id="oc-164">
         <name>.common:Lcd_FlagRead</name>
         <uninitialized>true</uninitialized>
         <run_address>0x20000406</run_address>
         <size>0x1</size>
      </object_component>
      <object_component id="oc-165">
         <name>.common:Lcd_TouchTrim</name>
         <uninitialized>true</uninitialized>
         <run_address>0x20000404</run_address>
         <size>0x2</size>
      </object_component>
      <object_component id="oc-29">
         <name>.stack</name>
         <uninitialized>true</uninitialized>
         <run_address>0x2000fe00</run_address>
         <size>0x4</size>
         <input_file_ref idref="fl-c6"/>
      </object_component>
      <object_component id="oc-2d8">
         <name>.stack</name>
         <uninitialized>true</uninitialized>
         <run_address>0x2000fe00</run_address>
         <size>0x0</size>
      </object_component>
      <object_component id="oc-fa">
         <name>.debug_info</name>
         <load_address>0x0</load_address>
         <run_address>0x0</run_address>
         <size>0x9af</size>
         <input_file_ref idref="fl-2"/>
      </object_component>
      <object_component id="oc-95">
         <name>.debug_info</name>
         <load_address>0x9af</load_address>
         <run_address>0x9af</run_address>
         <size>0x2bf</size>
         <input_file_ref idref="fl-2"/>
      </object_component>
      <object_component id="oc-ae">
         <name>.debug_info</name>
         <load_address>0xc6e</load_address>
         <run_address>0xc6e</run_address>
         <size>0x26b</size>
         <input_file_ref idref="fl-2"/>
      </object_component>
      <object_component id="oc-1b0">
         <name>.debug_info</name>
         <load_address>0xed9</load_address>
         <run_address>0xed9</run_address>
         <size>0x1055</size>
         <input_file_ref idref="fl-2"/>
      </object_component>
      <object_component id="oc-1ab">
         <name>.debug_info</name>
         <load_address>0x1f2e</load_address>
         <run_address>0x1f2e</run_address>
         <size>0x37e2</size>
         <input_file_ref idref="fl-2"/>
      </object_component>
      <object_component id="oc-fb">
         <name>.debug_info</name>
         <load_address>0x5710</load_address>
         <run_address>0x5710</run_address>
         <size>0x439</size>
         <input_file_ref idref="fl-2"/>
      </object_component>
      <object_component id="oc-32">
         <name>.debug_info</name>
         <load_address>0x5b49</load_address>
         <run_address>0x5b49</run_address>
         <size>0x84</size>
         <input_file_ref idref="fl-2"/>
      </object_component>
      <object_component id="oc-147">
         <name>.debug_info</name>
         <load_address>0x5bcd</load_address>
         <run_address>0x5bcd</run_address>
         <size>0x2a4</size>
         <input_file_ref idref="fl-2"/>
      </object_component>
      <object_component id="oc-20e">
         <name>.debug_info</name>
         <load_address>0x5e71</load_address>
         <run_address>0x5e71</run_address>
         <size>0xef</size>
         <input_file_ref idref="fl-2"/>
      </object_component>
      <object_component id="oc-142">
         <name>.debug_info</name>
         <load_address>0x5f60</load_address>
         <run_address>0x5f60</run_address>
         <size>0xbb</size>
         <input_file_ref idref="fl-2"/>
      </object_component>
      <object_component id="oc-1f3">
         <name>.debug_info</name>
         <load_address>0x601b</load_address>
         <run_address>0x601b</run_address>
         <size>0x131</size>
         <input_file_ref idref="fl-2"/>
      </object_component>
      <object_component id="oc-1a8">
         <name>.debug_info</name>
         <load_address>0x614c</load_address>
         <run_address>0x614c</run_address>
         <size>0x243</size>
         <input_file_ref idref="fl-3"/>
      </object_component>
      <object_component id="oc-1a4">
         <name>.debug_info</name>
         <load_address>0x638f</load_address>
         <run_address>0x638f</run_address>
         <size>0xf3</size>
         <input_file_ref idref="fl-3"/>
      </object_component>
      <object_component id="oc-1a1">
         <name>.debug_info</name>
         <load_address>0x6482</load_address>
         <run_address>0x6482</run_address>
         <size>0xf7</size>
         <input_file_ref idref="fl-3"/>
      </object_component>
      <object_component id="oc-f7">
         <name>.debug_info</name>
         <load_address>0x6579</load_address>
         <run_address>0x6579</run_address>
         <size>0xe9</size>
         <input_file_ref idref="fl-3"/>
      </object_component>
      <object_component id="oc-6f">
         <name>.debug_info</name>
         <load_address>0x6662</load_address>
         <run_address>0x6662</run_address>
         <size>0x2cb</size>
         <input_file_ref idref="fl-4"/>
      </object_component>
      <object_component id="oc-27">
         <name>.debug_info</name>
         <load_address>0x692d</load_address>
         <run_address>0x692d</run_address>
         <size>0xf7</size>
         <input_file_ref idref="fl-4"/>
      </object_component>
      <object_component id="oc-68">
         <name>.debug_info</name>
         <load_address>0x6a24</load_address>
         <run_address>0x6a24</run_address>
         <size>0x1be</size>
         <input_file_ref idref="fl-4"/>
      </object_component>
      <object_component id="oc-13f">
         <name>.debug_info</name>
         <load_address>0x6be2</load_address>
         <run_address>0x6be2</run_address>
         <size>0xf0</size>
         <input_file_ref idref="fl-5"/>
      </object_component>
      <object_component id="oc-a9">
         <name>.debug_info</name>
         <load_address>0x6cd2</load_address>
         <run_address>0x6cd2</run_address>
         <size>0x262</size>
         <input_file_ref idref="fl-5"/>
      </object_component>
      <object_component id="oc-15f">
         <name>.debug_info</name>
         <load_address>0x6f34</load_address>
         <run_address>0x6f34</run_address>
         <size>0x92d</size>
         <input_file_ref idref="fl-6"/>
      </object_component>
      <object_component id="oc-ee">
         <name>.debug_info</name>
         <load_address>0x7861</load_address>
         <run_address>0x7861</run_address>
         <size>0x111</size>
         <input_file_ref idref="fl-6"/>
      </object_component>
      <object_component id="oc-f1">
         <name>.debug_info</name>
         <load_address>0x7972</load_address>
         <run_address>0x7972</run_address>
         <size>0x11d</size>
         <input_file_ref idref="fl-6"/>
      </object_component>
      <object_component id="oc-168">
         <name>.debug_info</name>
         <load_address>0x7a8f</load_address>
         <run_address>0x7a8f</run_address>
         <size>0xf2</size>
         <input_file_ref idref="fl-6"/>
      </object_component>
      <object_component id="oc-c6">
         <name>.debug_info</name>
         <load_address>0x7b81</load_address>
         <run_address>0x7b81</run_address>
         <size>0x1520</size>
         <input_file_ref idref="fl-6"/>
      </object_component>
      <object_component id="oc-209">
         <name>.debug_info</name>
         <load_address>0x90a1</load_address>
         <run_address>0x90a1</run_address>
         <size>0x37e2</size>
         <input_file_ref idref="fl-6"/>
      </object_component>
      <object_component id="oc-275">
         <name>.debug_info</name>
         <load_address>0xc883</load_address>
         <run_address>0xc883</run_address>
         <size>0x873</size>
         <input_file_ref idref="fl-7"/>
      </object_component>
      <object_component id="oc-1f0">
         <name>.debug_info</name>
         <load_address>0xd0f6</load_address>
         <run_address>0xd0f6</run_address>
         <size>0x105</size>
         <input_file_ref idref="fl-7"/>
      </object_component>
      <object_component id="oc-14e">
         <name>.debug_info</name>
         <load_address>0xd1fb</load_address>
         <run_address>0xd1fb</run_address>
         <size>0x59f</size>
         <input_file_ref idref="fl-7"/>
      </object_component>
      <object_component id="oc-1f8">
         <name>.debug_info</name>
         <load_address>0xd79a</load_address>
         <run_address>0xd79a</run_address>
         <size>0x8b</size>
         <input_file_ref idref="fl-7"/>
      </object_component>
      <object_component id="oc-86">
         <name>.debug_info</name>
         <load_address>0xd825</load_address>
         <run_address>0xd825</run_address>
         <size>0x2d4</size>
         <input_file_ref idref="fl-c3"/>
      </object_component>
      <object_component id="oc-4b">
         <name>.debug_info</name>
         <load_address>0xdaf9</load_address>
         <run_address>0xdaf9</run_address>
         <size>0x1b5</size>
         <input_file_ref idref="fl-c3"/>
      </object_component>
      <object_component id="oc-81">
         <name>.debug_info</name>
         <load_address>0xdcae</load_address>
         <run_address>0xdcae</run_address>
         <size>0x46</size>
         <input_file_ref idref="fl-c3"/>
      </object_component>
      <object_component id="oc-ba">
         <name>.debug_info</name>
         <load_address>0xdcf4</load_address>
         <run_address>0xdcf4</run_address>
         <size>0x2c</size>
         <input_file_ref idref="fl-c3"/>
      </object_component>
      <object_component id="oc-42">
         <name>.debug_info</name>
         <load_address>0xdd20</load_address>
         <run_address>0xdd20</run_address>
         <size>0x2a8</size>
         <input_file_ref idref="fl-c4"/>
      </object_component>
      <object_component id="oc-1e">
         <name>.debug_info</name>
         <load_address>0xdfc8</load_address>
         <run_address>0xdfc8</run_address>
         <size>0x1ea</size>
         <input_file_ref idref="fl-c4"/>
      </object_component>
      <object_component id="oc-3d">
         <name>.debug_info</name>
         <load_address>0xe1b2</load_address>
         <run_address>0xe1b2</run_address>
         <size>0x46</size>
         <input_file_ref idref="fl-c4"/>
      </object_component>
      <object_component id="oc-79">
         <name>.debug_info</name>
         <load_address>0xe1f8</load_address>
         <run_address>0xe1f8</run_address>
         <size>0x2c</size>
         <input_file_ref idref="fl-c4"/>
      </object_component>
      <object_component id="oc-77">
         <name>.debug_info</name>
         <load_address>0xe224</load_address>
         <run_address>0xe224</run_address>
         <size>0x29e</size>
         <input_file_ref idref="fl-c5"/>
      </object_component>
      <object_component id="oc-19">
         <name>.debug_info</name>
         <load_address>0xe4c2</load_address>
         <run_address>0xe4c2</run_address>
         <size>0x250</size>
         <input_file_ref idref="fl-c5"/>
      </object_component>
      <object_component id="oc-2d">
         <name>.debug_info</name>
         <load_address>0xe712</load_address>
         <run_address>0xe712</run_address>
         <size>0x60</size>
         <input_file_ref idref="fl-c5"/>
      </object_component>
      <object_component id="oc-b3">
         <name>.debug_info</name>
         <load_address>0xe772</load_address>
         <run_address>0xe772</run_address>
         <size>0x46</size>
         <input_file_ref idref="fl-c5"/>
      </object_component>
      <object_component id="oc-72">
         <name>.debug_info</name>
         <load_address>0xe7b8</load_address>
         <run_address>0xe7b8</run_address>
         <size>0x39</size>
         <input_file_ref idref="fl-c5"/>
      </object_component>
      <object_component id="oc-2a">
         <name>.debug_info</name>
         <load_address>0xe7f1</load_address>
         <run_address>0xe7f1</run_address>
         <size>0x10b</size>
         <input_file_ref idref="fl-c6"/>
      </object_component>
      <object_component id="oc-59">
         <name>.debug_info</name>
         <load_address>0xe8fc</load_address>
         <run_address>0xe8fc</run_address>
         <size>0x1a9</size>
         <input_file_ref idref="fl-c6"/>
      </object_component>
      <object_component id="oc-3a">
         <name>.debug_info</name>
         <load_address>0xeaa5</load_address>
         <run_address>0xeaa5</run_address>
         <size>0x119</size>
         <input_file_ref idref="fl-c7"/>
      </object_component>
      <object_component id="oc-8a">
         <name>.debug_info</name>
         <load_address>0xebbe</load_address>
         <run_address>0xebbe</run_address>
         <size>0x147</size>
         <input_file_ref idref="fl-c8"/>
      </object_component>
      <object_component id="oc-1c0">
         <name>.debug_info</name>
         <load_address>0xed05</load_address>
         <run_address>0xed05</run_address>
         <size>0x4b3</size>
         <input_file_ref idref="fl-c9"/>
      </object_component>
      <object_component id="oc-10f">
         <name>.debug_info</name>
         <load_address>0xf1b8</load_address>
         <run_address>0xf1b8</run_address>
         <size>0x1a6</size>
         <input_file_ref idref="fl-c9"/>
      </object_component>
      <object_component id="oc-24b">
         <name>.debug_info</name>
         <load_address>0xf35e</load_address>
         <run_address>0xf35e</run_address>
         <size>0x39</size>
         <input_file_ref idref="fl-c9"/>
      </object_component>
      <object_component id="oc-280">
         <name>.debug_info</name>
         <load_address>0xf397</load_address>
         <run_address>0xf397</run_address>
         <size>0x39</size>
         <input_file_ref idref="fl-c9"/>
      </object_component>
      <object_component id="oc-250">
         <name>.debug_info</name>
         <load_address>0xf3d0</load_address>
         <run_address>0xf3d0</run_address>
         <size>0x39</size>
         <input_file_ref idref="fl-c9"/>
      </object_component>
      <object_component id="oc-255">
         <name>.debug_info</name>
         <load_address>0xf409</load_address>
         <run_address>0xf409</run_address>
         <size>0xcd</size>
         <input_file_ref idref="fl-c9"/>
      </object_component>
      <object_component id="oc-8e">
         <name>.debug_info</name>
         <load_address>0xf4d6</load_address>
         <run_address>0xf4d6</run_address>
         <size>0x153</size>
         <input_file_ref idref="fl-ca"/>
      </object_component>
      <object_component id="oc-102">
         <name>.debug_info</name>
         <load_address>0xf629</load_address>
         <run_address>0xf629</run_address>
         <size>0x122</size>
         <input_file_ref idref="fl-cc"/>
      </object_component>
      <object_component id="oc-16c">
         <name>.debug_info</name>
         <load_address>0xf74b</load_address>
         <run_address>0xf74b</run_address>
         <size>0x561</size>
         <input_file_ref idref="fl-cf"/>
      </object_component>
      <object_component id="oc-ca">
         <name>.debug_info</name>
         <load_address>0xfcac</load_address>
         <run_address>0xfcac</run_address>
         <size>0x1ef</size>
         <input_file_ref idref="fl-cf"/>
      </object_component>
      <object_component id="oc-d6">
         <name>.debug_info</name>
         <load_address>0xfe9b</load_address>
         <run_address>0xfe9b</run_address>
         <size>0x203</size>
         <input_file_ref idref="fl-cf"/>
      </object_component>
      <object_component id="oc-dc">
         <name>.debug_info</name>
         <load_address>0x1009e</load_address>
         <run_address>0x1009e</run_address>
         <size>0x1d0</size>
         <input_file_ref idref="fl-cf"/>
      </object_component>
      <object_component id="oc-d0">
         <name>.debug_info</name>
         <load_address>0x1026e</load_address>
         <run_address>0x1026e</run_address>
         <size>0x1f6</size>
         <input_file_ref idref="fl-cf"/>
      </object_component>
      <object_component id="oc-e5">
         <name>.debug_info</name>
         <load_address>0x10464</load_address>
         <run_address>0x10464</run_address>
         <size>0x1c3</size>
         <input_file_ref idref="fl-cf"/>
      </object_component>
      <object_component id="oc-21c">
         <name>.debug_info</name>
         <load_address>0x10627</load_address>
         <run_address>0x10627</run_address>
         <size>0x26b</size>
         <input_file_ref idref="fl-cf"/>
      </object_component>
      <object_component id="oc-217">
         <name>.debug_info</name>
         <load_address>0x10892</load_address>
         <run_address>0x10892</run_address>
         <size>0x439</size>
         <input_file_ref idref="fl-cf"/>
      </object_component>
      <object_component id="oc-223">
         <name>.debug_info</name>
         <load_address>0x10ccb</load_address>
         <run_address>0x10ccb</run_address>
         <size>0x297</size>
         <input_file_ref idref="fl-cf"/>
      </object_component>
      <object_component id="oc-201">
         <name>.debug_info</name>
         <load_address>0x10f62</load_address>
         <run_address>0x10f62</run_address>
         <size>0xef</size>
         <input_file_ref idref="fl-cf"/>
      </object_component>
      <object_component id="oc-174">
         <name>.debug_info</name>
         <load_address>0x11051</load_address>
         <run_address>0x11051</run_address>
         <size>0xbb</size>
         <input_file_ref idref="fl-cf"/>
      </object_component>
      <object_component id="oc-222">
         <name>.debug_info</name>
         <load_address>0x1110c</load_address>
         <run_address>0x1110c</run_address>
         <size>0x3fb</size>
         <input_file_ref idref="fl-d0"/>
      </object_component>
      <object_component id="oc-18f">
         <name>.debug_info</name>
         <load_address>0x11507</load_address>
         <run_address>0x11507</run_address>
         <size>0x203</size>
         <input_file_ref idref="fl-d0"/>
      </object_component>
      <object_component id="oc-189">
         <name>.debug_info</name>
         <load_address>0x1170a</load_address>
         <run_address>0x1170a</run_address>
         <size>0x257</size>
         <input_file_ref idref="fl-d0"/>
      </object_component>
      <object_component id="oc-16e">
         <name>.debug_info</name>
         <load_address>0x11961</load_address>
         <run_address>0x11961</run_address>
         <size>0x1e3</size>
         <input_file_ref idref="fl-d0"/>
      </object_component>
      <object_component id="oc-17c">
         <name>.debug_info</name>
         <load_address>0x11b44</load_address>
         <run_address>0x11b44</run_address>
         <size>0x1db</size>
         <input_file_ref idref="fl-d0"/>
      </object_component>
      <object_component id="oc-19f">
         <name>.debug_info</name>
         <load_address>0x11d1f</load_address>
         <run_address>0x11d1f</run_address>
         <size>0x27a</size>
         <input_file_ref idref="fl-d1"/>
      </object_component>
      <object_component id="oc-19b">
         <name>.debug_info</name>
         <load_address>0x11f99</load_address>
         <run_address>0x11f99</run_address>
         <size>0x12c</size>
         <input_file_ref idref="fl-d1"/>
      </object_component>
      <object_component id="oc-f4">
         <name>.debug_info</name>
         <load_address>0x120c5</load_address>
         <run_address>0x120c5</run_address>
         <size>0x129</size>
         <input_file_ref idref="fl-d1"/>
      </object_component>
      <object_component id="oc-195">
         <name>.debug_info</name>
         <load_address>0x121ee</load_address>
         <run_address>0x121ee</run_address>
         <size>0x556</size>
         <input_file_ref idref="fl-d2"/>
      </object_component>
      <object_component id="oc-22a">
         <name>.debug_info</name>
         <load_address>0x12744</load_address>
         <run_address>0x12744</run_address>
         <size>0x12d</size>
         <input_file_ref idref="fl-d2"/>
      </object_component>
      <object_component id="oc-183">
         <name>.debug_info</name>
         <load_address>0x12871</load_address>
         <run_address>0x12871</run_address>
         <size>0x230</size>
         <input_file_ref idref="fl-d2"/>
      </object_component>
      <object_component id="oc-e9">
         <name>.debug_info</name>
         <load_address>0x12aa1</load_address>
         <run_address>0x12aa1</run_address>
         <size>0x3e2</size>
         <input_file_ref idref="fl-d2"/>
      </object_component>
      <object_component id="oc-278">
         <name>.debug_info</name>
         <load_address>0x12e83</load_address>
         <run_address>0x12e83</run_address>
         <size>0x701</size>
         <input_file_ref idref="fl-d3"/>
      </object_component>
      <object_component id="oc-1fe">
         <name>.debug_info</name>
         <load_address>0x13584</load_address>
         <run_address>0x13584</run_address>
         <size>0x135</size>
         <input_file_ref idref="fl-d3"/>
      </object_component>
      <object_component id="oc-1df">
         <name>.debug_info</name>
         <load_address>0x136b9</load_address>
         <run_address>0x136b9</run_address>
         <size>0x252</size>
         <input_file_ref idref="fl-d3"/>
      </object_component>
      <object_component id="oc-1d9">
         <name>.debug_info</name>
         <load_address>0x1390b</load_address>
         <run_address>0x1390b</run_address>
         <size>0x2a5</size>
         <input_file_ref idref="fl-d3"/>
      </object_component>
      <object_component id="oc-15a">
         <name>.debug_info</name>
         <load_address>0x13bb0</load_address>
         <run_address>0x13bb0</run_address>
         <size>0x25a</size>
         <input_file_ref idref="fl-d3"/>
      </object_component>
      <object_component id="oc-155">
         <name>.debug_info</name>
         <load_address>0x13e0a</load_address>
         <run_address>0x13e0a</run_address>
         <size>0x258</size>
         <input_file_ref idref="fl-d3"/>
      </object_component>
      <object_component id="oc-294">
         <name>.debug_info</name>
         <load_address>0x14062</load_address>
         <run_address>0x14062</run_address>
         <size>0x1028</size>
         <input_file_ref idref="fl-d3"/>
      </object_component>
      <object_component id="oc-28f">
         <name>.debug_info</name>
         <load_address>0x1508a</load_address>
         <run_address>0x1508a</run_address>
         <size>0x431a</size>
         <input_file_ref idref="fl-d3"/>
      </object_component>
      <object_component id="oc-265">
         <name>.debug_info</name>
         <load_address>0x193a4</load_address>
         <run_address>0x193a4</run_address>
         <size>0x6f5</size>
         <input_file_ref idref="fl-d5"/>
      </object_component>
      <object_component id="oc-261">
         <name>.debug_info</name>
         <load_address>0x19a99</load_address>
         <run_address>0x19a99</run_address>
         <size>0x1c7</size>
         <input_file_ref idref="fl-d5"/>
      </object_component>
      <object_component id="oc-1e6">
         <name>.debug_info</name>
         <load_address>0x19c60</load_address>
         <run_address>0x19c60</run_address>
         <size>0x22b</size>
         <input_file_ref idref="fl-d5"/>
      </object_component>
      <object_component id="oc-1ed">
         <name>.debug_info</name>
         <load_address>0x19e8b</load_address>
         <run_address>0x19e8b</run_address>
         <size>0x235</size>
         <input_file_ref idref="fl-d5"/>
      </object_component>
      <object_component id="oc-270">
         <name>.debug_info</name>
         <load_address>0x1a0c0</load_address>
         <run_address>0x1a0c0</run_address>
         <size>0x1e9</size>
         <input_file_ref idref="fl-d5"/>
      </object_component>
      <object_component id="oc-26a">
         <name>.debug_info</name>
         <load_address>0x1a2a9</load_address>
         <run_address>0x1a2a9</run_address>
         <size>0x1e9</size>
         <input_file_ref idref="fl-d5"/>
      </object_component>
      <object_component id="oc-299">
         <name>.debug_info</name>
         <load_address>0x1a492</load_address>
         <run_address>0x1a492</run_address>
         <size>0x131</size>
         <input_file_ref idref="fl-d5"/>
      </object_component>
      <object_component id="oc-2d9">
         <name>.debug_info</name>
         <load_address>0x1a5c3</load_address>
         <run_address>0x1a5c3</run_address>
         <size>0xa3</size>
      </object_component>
      <object_component id="oc-1aa">
         <name>.debug_line</name>
         <load_address>0x0</load_address>
         <run_address>0x0</run_address>
         <size>0xc9</size>
         <input_file_ref idref="fl-2"/>
      </object_component>
      <object_component id="oc-97">
         <name>.debug_line</name>
         <load_address>0xc9</load_address>
         <run_address>0xc9</run_address>
         <size>0x62</size>
         <input_file_ref idref="fl-2"/>
      </object_component>
      <object_component id="oc-b1">
         <name>.debug_line</name>
         <load_address>0x12b</load_address>
         <run_address>0x12b</run_address>
         <size>0x7a</size>
         <input_file_ref idref="fl-2"/>
      </object_component>
      <object_component id="oc-1b3">
         <name>.debug_line</name>
         <load_address>0x1a5</load_address>
         <run_address>0x1a5</run_address>
         <size>0x66</size>
         <input_file_ref idref="fl-2"/>
      </object_component>
      <object_component id="oc-1ae">
         <name>.debug_line</name>
         <load_address>0x20b</load_address>
         <run_address>0x20b</run_address>
         <size>0xa6</size>
         <input_file_ref idref="fl-2"/>
      </object_component>
      <object_component id="oc-fe">
         <name>.debug_line</name>
         <load_address>0x2b1</load_address>
         <run_address>0x2b1</run_address>
         <size>0x8f</size>
         <input_file_ref idref="fl-2"/>
      </object_component>
      <object_component id="oc-35">
         <name>.debug_line</name>
         <load_address>0x340</load_address>
         <run_address>0x340</run_address>
         <size>0x20</size>
         <input_file_ref idref="fl-2"/>
      </object_component>
      <object_component id="oc-14a">
         <name>.debug_line</name>
         <load_address>0x360</load_address>
         <run_address>0x360</run_address>
         <size>0x7e</size>
         <input_file_ref idref="fl-2"/>
      </object_component>
      <object_component id="oc-211">
         <name>.debug_line</name>
         <load_address>0x3de</load_address>
         <run_address>0x3de</run_address>
         <size>0x7a</size>
         <input_file_ref idref="fl-2"/>
      </object_component>
      <object_component id="oc-145">
         <name>.debug_line</name>
         <load_address>0x458</load_address>
         <run_address>0x458</run_address>
         <size>0x7b</size>
         <input_file_ref idref="fl-2"/>
      </object_component>
      <object_component id="oc-1f6">
         <name>.debug_line</name>
         <load_address>0x4d3</load_address>
         <run_address>0x4d3</run_address>
         <size>0xa4</size>
         <input_file_ref idref="fl-2"/>
      </object_component>
      <object_component id="oc-23a">
         <name>.debug_line</name>
         <load_address>0x577</load_address>
         <run_address>0x577</run_address>
         <size>0x20</size>
         <input_file_ref idref="fl-3"/>
      </object_component>
      <object_component id="oc-238">
         <name>.debug_line</name>
         <load_address>0x597</load_address>
         <run_address>0x597</run_address>
         <size>0x2d</size>
         <input_file_ref idref="fl-3"/>
      </object_component>
      <object_component id="oc-236">
         <name>.debug_line</name>
         <load_address>0x5c4</load_address>
         <run_address>0x5c4</run_address>
         <size>0x2d</size>
         <input_file_ref idref="fl-3"/>
      </object_component>
      <object_component id="oc-1a7">
         <name>.debug_line</name>
         <load_address>0x5f1</load_address>
         <run_address>0x5f1</run_address>
         <size>0x2d</size>
         <input_file_ref idref="fl-3"/>
      </object_component>
      <object_component id="oc-ad">
         <name>.debug_line</name>
         <load_address>0x61e</load_address>
         <run_address>0x61e</run_address>
         <size>0x40</size>
         <input_file_ref idref="fl-4"/>
      </object_component>
      <object_component id="oc-6e">
         <name>.debug_line</name>
         <load_address>0x65e</load_address>
         <run_address>0x65e</run_address>
         <size>0x40</size>
         <input_file_ref idref="fl-4"/>
      </object_component>
      <object_component id="oc-6b">
         <name>.debug_line</name>
         <load_address>0x69e</load_address>
         <run_address>0x69e</run_address>
         <size>0x71</size>
         <input_file_ref idref="fl-4"/>
      </object_component>
      <object_component id="oc-1d6">
         <name>.debug_line</name>
         <load_address>0x70f</load_address>
         <run_address>0x70f</run_address>
         <size>0x3b</size>
         <input_file_ref idref="fl-5"/>
      </object_component>
      <object_component id="oc-a6">
         <name>.debug_line</name>
         <load_address>0x74a</load_address>
         <run_address>0x74a</run_address>
         <size>0x134</size>
         <input_file_ref idref="fl-5"/>
      </object_component>
      <object_component id="oc-208">
         <name>.debug_line</name>
         <load_address>0x87e</load_address>
         <run_address>0x87e</run_address>
         <size>0x113</size>
         <input_file_ref idref="fl-6"/>
      </object_component>
      <object_component id="oc-197">
         <name>.debug_line</name>
         <load_address>0x991</load_address>
         <run_address>0x991</run_address>
         <size>0x4d</size>
         <input_file_ref idref="fl-6"/>
      </object_component>
      <object_component id="oc-199">
         <name>.debug_line</name>
         <load_address>0x9de</load_address>
         <run_address>0x9de</run_address>
         <size>0x4d</size>
         <input_file_ref idref="fl-6"/>
      </object_component>
      <object_component id="oc-214">
         <name>.debug_line</name>
         <load_address>0xa2b</load_address>
         <run_address>0xa2b</run_address>
         <size>0x4d</size>
         <input_file_ref idref="fl-6"/>
      </object_component>
      <object_component id="oc-c8">
         <name>.debug_line</name>
         <load_address>0xa78</load_address>
         <run_address>0xa78</run_address>
         <size>0x386</size>
         <input_file_ref idref="fl-6"/>
      </object_component>
      <object_component id="oc-20c">
         <name>.debug_line</name>
         <load_address>0xdfe</load_address>
         <run_address>0xdfe</run_address>
         <size>0xa6</size>
         <input_file_ref idref="fl-6"/>
      </object_component>
      <object_component id="oc-2a1">
         <name>.debug_line</name>
         <load_address>0xea4</load_address>
         <run_address>0xea4</run_address>
         <size>0x129</size>
         <input_file_ref idref="fl-7"/>
      </object_component>
      <object_component id="oc-274">
         <name>.debug_line</name>
         <load_address>0xfcd</load_address>
         <run_address>0xfcd</run_address>
         <size>0x61</size>
         <input_file_ref idref="fl-7"/>
      </object_component>
      <object_component id="oc-150">
         <name>.debug_line</name>
         <load_address>0x102e</load_address>
         <run_address>0x102e</run_address>
         <size>0xd8</size>
         <input_file_ref idref="fl-7"/>
      </object_component>
      <object_component id="oc-1fb">
         <name>.debug_line</name>
         <load_address>0x1106</load_address>
         <run_address>0x1106</run_address>
         <size>0x20</size>
         <input_file_ref idref="fl-7"/>
      </object_component>
      <object_component id="oc-c0">
         <name>.debug_line</name>
         <load_address>0x1126</load_address>
         <run_address>0x1126</run_address>
         <size>0x92</size>
         <input_file_ref idref="fl-c3"/>
      </object_component>
      <object_component id="oc-4d">
         <name>.debug_line</name>
         <load_address>0x11b8</load_address>
         <run_address>0x11b8</run_address>
         <size>0x53</size>
         <input_file_ref idref="fl-c3"/>
      </object_component>
      <object_component id="oc-84">
         <name>.debug_line</name>
         <load_address>0x120b</load_address>
         <run_address>0x120b</run_address>
         <size>0x34</size>
         <input_file_ref idref="fl-c3"/>
      </object_component>
      <object_component id="oc-bd">
         <name>.debug_line</name>
         <load_address>0x123f</load_address>
         <run_address>0x123f</run_address>
         <size>0x92</size>
         <input_file_ref idref="fl-c3"/>
      </object_component>
      <object_component id="oc-7f">
         <name>.debug_line</name>
         <load_address>0x12d1</load_address>
         <run_address>0x12d1</run_address>
         <size>0x20</size>
         <input_file_ref idref="fl-c4"/>
      </object_component>
      <object_component id="oc-21">
         <name>.debug_line</name>
         <load_address>0x12f1</load_address>
         <run_address>0x12f1</run_address>
         <size>0x55</size>
         <input_file_ref idref="fl-c4"/>
      </object_component>
      <object_component id="oc-40">
         <name>.debug_line</name>
         <load_address>0x1346</load_address>
         <run_address>0x1346</run_address>
         <size>0x3a</size>
         <input_file_ref idref="fl-c4"/>
      </object_component>
      <object_component id="oc-7c">
         <name>.debug_line</name>
         <load_address>0x1380</load_address>
         <run_address>0x1380</run_address>
         <size>0x92</size>
         <input_file_ref idref="fl-c4"/>
      </object_component>
      <object_component id="oc-b9">
         <name>.debug_line</name>
         <load_address>0x1412</load_address>
         <run_address>0x1412</run_address>
         <size>0x20</size>
         <input_file_ref idref="fl-c5"/>
      </object_component>
      <object_component id="oc-18">
         <name>.debug_line</name>
         <load_address>0x1432</load_address>
         <run_address>0x1432</run_address>
         <size>0xa9</size>
         <input_file_ref idref="fl-c5"/>
      </object_component>
      <object_component id="oc-30">
         <name>.debug_line</name>
         <load_address>0x14db</load_address>
         <run_address>0x14db</run_address>
         <size>0x3a</size>
         <input_file_ref idref="fl-c5"/>
      </object_component>
      <object_component id="oc-b6">
         <name>.debug_line</name>
         <load_address>0x1515</load_address>
         <run_address>0x1515</run_address>
         <size>0x9a</size>
         <input_file_ref idref="fl-c5"/>
      </object_component>
      <object_component id="oc-75">
         <name>.debug_line</name>
         <load_address>0x15af</load_address>
         <run_address>0x15af</run_address>
         <size>0x96</size>
         <input_file_ref idref="fl-c5"/>
      </object_component>
      <object_component id="oc-71">
         <name>.debug_line</name>
         <load_address>0x1645</load_address>
         <run_address>0x1645</run_address>
         <size>0x33</size>
         <input_file_ref idref="fl-c6"/>
      </object_component>
      <object_component id="oc-56">
         <name>.debug_line</name>
         <load_address>0x1678</load_address>
         <run_address>0x1678</run_address>
         <size>0x45</size>
         <input_file_ref idref="fl-c6"/>
      </object_component>
      <object_component id="oc-39">
         <name>.debug_line</name>
         <load_address>0x16bd</load_address>
         <run_address>0x16bd</run_address>
         <size>0x88</size>
         <input_file_ref idref="fl-c7"/>
      </object_component>
      <object_component id="oc-89">
         <name>.debug_line</name>
         <load_address>0x1745</load_address>
         <run_address>0x1745</run_address>
         <size>0x79</size>
         <input_file_ref idref="fl-c8"/>
      </object_component>
      <object_component id="oc-24a">
         <name>.debug_line</name>
         <load_address>0x17be</load_address>
         <run_address>0x17be</run_address>
         <size>0xbf</size>
         <input_file_ref idref="fl-c9"/>
      </object_component>
      <object_component id="oc-10e">
         <name>.debug_line</name>
         <load_address>0x187d</load_address>
         <run_address>0x187d</run_address>
         <size>0x6f</size>
         <input_file_ref idref="fl-c9"/>
      </object_component>
      <object_component id="oc-24e">
         <name>.debug_line</name>
         <load_address>0x18ec</load_address>
         <run_address>0x18ec</run_address>
         <size>0x2e</size>
         <input_file_ref idref="fl-c9"/>
      </object_component>
      <object_component id="oc-283">
         <name>.debug_line</name>
         <load_address>0x191a</load_address>
         <run_address>0x191a</run_address>
         <size>0x9a</size>
         <input_file_ref idref="fl-c9"/>
      </object_component>
      <object_component id="oc-253">
         <name>.debug_line</name>
         <load_address>0x19b4</load_address>
         <run_address>0x19b4</run_address>
         <size>0x97</size>
         <input_file_ref idref="fl-c9"/>
      </object_component>
      <object_component id="oc-258">
         <name>.debug_line</name>
         <load_address>0x1a4b</load_address>
         <run_address>0x1a4b</run_address>
         <size>0x93</size>
         <input_file_ref idref="fl-c9"/>
      </object_component>
      <object_component id="oc-91">
         <name>.debug_line</name>
         <load_address>0x1ade</load_address>
         <run_address>0x1ade</run_address>
         <size>0x40</size>
         <input_file_ref idref="fl-ca"/>
      </object_component>
      <object_component id="oc-101">
         <name>.debug_line</name>
         <load_address>0x1b1e</load_address>
         <run_address>0x1b1e</run_address>
         <size>0x3c</size>
         <input_file_ref idref="fl-cc"/>
      </object_component>
      <object_component id="oc-216">
         <name>.debug_line</name>
         <load_address>0x1b5a</load_address>
         <run_address>0x1b5a</run_address>
         <size>0x8a</size>
         <input_file_ref idref="fl-cf"/>
      </object_component>
      <object_component id="oc-cd">
         <name>.debug_line</name>
         <load_address>0x1be4</load_address>
         <run_address>0x1be4</run_address>
         <size>0x58</size>
         <input_file_ref idref="fl-cf"/>
      </object_component>
      <object_component id="oc-d9">
         <name>.debug_line</name>
         <load_address>0x1c3c</load_address>
         <run_address>0x1c3c</run_address>
         <size>0x51</size>
         <input_file_ref idref="fl-cf"/>
      </object_component>
      <object_component id="oc-df">
         <name>.debug_line</name>
         <load_address>0x1c8d</load_address>
         <run_address>0x1c8d</run_address>
         <size>0x54</size>
         <input_file_ref idref="fl-cf"/>
      </object_component>
      <object_component id="oc-d3">
         <name>.debug_line</name>
         <load_address>0x1ce1</load_address>
         <run_address>0x1ce1</run_address>
         <size>0x4e</size>
         <input_file_ref idref="fl-cf"/>
      </object_component>
      <object_component id="oc-e3">
         <name>.debug_line</name>
         <load_address>0x1d2f</load_address>
         <run_address>0x1d2f</run_address>
         <size>0x4e</size>
         <input_file_ref idref="fl-cf"/>
      </object_component>
      <object_component id="oc-21f">
         <name>.debug_line</name>
         <load_address>0x1d7d</load_address>
         <run_address>0x1d7d</run_address>
         <size>0x5d</size>
         <input_file_ref idref="fl-cf"/>
      </object_component>
      <object_component id="oc-21a">
         <name>.debug_line</name>
         <load_address>0x1dda</load_address>
         <run_address>0x1dda</run_address>
         <size>0x8a</size>
         <input_file_ref idref="fl-cf"/>
      </object_component>
      <object_component id="oc-226">
         <name>.debug_line</name>
         <load_address>0x1e64</load_address>
         <run_address>0x1e64</run_address>
         <size>0x61</size>
         <input_file_ref idref="fl-cf"/>
      </object_component>
      <object_component id="oc-204">
         <name>.debug_line</name>
         <load_address>0x1ec5</load_address>
         <run_address>0x1ec5</run_address>
         <size>0x5d</size>
         <input_file_ref idref="fl-cf"/>
      </object_component>
      <object_component id="oc-177">
         <name>.debug_line</name>
         <load_address>0x1f22</load_address>
         <run_address>0x1f22</run_address>
         <size>0x5e</size>
         <input_file_ref idref="fl-cf"/>
      </object_component>
      <object_component id="oc-27a">
         <name>.debug_line</name>
         <load_address>0x1f80</load_address>
         <run_address>0x1f80</run_address>
         <size>0x20</size>
         <input_file_ref idref="fl-d0"/>
      </object_component>
      <object_component id="oc-192">
         <name>.debug_line</name>
         <load_address>0x1fa0</load_address>
         <run_address>0x1fa0</run_address>
         <size>0x4d</size>
         <input_file_ref idref="fl-d0"/>
      </object_component>
      <object_component id="oc-18c">
         <name>.debug_line</name>
         <load_address>0x1fed</load_address>
         <run_address>0x1fed</run_address>
         <size>0x4e</size>
         <input_file_ref idref="fl-d0"/>
      </object_component>
      <object_component id="oc-171">
         <name>.debug_line</name>
         <load_address>0x203b</load_address>
         <run_address>0x203b</run_address>
         <size>0x4e</size>
         <input_file_ref idref="fl-d0"/>
      </object_component>
      <object_component id="oc-17f">
         <name>.debug_line</name>
         <load_address>0x2089</load_address>
         <run_address>0x2089</run_address>
         <size>0x4e</size>
         <input_file_ref idref="fl-d0"/>
      </object_component>
      <object_component id="oc-234">
         <name>.debug_line</name>
         <load_address>0x20d7</load_address>
         <run_address>0x20d7</run_address>
         <size>0x20</size>
         <input_file_ref idref="fl-d1"/>
      </object_component>
      <object_component id="oc-232">
         <name>.debug_line</name>
         <load_address>0x20f7</load_address>
         <run_address>0x20f7</run_address>
         <size>0x3f</size>
         <input_file_ref idref="fl-d1"/>
      </object_component>
      <object_component id="oc-19e">
         <name>.debug_line</name>
         <load_address>0x2136</load_address>
         <run_address>0x2136</run_address>
         <size>0x3f</size>
         <input_file_ref idref="fl-d1"/>
      </object_component>
      <object_component id="oc-230">
         <name>.debug_line</name>
         <load_address>0x2175</load_address>
         <run_address>0x2175</run_address>
         <size>0x8a</size>
         <input_file_ref idref="fl-d2"/>
      </object_component>
      <object_component id="oc-27c">
         <name>.debug_line</name>
         <load_address>0x21ff</load_address>
         <run_address>0x21ff</run_address>
         <size>0x34</size>
         <input_file_ref idref="fl-d2"/>
      </object_component>
      <object_component id="oc-186">
         <name>.debug_line</name>
         <load_address>0x2233</load_address>
         <run_address>0x2233</run_address>
         <size>0x62</size>
         <input_file_ref idref="fl-d2"/>
      </object_component>
      <object_component id="oc-e8">
         <name>.debug_line</name>
         <load_address>0x2295</load_address>
         <run_address>0x2295</run_address>
         <size>0x15c</size>
         <input_file_ref idref="fl-d2"/>
      </object_component>
      <object_component id="oc-2a3">
         <name>.debug_line</name>
         <load_address>0x23f1</load_address>
         <run_address>0x23f1</run_address>
         <size>0x56</size>
         <input_file_ref idref="fl-d3"/>
      </object_component>
      <object_component id="oc-277">
         <name>.debug_line</name>
         <load_address>0x2447</load_address>
         <run_address>0x2447</run_address>
         <size>0x51</size>
         <input_file_ref idref="fl-d3"/>
      </object_component>
      <object_component id="oc-1e2">
         <name>.debug_line</name>
         <load_address>0x2498</load_address>
         <run_address>0x2498</run_address>
         <size>0x6e</size>
         <input_file_ref idref="fl-d3"/>
      </object_component>
      <object_component id="oc-1dc">
         <name>.debug_line</name>
         <load_address>0x2506</load_address>
         <run_address>0x2506</run_address>
         <size>0x78</size>
         <input_file_ref idref="fl-d3"/>
      </object_component>
      <object_component id="oc-15d">
         <name>.debug_line</name>
         <load_address>0x257e</load_address>
         <run_address>0x257e</run_address>
         <size>0x6c</size>
         <input_file_ref idref="fl-d3"/>
      </object_component>
      <object_component id="oc-153">
         <name>.debug_line</name>
         <load_address>0x25ea</load_address>
         <run_address>0x25ea</run_address>
         <size>0x6c</size>
         <input_file_ref idref="fl-d3"/>
      </object_component>
      <object_component id="oc-297">
         <name>.debug_line</name>
         <load_address>0x2656</load_address>
         <run_address>0x2656</run_address>
         <size>0x4f</size>
         <input_file_ref idref="fl-d3"/>
      </object_component>
      <object_component id="oc-292">
         <name>.debug_line</name>
         <load_address>0x26a5</load_address>
         <run_address>0x26a5</run_address>
         <size>0x51</size>
         <input_file_ref idref="fl-d3"/>
      </object_component>
      <object_component id="oc-28e">
         <name>.debug_line</name>
         <load_address>0x26f6</load_address>
         <run_address>0x26f6</run_address>
         <size>0x56</size>
         <input_file_ref idref="fl-d5"/>
      </object_component>
      <object_component id="oc-263">
         <name>.debug_line</name>
         <load_address>0x274c</load_address>
         <run_address>0x274c</run_address>
         <size>0x6b</size>
         <input_file_ref idref="fl-d5"/>
      </object_component>
      <object_component id="oc-1e8">
         <name>.debug_line</name>
         <load_address>0x27b7</load_address>
         <run_address>0x27b7</run_address>
         <size>0x7a</size>
         <input_file_ref idref="fl-d5"/>
      </object_component>
      <object_component id="oc-1ea">
         <name>.debug_line</name>
         <load_address>0x2831</load_address>
         <run_address>0x2831</run_address>
         <size>0x71</size>
         <input_file_ref idref="fl-d5"/>
      </object_component>
      <object_component id="oc-26e">
         <name>.debug_line</name>
         <load_address>0x28a2</load_address>
         <run_address>0x28a2</run_address>
         <size>0x68</size>
         <input_file_ref idref="fl-d5"/>
      </object_component>
      <object_component id="oc-268">
         <name>.debug_line</name>
         <load_address>0x290a</load_address>
         <run_address>0x290a</run_address>
         <size>0x68</size>
         <input_file_ref idref="fl-d5"/>
      </object_component>
      <object_component id="oc-29c">
         <name>.debug_line</name>
         <load_address>0x2972</load_address>
         <run_address>0x2972</run_address>
         <size>0x50</size>
         <input_file_ref idref="fl-d5"/>
      </object_component>
      <object_component id="oc-98">
         <name>.debug_frame</name>
         <load_address>0x0</load_address>
         <run_address>0x0</run_address>
         <size>0x74</size>
         <input_file_ref idref="fl-2"/>
      </object_component>
      <object_component id="oc-6c">
         <name>.debug_frame</name>
         <load_address>0x74</load_address>
         <run_address>0x74</run_address>
         <size>0x6c</size>
         <input_file_ref idref="fl-4"/>
      </object_component>
      <object_component id="oc-a7">
         <name>.debug_frame</name>
         <load_address>0xe0</load_address>
         <run_address>0xe0</run_address>
         <size>0x70</size>
         <input_file_ref idref="fl-5"/>
      </object_component>
      <object_component id="oc-c4">
         <name>.debug_frame</name>
         <load_address>0x150</load_address>
         <run_address>0x150</run_address>
         <size>0x180</size>
         <input_file_ref idref="fl-6"/>
      </object_component>
      <object_component id="oc-151">
         <name>.debug_frame</name>
         <load_address>0x2d0</load_address>
         <run_address>0x2d0</run_address>
         <size>0xa8</size>
         <input_file_ref idref="fl-7"/>
      </object_component>
      <object_component id="oc-4e">
         <name>.debug_frame</name>
         <load_address>0x378</load_address>
         <run_address>0x378</run_address>
         <size>0x54</size>
         <input_file_ref idref="fl-c3"/>
      </object_component>
      <object_component id="oc-22">
         <name>.debug_frame</name>
         <load_address>0x3cc</load_address>
         <run_address>0x3cc</run_address>
         <size>0x54</size>
         <input_file_ref idref="fl-c4"/>
      </object_component>
      <object_component id="oc-1c">
         <name>.debug_frame</name>
         <load_address>0x420</load_address>
         <run_address>0x420</run_address>
         <size>0x60</size>
         <input_file_ref idref="fl-c5"/>
      </object_component>
      <object_component id="oc-58">
         <name>.debug_frame</name>
         <load_address>0x480</load_address>
         <run_address>0x480</run_address>
         <size>0x50</size>
         <input_file_ref idref="fl-c6"/>
      </object_component>
      <object_component id="oc-111">
         <name>.debug_frame</name>
         <load_address>0x4d0</load_address>
         <run_address>0x4d0</run_address>
         <size>0x5c</size>
         <input_file_ref idref="fl-c9"/>
      </object_component>
      <object_component id="oc-92">
         <name>.debug_frame</name>
         <load_address>0x52c</load_address>
         <run_address>0x52c</run_address>
         <size>0x54</size>
         <input_file_ref idref="fl-ca"/>
      </object_component>
      <object_component id="oc-105">
         <name>.debug_frame</name>
         <load_address>0x580</load_address>
         <run_address>0x580</run_address>
         <size>0x54</size>
         <input_file_ref idref="fl-cc"/>
      </object_component>
      <object_component id="oc-ce">
         <name>.debug_frame</name>
         <load_address>0x5d4</load_address>
         <run_address>0x5d4</run_address>
         <size>0x58</size>
         <input_file_ref idref="fl-cf"/>
      </object_component>
      <object_component id="oc-da">
         <name>.debug_frame</name>
         <load_address>0x62c</load_address>
         <run_address>0x62c</run_address>
         <size>0x5c</size>
         <input_file_ref idref="fl-cf"/>
      </object_component>
      <object_component id="oc-e0">
         <name>.debug_frame</name>
         <load_address>0x688</load_address>
         <run_address>0x688</run_address>
         <size>0x58</size>
         <input_file_ref idref="fl-cf"/>
      </object_component>
      <object_component id="oc-d4">
         <name>.debug_frame</name>
         <load_address>0x6e0</load_address>
         <run_address>0x6e0</run_address>
         <size>0x5c</size>
         <input_file_ref idref="fl-cf"/>
      </object_component>
      <object_component id="oc-e4">
         <name>.debug_frame</name>
         <load_address>0x73c</load_address>
         <run_address>0x73c</run_address>
         <size>0x58</size>
         <input_file_ref idref="fl-cf"/>
      </object_component>
      <object_component id="oc-193">
         <name>.debug_frame</name>
         <load_address>0x794</load_address>
         <run_address>0x794</run_address>
         <size>0x60</size>
         <input_file_ref idref="fl-d0"/>
      </object_component>
      <object_component id="oc-18d">
         <name>.debug_frame</name>
         <load_address>0x7f4</load_address>
         <run_address>0x7f4</run_address>
         <size>0x60</size>
         <input_file_ref idref="fl-d0"/>
      </object_component>
      <object_component id="oc-172">
         <name>.debug_frame</name>
         <load_address>0x854</load_address>
         <run_address>0x854</run_address>
         <size>0x5c</size>
         <input_file_ref idref="fl-d0"/>
      </object_component>
      <object_component id="oc-180">
         <name>.debug_frame</name>
         <load_address>0x8b0</load_address>
         <run_address>0x8b0</run_address>
         <size>0x5c</size>
         <input_file_ref idref="fl-d0"/>
      </object_component>
      <object_component id="oc-187">
         <name>.debug_frame</name>
         <load_address>0x90c</load_address>
         <run_address>0x90c</run_address>
         <size>0x5c</size>
         <input_file_ref idref="fl-d2"/>
      </object_component>
      <object_component id="oc-ec">
         <name>.debug_frame</name>
         <load_address>0x968</load_address>
         <run_address>0x968</run_address>
         <size>0x60</size>
         <input_file_ref idref="fl-d2"/>
      </object_component>
      <object_component id="oc-1de">
         <name>.debug_frame</name>
         <load_address>0x9c8</load_address>
         <run_address>0x9c8</run_address>
         <size>0x58</size>
         <input_file_ref idref="fl-d3"/>
      </object_component>
      <object_component id="oc-1d8">
         <name>.debug_frame</name>
         <load_address>0xa20</load_address>
         <run_address>0xa20</run_address>
         <size>0x58</size>
         <input_file_ref idref="fl-d3"/>
      </object_component>
      <object_component id="oc-159">
         <name>.debug_frame</name>
         <load_address>0xa78</load_address>
         <run_address>0xa78</run_address>
         <size>0x58</size>
         <input_file_ref idref="fl-d3"/>
      </object_component>
      <object_component id="oc-154">
         <name>.debug_frame</name>
         <load_address>0xad0</load_address>
         <run_address>0xad0</run_address>
         <size>0x58</size>
         <input_file_ref idref="fl-d3"/>
      </object_component>
      <object_component id="oc-25f">
         <name>.debug_frame</name>
         <load_address>0xb28</load_address>
         <run_address>0xb28</run_address>
         <size>0x58</size>
         <input_file_ref idref="fl-d5"/>
      </object_component>
      <object_component id="oc-1e4">
         <name>.debug_frame</name>
         <load_address>0xb80</load_address>
         <run_address>0xb80</run_address>
         <size>0x64</size>
         <input_file_ref idref="fl-d5"/>
      </object_component>
      <object_component id="oc-1eb">
         <name>.debug_frame</name>
         <load_address>0xbe4</load_address>
         <run_address>0xbe4</run_address>
         <size>0x58</size>
         <input_file_ref idref="fl-d5"/>
      </object_component>
      <object_component id="oc-26d">
         <name>.debug_frame</name>
         <load_address>0xc3c</load_address>
         <run_address>0xc3c</run_address>
         <size>0x58</size>
         <input_file_ref idref="fl-d5"/>
      </object_component>
      <object_component id="oc-267">
         <name>.debug_frame</name>
         <load_address>0xc94</load_address>
         <run_address>0xc94</run_address>
         <size>0x58</size>
         <input_file_ref idref="fl-d5"/>
      </object_component>
      <object_component id="oc-1a9">
         <name>.debug_abbrev</name>
         <load_address>0x0</load_address>
         <run_address>0x0</run_address>
         <size>0x125</size>
         <input_file_ref idref="fl-2"/>
      </object_component>
      <object_component id="oc-f9">
         <name>.debug_abbrev</name>
         <load_address>0x125</load_address>
         <run_address>0x125</run_address>
         <size>0xb8</size>
         <input_file_ref idref="fl-2"/>
      </object_component>
      <object_component id="oc-b0">
         <name>.debug_abbrev</name>
         <load_address>0x1dd</load_address>
         <run_address>0x1dd</run_address>
         <size>0x69</size>
         <input_file_ref idref="fl-2"/>
      </object_component>
      <object_component id="oc-1b2">
         <name>.debug_abbrev</name>
         <load_address>0x246</load_address>
         <run_address>0x246</run_address>
         <size>0x97</size>
         <input_file_ref idref="fl-2"/>
      </object_component>
      <object_component id="oc-1ad">
         <name>.debug_abbrev</name>
         <load_address>0x2dd</load_address>
         <run_address>0x2dd</run_address>
         <size>0xbd</size>
         <input_file_ref idref="fl-2"/>
      </object_component>
      <object_component id="oc-fd">
         <name>.debug_abbrev</name>
         <load_address>0x39a</load_address>
         <run_address>0x39a</run_address>
         <size>0x61</size>
         <input_file_ref idref="fl-2"/>
      </object_component>
      <object_component id="oc-34">
         <name>.debug_abbrev</name>
         <load_address>0x3fb</load_address>
         <run_address>0x3fb</run_address>
         <size>0x1f</size>
         <input_file_ref idref="fl-2"/>
      </object_component>
      <object_component id="oc-149">
         <name>.debug_abbrev</name>
         <load_address>0x41a</load_address>
         <run_address>0x41a</run_address>
         <size>0x5c</size>
         <input_file_ref idref="fl-2"/>
      </object_component>
[...]
            </allocated_space>
            <allocated_space>
               <start_address>0x20000000</start_address>
               <size>0x40a</size>
               <logical_group_ref idref="lg-f"/>
            </allocated_space>
            <available_space>
               <start_address>0x2000040a</start_address>
               <size>0x2</size>
            </available_space>
            <allocated_space>
               <start_address>0x2000040c</start_address>
               <size>0x14</size>
               <logical_group_ref idref="lg-e"/>
            </allocated_space>
            <available_space>
               <start_address>0x20000420</start_address>
               <size>0xf9e0</size>
            </available_space>
            <allocated_space>
               <start_address>0x2000fe00</start_address>
               <size>0x200</size>
               <logical_group_ref idref="lg-11"/>
            </allocated_space>
         </usage_details>
      </memory_area>
   </placement_map>
   <cptbl_list>
      <cptbl>
         <name>__TI_cinit_table</name>
         <cprec>
            <name>.data</name>
            <load_address>0x9c00</load_address>
            <load_size>0x12</load_size>
            <run_address>0x2000040c</run_address>
            <run_size>0x14</run_size>
            <compression>lzss</compression>
         </cprec>
         <cprec>
            <name>.bss</name>
            <load_address>0x9c20</load_address>
            <load_size>0x8</load_size>
            <run_address>0x20000000</run_address>
            <run_size>0x40a</run_size>
            <compression>zero_init</compression>
         </cprec>
      </cptbl>
   </cptbl_list>
   <handler_table>
      <handler_table_name>__TI_handler_table</handler_table_name>
      <handler>
         <index>0x0</index>
         <name>__TI_decompress_lzss</name>
      </handler>
      <handler>
         <index>0x1</index>
         <name>__TI_decompress_none</name>
      </handler>
      <handler>
         <index>0x2</index>
         <name>__TI_zero_init</name>
      </handler>
   </handler_table>
   <symbol_table>
      <symbol id="sm-1">
         <name>WDTCTL_SYM</name>
         <value>0x4000480c</value>
      </symbol>
      <symbol id="sm-2">
         <name>__start___llvm_prf_cnts</name>
         <value>0x20000000</value>
      </symbol>
      <symbol id="sm-3">
         <name>__stop___llvm_prf_cnts</name>
         <value>0x20000000</value>
      </symbol>
      <symbol id="sm-4">
         <name>__TI_CINIT_Base</name>
         <value>0x9c28</value>
      </symbol>
      <symbol id="sm-5">
         <name>__TI_CINIT_Limit</name>
         <value>0x9c38</value>
      </symbol>
      <symbol id="sm-6">
         <name>__TI_Handler_Table_Base</name>
         <value>0x9c14</value>
      </symbol>
      <symbol id="sm-7">
         <name>__TI_Handler_Table_Limit</name>
         <value>0x9c20</value>
      </symbol>
      <symbol id="sm-8">
         <name>binit</name>
         <value>0xffffffff</value>
      </symbol>
      <symbol id="sm-9">
         <name>__binit__</name>
         <value>0xffffffff</value>
      </symbol>
      <symbol id="sm-a">
         <name>__STACK_SIZE</name>
         <value>0x200</value>
      </symbol>
      <symbol id="sm-b">
         <name>__STACK_END</name>
         <value>0x20010000</value>
      </symbol>
      <symbol id="sm-c">
         <name>__c_args__</name>
         <value>0xffffffff</value>
      </symbol>
      <symbol id="sm-d">
         <name>__TI_pprof_out_hndl</name>
         <value>0xffffffff</value>
      </symbol>
      <symbol id="sm-e">
         <name>__TI_prof_data_start</name>
         <value>0xffffffff</value>
      </symbol>
      <symbol id="sm-f">
         <name>__TI_prof_data_size</name>
         <value>0xffffffff</value>
      </symbol>
      <symbol id="sm-6e">
         <name>initializeGraphics</name>
         <value>0x97a5</value>
         <object_component_ref idref="oc-93"/>
      </symbol>
      <symbol id="sm-6f">
         <name>main</name>
         <value>0x97df</value>
         <object_component_ref idref="oc-93"/>
      </symbol>
      <symbol id="sm-88">
         <name>FRECCIA8BPP_UNCOMP</name>
         <value>0x872c</value>
         <object_component_ref idref="oc-f6"/>
      </symbol>
      <symbol id="sm-9d">
         <name>Reset_Handler</name>
         <value>0x9bdb</value>
         <object_component_ref idref="oc-67"/>
      </symbol>
      <symbol id="sm-9e">
         <name>Default_Handler</name>
         <value>0x9be7</value>
         <object_component_ref idref="oc-67"/>
      </symbol>
      <symbol id="sm-9f">
         <name>interruptVectors</name>
         <value>0x0</value>
         <object_component_ref idref="oc-26"/>
      </symbol>
      <symbol id="sm-e7">
         <name>SystemInit</name>
         <value>0x93cd</value>
         <object_component_ref idref="oc-a5"/>
      </symbol>
      <symbol id="sm-e8">
         <name>SystemCoreClockUpdate</name>
         <value>0x9155</value>
         <object_component_ref idref="oc-a5"/>
      </symbol>
      <symbol id="sm-e9">
         <name>SystemCoreClock</name>
         <value>0x2000041c</value>
         <object_component_ref idref="oc-13e"/>
      </symbol>
      <symbol id="sm-155">
         <name>Lcd_Orientation</name>
         <value>0x20000408</value>
      </symbol>
      <symbol id="sm-156">
         <name>Lcd_ScreenWidth</name>
         <value>0x20000402</value>
      </symbol>
      <symbol id="sm-157">
         <name>Lcd_ScreenHeigth</name>
         <value>0x20000400</value>
      </symbol>
      <symbol id="sm-158">
         <name>Lcd_PenSolid</name>
         <value>0x20000409</value>
      </symbol>
      <symbol id="sm-159">
         <name>Lcd_FontSolid</name>
         <value>0x20000407</value>
      </symbol>
      <symbol id="sm-15a">
         <name>Lcd_FlagRead</name>
         <value>0x20000406</value>
      </symbol>
      <symbol id="sm-15b">
         <name>Lcd_TouchTrim</name>
         <value>0x20000404</value>
      </symbol>
      <symbol id="sm-15c">
         <name>Crystalfontz128x128_SetDrawFrame</name>
         <value>0x8859</value>
         <object_component_ref idref="oc-c3"/>
      </symbol>
      <symbol id="sm-15d">
         <name>Crystalfontz128x128_SetOrientation</name>
         <value>0x8987</value>
         <object_component_ref idref="oc-c3"/>
      </symbol>
      <symbol id="sm-15e">
         <name>g_sCrystalfontz128x128_funcs</name>
         <value>0x86f0</value>
         <object_component_ref idref="oc-f0"/>
      </symbol>
      <symbol id="sm-15f">
         <name>g_sCrystalfontz128x128</name>
         <value>0x2000040c</value>
         <object_component_ref idref="oc-ed"/>
      </symbol>
      <symbol id="sm-160">
         <name>Crystalfontz128x128_Init</name>
         <value>0x8745</value>
         <object_component_ref idref="oc-c3"/>
      </symbol>
      <symbol id="sm-185">
         <name>HAL_LCD_writeData</name>
         <value>0x951f</value>
         <object_component_ref idref="oc-14c"/>
      </symbol>
      <symbol id="sm-186">
         <name>HAL_LCD_SpiInit</name>
         <value>0x94b9</value>
         <object_component_ref idref="oc-14c"/>
      </symbol>
      <symbol id="sm-187">
         <name>HAL_LCD_PortInit</name>
         <value>0x9489</value>
         <object_component_ref idref="oc-14c"/>
      </symbol>
      <symbol id="sm-188">
         <name>HAL_LCD_writeCommand</name>
         <value>0x94ef</value>
         <object_component_ref idref="oc-14c"/>
      </symbol>
      <symbol id="sm-19f">
         <name>__TI_zero_init</name>
         <value>0x9be9</value>
         <object_component_ref idref="oc-49"/>
      </symbol>
      <symbol id="sm-1b6">
         <name>__TI_decompress_none</name>
         <value>0x9bcd</value>
         <object_component_ref idref="oc-1d"/>
      </symbol>
      <symbol id="sm-1d9">
         <name>__TI_decompress_lzss</name>
         <value>0x9885</value>
         <object_component_ref idref="oc-17"/>
      </symbol>
      <symbol id="sm-1ec">
         <name>__stack</name>
         <value>0x2000fe00</value>
         <object_component_ref idref="oc-29"/>
      </symbol>
      <symbol id="sm-1ed">
         <name>_c_int00_noargs</name>
         <value>0x9a49</value>
         <object_component_ref idref="oc-55"/>
      </symbol>
      <symbol id="sm-208">
         <name>memcpy</name>
         <value>0x9605</value>
         <object_component_ref idref="oc-37"/>
      </symbol>
      <symbol id="sm-209">
         <name>__aeabi_memcpy</name>
         <value>0x9605</value>
         <object_component_ref idref="oc-37"/>
      </symbol>
      <symbol id="sm-20a">
         <name>__aeabi_memcpy8</name>
         <value>0x9605</value>
         <object_component_ref idref="oc-37"/>
      </symbol>
      <symbol id="sm-20b">
         <name>__aeabi_memcpy4</name>
         <value>0x9605</value>
         <object_component_ref idref="oc-37"/>
      </symbol>
      <symbol id="sm-21a">
         <name>__aeabi_memset</name>
         <value>0x972b</value>
         <object_component_ref idref="oc-87"/>
      </symbol>
      <symbol id="sm-21b">
         <name>memset</name>
         <value>0x9731</value>
         <object_component_ref idref="oc-87"/>
      </symbol>
      <symbol id="sm-21c">
         <name>__aeabi_memset8</name>
         <value>0x972b</value>
         <object_component_ref idref="oc-87"/>
      </symbol>
      <symbol id="sm-21d">
         <name>__aeabi_memset4</name>
         <value>0x972b</value>
         <object_component_ref idref="oc-87"/>
      </symbol>
      <symbol id="sm-21e">
         <name>__aeabi_memclr8</name>
         <value>0x9729</value>
         <object_component_ref idref="oc-87"/>
      </symbol>
      <symbol id="sm-21f">
         <name>__aeabi_memclr4</name>
         <value>0x9729</value>
         <object_component_ref idref="oc-87"/>
      </symbol>
      <symbol id="sm-220">
         <name>__aeabi_memclr</name>
         <value>0x9729</value>
         <object_component_ref idref="oc-87"/>
      </symbol>
      <symbol id="sm-248">
         <name>__TI_auto_init_nobinit_nopinit</name>
         <value>0x9985</value>
         <object_component_ref idref="oc-10c"/>
      </symbol>
      <symbol id="sm-252">
         <name>_system_pre_init</name>
         <value>0x9bf5</value>
         <object_component_ref idref="oc-8d"/>
      </symbol>
      <symbol id="sm-25e">
         <name>C$$EXIT</name>
         <value>0x9bf9</value>
         <object_component_ref idref="oc-100"/>
      </symbol>
      <symbol id="sm-25f">
         <name>abort</name>
         <value>0x9bf9</value>
         <object_component_ref idref="oc-100"/>
      </symbol>
      <symbol id="sm-2a7">
         <name>Graphics_setBackgroundColor</name>
         <value>0x9b2f</value>
         <object_component_ref idref="oc-d5"/>
      </symbol>
      <symbol id="sm-2a8">
         <name>Graphics_setFont</name>
         <value>0x9b49</value>
         <object_component_ref idref="oc-db"/>
      </symbol>
      <symbol id="sm-2a9">
         <name>Graphics_initContext</name>
         <value>0x98ed</value>
         <object_component_ref idref="oc-c9"/>
      </symbol>
      <symbol id="sm-2aa">
         <name>Graphics_setForegroundColor</name>
         <value>0x9b8f</value>
         <object_component_ref idref="oc-cf"/>
      </symbol>
      <symbol id="sm-2ab">
         <name>Graphics_clearDisplay</name>
         <value>0x9bbb</value>
         <object_component_ref idref="oc-e1"/>
      </symbol>
      <symbol id="sm-2d0">
         <name>Graphics_clearDisplayOnDisplay</name>
         <value>0x9b15</value>
         <object_component_ref idref="oc-17b"/>
      </symbol>
      <symbol id="sm-2d1">
         <name>Graphics_drawPixelOnDisplay</name>
         <value>0x9a7d</value>
         <object_component_ref idref="oc-18e"/>
      </symbol>
      <symbol id="sm-2d2">
         <name>Graphics_translateColorOnDisplay</name>
         <value>0x9ba5</value>
         <object_component_ref idref="oc-16d"/>
      </symbol>
      <symbol id="sm-2d3">
         <name>Graphics_drawMultiplePixelsOnDisplay</name>
         <value>0x993f</value>
         <object_component_ref idref="oc-188"/>
      </symbol>
      <symbol id="sm-2e5">
         <name>g_sFontCmss12</name>
         <value>0x85f8</value>
         <object_component_ref idref="oc-f3"/>
      </symbol>
      <symbol id="sm-31b">
         <name>Graphics_drawImage</name>
         <value>0x8dc5</value>
         <object_component_ref idref="oc-e7"/>
      </symbol>
      <symbol id="sm-35e">
         <name>GPIO_setOutputHighOnPin</name>
         <value>0x9aa9</value>
         <object_component_ref idref="oc-158"/>
      </symbol>
      <symbol id="sm-35f">
         <name>GPIO_setAsOutputPin</name>
         <value>0x99c9</value>
         <object_component_ref idref="oc-1dd"/>
      </symbol>
      <symbol id="sm-360">
         <name>GPIO_setOutputLowOnPin</name>
         <value>0x9ad1</value>
         <object_component_ref idref="oc-152"/>
      </symbol>
      <symbol id="sm-361">
         <name>GPIO_setAsPeripheralModuleFunctionOutputPin</name>
         <value>0x96a1</value>
         <object_component_ref idref="oc-1d7"/>
      </symbol>
      <symbol id="sm-3a1">
         <name>EUSCI_B_SPI_enable</name>
         <value>0x9b79</value>
         <object_component_ref idref="oc-26c"/>
      </symbol>
      <symbol id="sm-3a2">
         <name>SPI_enableModule</name>
         <value>0x9af9</value>
         <object_component_ref idref="oc-1e9"/>
      </symbol>
      <symbol id="sm-3a3">
         <name>EUSCI_A_SPI_enable</name>
         <value>0x9b63</value>
         <object_component_ref idref="oc-266"/>
      </symbol>
      <symbol id="sm-3a4">
         <name>SPI_initMaster</name>
         <value>0x9555</value>
         <object_component_ref idref="oc-1e3"/>
      </symbol>
      <symbol id="sm-3a6">
         <name>__TI_static_base__</name>
         <value>0x0</value>
      </symbol>
      <symbol id="sm-3a9">
         <name>__mpu_init</name>
         <value>0x0</value>
      </symbol>
      <symbol id="sm-3aa">
         <name>_system_post_cinit</name>
         <value>0x0</value>
      </symbol>
      <symbol id="sm-3ab">
         <name>NMI_Handler</name>
         <value>0x9be7</value>
      </symbol>
      <symbol id="sm-3ac">
         <name>HardFault_Handler</name>
         <value>0x9be7</value>
      </symbol>
      <symbol id="sm-3ad">
         <name>MemManage_Handler</name>
         <value>0x9be7</value>
      </symbol>
      <symbol id="sm-3ae">
         <name>BusFault_Handler</name>
         <value>0x9be7</value>
      </symbol>
      <symbol id="sm-3af">
         <name>UsageFault_Handler</name>
         <value>0x9be7</value>
      </symbol>
      <symbol id="sm-3b0">
         <name>SVC_Handler</name>
         <value>0x9be7</value>
      </symbol>
      <symbol id="sm-3b1">
         <name>DebugMon_Handler</name>
         <value>0x9be7</value>
      </symbol>
      <symbol id="sm-3b2">
         <name>PendSV_Handler</name>
         <value>0x9be7</value>
      </symbol>
      <symbol id="sm-3b3">
         <name>SysTick_Handler</name>
         <value>0x9be7</value>
      </symbol>
      <symbol id="sm-3b4">
         <name>PSS_IRQHandler</name>
         <value>0x9be7</value>
      </symbol>
      <symbol id="sm-3b5">
         <name>CS_IRQHandler</name>
         <value>0x9be7</value>
      </symbol>
      <symbol id="sm-3b6">
         <name>PCM_IRQHandler</name>
         <value>0x9be7</value>
      </symbol>
      <symbol id="sm-3b7">
         <name>WDT_A_IRQHandler</name>
         <value>0x9be7</value>
      </symbol>
      <symbol id="sm-3b8">
         <name>FPU_IRQHandler</name>
         <value>0x9be7</value>
      </symbol>
      <symbol id="sm-3b9">
         <name>FLCTL_IRQHandler</name>
         <value>0x9be7</value>
      </symbol>
      <symbol id="sm-3ba">
         <name>COMP_E0_IRQHandler</name>
         <value>0x9be7</value>
      </symbol>
      <symbol id="sm-3bb">
         <name>COMP_E1_IRQHandler</name>
         <value>0x9be7</value>
      </symbol>
      <symbol id="sm-3bc">
         <name>TA0_0_IRQHandler</name>
         <value>0x9be7</value>
      </symbol>
      <symbol id="sm-3bd">
         <name>TA0_N_IRQHandler</name>
         <value>0x9be7</value>
      </symbol>
      <symbol id="sm-3be">
         <name>TA1_0_IRQHandler</name>
         <value>0x9be7</value>
      </symbol>
      <symbol id="sm-3bf">
         <name>TA1_N_IRQHandler</name>
         <value>0x9be7</value>
      </symbol>
      <symbol id="sm-3c0">
         <name>TA2_0_IRQHandler</name>
         <value>0x9be7</value>
      </symbol>
      <symbol id="sm-3c1">
         <name>TA2_N_IRQHandler</name>
         <value>0x9be7</value>
      </symbol>
      <symbol id="sm-3c2">
         <name>TA3_0_IRQHandler</name>
         <value>0x9be7</value>
      </symbol>
      <symbol id="sm-3c3">
         <name>TA3_N_IRQHandler</name>
         <value>0x9be7</value>
      </symbol>
      <symbol id="sm-3c4">
         <name>EUSCIA0_IRQHandler</name>
         <value>0x9be7</value>
      </symbol>
      <symbol id="sm-3c5">
         <name>EUSCIA1_IRQHandler</name>
         <value>0x9be7</value>
      </symbol>
      <symbol id="sm-3c6">
         <name>EUSCIA2_IRQHandler</name>
         <value>0x9be7</value>
      </symbol>
      <symbol id="sm-3c7">
         <name>EUSCIA3_IRQHandler</name>
         <value>0x9be7</value>
      </symbol>
      <symbol id="sm-3c8">
         <name>EUSCIB0_IRQHandler</name>
         <value>0x9be7</value>
      </symbol>
      <symbol id="sm-3c9">
         <name>EUSCIB1_IRQHandler</name>
         <value>0x9be7</value>
      </symbol>
      <symbol id="sm-3ca">
         <name>EUSCIB2_IRQHandler</name>
         <value>0x9be7</value>
      </symbol>
      <symbol id="sm-3cb">
         <name>EUSCIB3_IRQHandler</name>
         <value>0x9be7</value>
      </symbol>
      <symbol id="sm-3cc">
         <name>ADC14_IRQHandler</name>
         <value>0x9be7</value>
      </symbol>
      <symbol id="sm-3cd">
         <name>T32_INT1_IRQHandler</name>
         <value>0x9be7</value>
      </symbol>
      <symbol id="sm-3ce">
         <name>T32_INT2_IRQHandler</name>
         <value>0x9be7</value>
      </symbol>
      <symbol id="sm-3cf">
         <name>T32_INTC_IRQHandler</name>
         <value>0x9be7</value>
      </symbol>
      <symbol id="sm-3d0">
         <name>AES256_IRQHandler</name>
         <value>0x9be7</value>
      </symbol>
      <symbol id="sm-3d1">
         <name>RTC_C_IRQHandler</name>
         <value>0x9be7</value>
      </symbol>
      <symbol id="sm-3d2">
         <name>DMA_ERR_IRQHandler</name>
         <value>0x9be7</value>
      </symbol>
      <symbol id="sm-3d3">
         <name>DMA_INT3_IRQHandler</name>
         <value>0x9be7</value>
      </symbol>
      <symbol id="sm-3d4">
         <name>DMA_INT2_IRQHandler</name>
         <value>0x9be7</value>
      </symbol>
      <symbol id="sm-3d5">
         <name>DMA_INT1_IRQHandler</name>
         <value>0x9be7</value>
      </symbol>
      <symbol id="sm-3d6">
         <name>DMA_INT0_IRQHandler</name>
         <value>0x9be7</value>
      </symbol>
      <symbol id="sm-3d7">
         <name>PORT1_IRQHandler</name>
         <value>0x9be7</value>
      </symbol>
      <symbol id="sm-3d8">
         <name>PORT2_IRQHandler</name>
         <value>0x9be7</value>
      </symbol>
      <symbol id="sm-3d9">
         <name>PORT3_IRQHandler</name>
         <value>0x9be7</value>
      </symbol>
      <symbol id="sm-3da">
         <name>PORT4_IRQHandler</name>
         <value>0x9be7</value>
      </symbol>
      <symbol id="sm-3db">
         <name>PORT5_IRQHandler</name>
         <value>0x9be7</value>
      </symbol>
      <symbol id="sm-3dc">
         <name>PORT6_IRQHandler</name>
         <value>0x9be7</value>
      </symbol>
   </symbol_table>
   <title>Link successful</title>
</link_info>
