<?xml version="1.0" encoding="ISO-8859-1" ?>
<link_info>
   <banner>TI ARM Linker Unix v20.2.7.LTS</banner>
   <copyright>Copyright (c) 1996-2018 Texas Instruments Incorporated</copyright>
   <link_time>0x63a9be1f</link_time>
   <link_errors>0x0</link_errors>
   <output_file>MSP432Project.out</output_file>
   <entry_point>
      <name>_c_int00_noargs</name>
      <address>0xb735</address>
   </entry_point>
   <input_file_list>
      <input_file id="fl-2">
         <path>./</path>
         <kind>object</kind>
         <file>Clock.obj</file>
         <name>Clock.obj</name>
      </input_file>
      <input_file id="fl-3">
         <path>./</path>
         <kind>object</kind>
         <file>CommandMatrices.obj</file>
         <name>CommandMatrices.obj</name>
      </input_file>
      <input_file id="fl-4">
         <path>./</path>
         <kind>object</kind>
         <file>HardwareInit.obj</file>
         <name>HardwareInit.obj</name>
      </input_file>
      <input_file id="fl-5">
         <path>./</path>
         <kind>object</kind>
         <file>SendCodes_main.obj</file>
         <name>SendCodes_main.obj</name>
      </input_file>
      <input_file id="fl-6">
         <path>./</path>
         <kind>object</kind>
         <file>direction_graphics.obj</file>
         <name>direction_graphics.obj</name>
      </input_file>
      <input_file id="fl-7">
         <path>./</path>
         <kind>object</kind>
         <file>main.obj</file>
         <name>main.obj</name>
      </input_file>
      <input_file id="fl-8">
         <path>./</path>
         <kind>object</kind>
         <file>startup_msp432p401r_ccs.obj</file>
         <name>startup_msp432p401r_ccs.obj</name>
      </input_file>
      <input_file id="fl-9">
         <path>./</path>
         <kind>object</kind>
         <file>system_msp432p401r.obj</file>
         <name>system_msp432p401r.obj</name>
      </input_file>
      <input_file id="fl-a">
         <path>./BluetoothDriver/Devices/</path>
         <kind>object</kind>
         <file>MSPIO.obj</file>
         <name>MSPIO.obj</name>
      </input_file>
      <input_file id="fl-b">
         <path>./BluetoothDriver/Hardware/</path>
         <kind>object</kind>
         <file>CS_Driver.obj</file>
         <name>CS_Driver.obj</name>
      </input_file>
      <input_file id="fl-c">
         <path>./BluetoothDriver/Hardware/</path>
         <kind>object</kind>
         <file>UART_Driver.obj</file>
         <name>UART_Driver.obj</name>
      </input_file>
      <input_file id="fl-d">
         <path>./LcdDriver/</path>
         <kind>object</kind>
         <file>Crystalfontz128x128_ST7735.obj</file>
         <name>Crystalfontz128x128_ST7735.obj</name>
      </input_file>
      <input_file id="fl-e">
         <path>./LcdDriver/</path>
         <kind>object</kind>
         <file>HAL_MSP_EXP432P401R_Crystalfontz128x128_ST7735.obj</file>
         <name>HAL_MSP_EXP432P401R_Crystalfontz128x128_ST7735.obj</name>
      </input_file>
      <input_file id="fl-14">
         <kind>object</kind>
         <file>&lt;internal&gt;</file>
         <name>&lt;internal&gt;</name>
      </input_file>
      <input_file id="fl-ca">
         <path>/Applications/ti/ccs1210/ccs/tools/compiler/ti-cgt-arm_20.2.7.LTS/lib/</path>
         <kind>archive</kind>
         <file>rtsv7M4_T_le_v4SPD16_eabi.lib</file>
         <name>copy_zero_init.c.obj</name>
      </input_file>
      <input_file id="fl-cb">
         <path>/Applications/ti/ccs1210/ccs/tools/compiler/ti-cgt-arm_20.2.7.LTS/lib/</path>
         <kind>archive</kind>
         <file>rtsv7M4_T_le_v4SPD16_eabi.lib</file>
         <name>copy_decompress_none.c.obj</name>
      </input_file>
      <input_file id="fl-cc">
         <path>/Applications/ti/ccs1210/ccs/tools/compiler/ti-cgt-arm_20.2.7.LTS/lib/</path>
         <kind>archive</kind>
         <file>rtsv7M4_T_le_v4SPD16_eabi.lib</file>
         <name>copy_decompress_lzss.c.obj</name>
      </input_file>
      <input_file id="fl-cd">
         <path>/Applications/ti/ccs1210/ccs/tools/compiler/ti-cgt-arm_20.2.7.LTS/lib/</path>
         <kind>archive</kind>
         <file>rtsv7M4_T_le_v4SPD16_eabi.lib</file>
         <name>boot_cortex_m.c.obj</name>
      </input_file>
      <input_file id="fl-ce">
         <path>/Applications/ti/ccs1210/ccs/tools/compiler/ti-cgt-arm_20.2.7.LTS/lib/</path>
         <kind>archive</kind>
         <file>rtsv7M4_T_le_v4SPD16_eabi.lib</file>
         <name>memcpy_t2.asm.obj</name>
      </input_file>
      <input_file id="fl-cf">
         <path>/Applications/ti/ccs1210/ccs/tools/compiler/ti-cgt-arm_20.2.7.LTS/lib/</path>
         <kind>archive</kind>
         <file>rtsv7M4_T_le_v4SPD16_eabi.lib</file>
         <name>memset_t2.asm.obj</name>
      </input_file>
      <input_file id="fl-d0">
         <path>/Applications/ti/ccs1210/ccs/tools/compiler/ti-cgt-arm_20.2.7.LTS/lib/</path>
         <kind>archive</kind>
         <file>rtsv7M4_T_le_v4SPD16_eabi.lib</file>
         <name>autoinit.c.obj</name>
      </input_file>
      <input_file id="fl-d1">
         <path>/Applications/ti/ccs1210/ccs/tools/compiler/ti-cgt-arm_20.2.7.LTS/lib/</path>
         <kind>archive</kind>
         <file>rtsv7M4_T_le_v4SPD16_eabi.lib</file>
         <name>pre_init.c.obj</name>
      </input_file>
      <input_file id="fl-d2">
         <path>/Applications/ti/ccs1210/ccs/tools/compiler/ti-cgt-arm_20.2.7.LTS/lib/</path>
         <kind>archive</kind>
         <file>rtsv7M4_T_le_v4SPD16_eabi.lib</file>
         <name>cpy_tbl.c.obj</name>
      </input_file>
      <input_file id="fl-d3">
         <path>/Applications/ti/ccs1210/ccs/tools/compiler/ti-cgt-arm_20.2.7.LTS/lib/</path>
         <kind>archive</kind>
         <file>rtsv7M4_T_le_v4SPD16_eabi.lib</file>
         <name>exit.c.obj</name>
      </input_file>
      <input_file id="fl-d4">
         <path>/Applications/ti/ccs1210/ccs/tools/compiler/ti-cgt-arm_20.2.7.LTS/lib/</path>
         <kind>archive</kind>
         <file>rtsv7M4_T_le_v4SPD16_eabi.lib</file>
         <name>_lock.c.obj</name>
      </input_file>
      <input_file id="fl-d5">
         <path>/Applications/ti/ccs1210/ccs/tools/compiler/ti-cgt-arm_20.2.7.LTS/lib/</path>
         <kind>archive</kind>
         <file>rtsv7M4_T_le_v4SPD16_eabi.lib</file>
         <name>args_main.c.obj</name>
      </input_file>
      <input_file id="fl-d6">
         <path>/Users/matteobeltrami/Desktop/Uni/embedded software for the IoT/include in projects/</path>
         <kind>archive</kind>
         <file>msp432p4xx_driverlib.lib</file>
         <name>adc14.o</name>
      </input_file>
      <input_file id="fl-d7">
         <path>/Users/matteobeltrami/Desktop/Uni/embedded software for the IoT/include in projects/</path>
         <kind>archive</kind>
         <file>msp432p4xx_driverlib.lib</file>
         <name>cs.o</name>
      </input_file>
      <input_file id="fl-d8">
         <path>/Users/matteobeltrami/Desktop/Uni/embedded software for the IoT/include in projects/</path>
         <kind>archive</kind>
         <file>msp432p4xx_driverlib.lib</file>
         <name>flash.o</name>
      </input_file>
      <input_file id="fl-d9">
         <path>/Users/matteobeltrami/Desktop/Uni/embedded software for the IoT/include in projects/</path>
         <kind>archive</kind>
         <file>msp432p4xx_driverlib.lib</file>
         <name>gpio.o</name>
      </input_file>
      <input_file id="fl-da">
         <path>/Users/matteobeltrami/Desktop/Uni/embedded software for the IoT/include in projects/</path>
         <kind>archive</kind>
         <file>msp432p4xx_driverlib.lib</file>
         <name>interrupt.o</name>
      </input_file>
      <input_file id="fl-db">
         <path>/Users/matteobeltrami/Desktop/Uni/embedded software for the IoT/include in projects/</path>
         <kind>archive</kind>
         <file>msp432p4xx_driverlib.lib</file>
         <name>pcm.o</name>
      </input_file>
      <input_file id="fl-dc">
         <path>/Users/matteobeltrami/Desktop/Uni/embedded software for the IoT/include in projects/</path>
         <kind>archive</kind>
         <file>msp432p4xx_driverlib.lib</file>
         <name>rtc_c.o</name>
      </input_file>
      <input_file id="fl-dd">
         <path>/Users/matteobeltrami/Desktop/Uni/embedded software for the IoT/include in projects/</path>
         <kind>archive</kind>
         <file>msp432p4xx_driverlib.lib</file>
         <name>spi.o</name>
      </input_file>
      <input_file id="fl-de">
         <path>/Users/matteobeltrami/Desktop/Uni/embedded software for the IoT/include in projects/</path>
         <kind>archive</kind>
         <file>msp432p4xx_driverlib.lib</file>
         <name>sysctl.o</name>
      </input_file>
      <input_file id="fl-df">
         <path>/Users/matteobeltrami/Desktop/Uni/embedded software for the IoT/include in projects/</path>
         <kind>archive</kind>
         <file>msp432p4xx_driverlib.lib</file>
         <name>sysctl_a.o</name>
      </input_file>
      <input_file id="fl-e0">
         <path>/Users/matteobeltrami/Desktop/Uni/embedded software for the IoT/include in projects/</path>
         <kind>archive</kind>
         <file>msp432p4xx_driverlib.lib</file>
         <name>timer_a.o</name>
      </input_file>
      <input_file id="fl-e1">
         <path>/Users/matteobeltrami/Desktop/Uni/embedded software for the IoT/include in projects/</path>
         <kind>archive</kind>
         <file>msp432p4xx_driverlib.lib</file>
         <name>uart.o</name>
      </input_file>
      <input_file id="fl-e2">
         <path>/Users/matteobeltrami/Desktop/Uni/embedded software for the IoT/include in projects/</path>
         <kind>archive</kind>
         <file>msp432p4xx_driverlib.lib</file>
         <name>wdt_a.o</name>
      </input_file>
      <input_file id="fl-e3">
         <path>/Users/matteobeltrami/Desktop/Uni/embedded software for the IoT/include in projects/</path>
         <kind>archive</kind>
         <file>msp432p4xx_driverlib.lib</file>
         <name>cpu.o</name>
      </input_file>
      <input_file id="fl-e4">
         <path>/Users/matteobeltrami/Desktop/Uni/embedded software for the IoT/include in projects/</path>
         <kind>archive</kind>
         <file>grlib.a</file>
         <name>context.obj</name>
      </input_file>
      <input_file id="fl-e5">
         <path>/Users/matteobeltrami/Desktop/Uni/embedded software for the IoT/include in projects/</path>
         <kind>archive</kind>
         <file>grlib.a</file>
         <name>display.obj</name>
      </input_file>
      <input_file id="fl-e6">
         <path>/Users/matteobeltrami/Desktop/Uni/embedded software for the IoT/include in projects/</path>
         <kind>archive</kind>
         <file>grlib.a</file>
         <name>fontfixed6x8.obj</name>
      </input_file>
      <input_file id="fl-e7">
         <path>/Users/matteobeltrami/Desktop/Uni/embedded software for the IoT/include in projects/</path>
         <kind>archive</kind>
         <file>grlib.a</file>
         <name>image.obj</name>
      </input_file>
   </input_file_list>
   <object_component_list>
      <object_component id="oc-26">
         <name>.intvecs:retain</name>
         <load_address>0x0</load_address>
         <run_address>0x0</run_address>
         <size>0xe4</size>
         <input_file_ref idref="fl-8"/>
      </object_component>
      <object_component id="oc-6d">
         <name>.text</name>
         <load_address>0x7e6c</load_address>
         <run_address>0x7e6c</run_address>
         <size>0x7e4</size>
         <input_file_ref idref="fl-7"/>
      </object_component>
      <object_component id="oc-263">
         <name>.text</name>
         <load_address>0x8650</load_address>
         <run_address>0x8650</run_address>
         <size>0x680</size>
         <input_file_ref idref="fl-d"/>
      </object_component>
      <object_component id="oc-165">
         <name>.text</name>
         <load_address>0x8cd0</load_address>
         <run_address>0x8cd0</run_address>
         <size>0x57c</size>
         <input_file_ref idref="fl-6"/>
      </object_component>
      <object_component id="oc-d6">
         <name>.text:Graphics_drawImage</name>
         <load_address>0x924c</load_address>
         <run_address>0x924c</run_address>
         <size>0x390</size>
         <input_file_ref idref="fl-e7"/>
      </object_component>
      <object_component id="oc-73">
         <name>.text</name>
         <load_address>0x95dc</load_address>
         <run_address>0x95dc</run_address>
         <size>0x350</size>
         <input_file_ref idref="fl-c"/>
      </object_component>
      <object_component id="oc-ab">
         <name>.text</name>
         <load_address>0x992c</load_address>
         <run_address>0x992c</run_address>
         <size>0x334</size>
         <input_file_ref idref="fl-9"/>
      </object_component>
      <object_component id="oc-b2">
         <name>.text</name>
         <load_address>0x9c60</load_address>
         <run_address>0x9c60</run_address>
         <size>0x328</size>
         <input_file_ref idref="fl-4"/>
      </object_component>
      <object_component id="oc-ca">
         <name>.text</name>
         <load_address>0x9f88</load_address>
         <run_address>0x9f88</run_address>
         <size>0x2d2</size>
         <input_file_ref idref="fl-a"/>
      </object_component>
      <object_component id="oc-2a9">
         <name>.text</name>
         <load_address>0xa25c</load_address>
         <run_address>0xa25c</run_address>
         <size>0x1e0</size>
         <input_file_ref idref="fl-2"/>
      </object_component>
      <object_component id="oc-b8">
         <name>.text</name>
         <load_address>0xa43c</load_address>
         <run_address>0xa43c</run_address>
         <size>0x1ac</size>
         <input_file_ref idref="fl-5"/>
      </object_component>
      <object_component id="oc-372">
         <name>.text:_getIndexForMemRegister</name>
         <load_address>0xa5e8</load_address>
         <run_address>0xa5e8</run_address>
         <size>0x160</size>
         <input_file_ref idref="fl-d6"/>
      </object_component>
      <object_component id="oc-562">
         <name>.text:__PCM_setPowerModeAdvanced</name>
         <load_address>0xa748</load_address>
         <run_address>0xa748</run_address>
         <size>0x15c</size>
         <input_file_ref idref="fl-db"/>
      </object_component>
      <object_component id="oc-3d7">
         <name>.text:privateTimer_AProcessClockSourceDivider</name>
         <load_address>0xa8a4</load_address>
         <run_address>0xa8a4</run_address>
         <size>0x144</size>
         <input_file_ref idref="fl-e0"/>
      </object_component>
      <object_component id="oc-190">
         <name>.text:UART_initModule</name>
         <load_address>0xa9e8</load_address>
         <run_address>0xa9e8</run_address>
         <size>0x11c</size>
         <input_file_ref idref="fl-e1"/>
      </object_component>
      <object_component id="oc-3cf">
         <name>.text:__PCM_setCoreVoltageLevelAdvanced</name>
         <load_address>0xab04</load_address>
         <run_address>0xab04</run_address>
         <size>0x108</size>
         <input_file_ref idref="fl-db"/>
      </object_component>
      <object_component id="oc-3f4">
         <name>.text</name>
         <load_address>0xac0c</load_address>
         <run_address>0xac0c</run_address>
         <size>0xcc</size>
         <input_file_ref idref="fl-e"/>
      </object_component>
      <object_component id="oc-23f">
         <name>.text:ADC14_configureConversionMemory</name>
         <load_address>0xacd8</load_address>
         <run_address>0xacd8</run_address>
         <size>0xb4</size>
         <input_file_ref idref="fl-d6"/>
      </object_component>
      <object_component id="oc-239">
         <name>.text:ADC14_configureMultiSequenceMode</name>
         <load_address>0xad8c</load_address>
         <run_address>0xad8c</run_address>
         <size>0xb4</size>
         <input_file_ref idref="fl-d6"/>
      </object_component>
      <object_component id="oc-511">
         <name>.text:SPI_initMaster</name>
         <load_address>0xae40</load_address>
         <run_address>0xae40</run_address>
         <size>0xb0</size>
         <input_file_ref idref="fl-dd"/>
      </object_component>
      <object_component id="oc-37">
         <name>.text</name>
         <load_address>0xaef0</load_address>
         <run_address>0xaef0</run_address>
         <size>0x9c</size>
         <input_file_ref idref="fl-ce"/>
      </object_component>
      <object_component id="oc-233">
         <name>.text:GPIO_setAsPeripheralModuleFunctionInputPin</name>
         <load_address>0xaf8c</load_address>
         <run_address>0xaf8c</run_address>
         <size>0x88</size>
         <input_file_ref idref="fl-d9"/>
      </object_component>
      <object_component id="oc-50b">
         <name>.text:GPIO_setAsPeripheralModuleFunctionOutputPin</name>
         <load_address>0xb014</load_address>
         <run_address>0xb014</run_address>
         <size>0x88</size>
         <input_file_ref idref="fl-d9"/>
      </object_component>
      <object_component id="oc-171">
         <name>.text:GPIO_getEnabledInterruptStatus</name>
         <load_address>0xb09c</load_address>
         <run_address>0xb09c</run_address>
         <size>0x84</size>
         <input_file_ref idref="fl-d9"/>
      </object_component>
      <object_component id="oc-221">
         <name>.text:Interrupt_enableInterrupt</name>
         <load_address>0xb120</load_address>
         <run_address>0xb120</run_address>
         <size>0x80</size>
         <input_file_ref idref="fl-da"/>
      </object_component>
      <object_component id="oc-93">
         <name>.text</name>
         <load_address>0xb1a0</load_address>
         <run_address>0xb1a0</run_address>
         <size>0x7a</size>
         <input_file_ref idref="fl-cf"/>
      </object_component>
      <object_component id="oc-2d1">
         <name>.text:Graphics_convertPalette</name>
         <load_address>0xb21c</load_address>
         <run_address>0xb21c</run_address>
         <size>0x6c</size>
         <input_file_ref idref="fl-e7"/>
      </object_component>
      <object_component id="oc-21b">
         <name>.text:Timer_A_configureUpMode</name>
         <load_address>0xb288</load_address>
         <run_address>0xb288</run_address>
         <size>0x68</size>
         <input_file_ref idref="fl-e0"/>
      </object_component>
      <object_component id="oc-17">
         <name>.text:decompress:lzss:__TI_decompress_lzss</name>
         <load_address>0xb2f0</load_address>
         <run_address>0xb2f0</run_address>
         <size>0x68</size>
         <input_file_ref idref="fl-cc"/>
      </object_component>
      <object_component id="oc-196">
         <name>.text:UART_getEnabledInterruptStatus</name>
         <load_address>0xb358</load_address>
         <run_address>0xb358</run_address>
         <size>0x64</size>
         <input_file_ref idref="fl-e1"/>
      </object_component>
      <object_component id="oc-4ea">
         <name>.text:PCM_getCoreVoltageLevel</name>
         <load_address>0xb3bc</load_address>
         <run_address>0xb3bc</run_address>
         <size>0x5e</size>
         <input_file_ref idref="fl-db"/>
      </object_component>
      <object_component id="oc-4e4">
         <name>.text:PCM_getPowerMode</name>
         <load_address>0xb41a</load_address>
         <run_address>0xb41a</run_address>
         <size>0x5a</size>
         <input_file_ref idref="fl-db"/>
      </object_component>
      <object_component id="oc-227">
         <name>.text:GPIO_setAsInputPinWithPullUpResistor</name>
         <load_address>0xb474</load_address>
         <run_address>0xb474</run_address>
         <size>0x58</size>
         <input_file_ref idref="fl-d9"/>
      </object_component>
      <object_component id="oc-251">
         <name>.text:ADC14_initModule</name>
         <load_address>0xb4cc</load_address>
         <run_address>0xb4cc</run_address>
         <size>0x54</size>
         <input_file_ref idref="fl-d6"/>
      </object_component>
      <object_component id="oc-269">
         <name>.text:Graphics_initContext</name>
         <load_address>0xb520</load_address>
         <run_address>0xb520</run_address>
         <size>0x52</size>
         <input_file_ref idref="fl-e4"/>
      </object_component>
      <object_component id="oc-215">
         <name>.text:FlashCtl_setWaitState</name>
         <load_address>0xb574</load_address>
         <run_address>0xb574</run_address>
         <size>0x48</size>
         <input_file_ref idref="fl-d8"/>
      </object_component>
      <object_component id="oc-2d7">
         <name>.text:Graphics_drawMultiplePixelsOnDisplay</name>
         <load_address>0xb5bc</load_address>
         <run_address>0xb5bc</run_address>
         <size>0x46</size>
         <input_file_ref idref="fl-e5"/>
      </object_component>
      <object_component id="oc-1cd">
         <name>.text:__TI_auto_init_nobinit_nopinit:__TI_auto_init_nobinit_nopinit</name>
         <load_address>0xb604</load_address>
         <run_address>0xb604</run_address>
         <size>0x44</size>
         <input_file_ref idref="fl-d0"/>
      </object_component>
      <object_component id="oc-203">
         <name>.text:GPIO_setAsOutputPin</name>
         <load_address>0xb648</load_address>
         <run_address>0xb648</run_address>
         <size>0x40</size>
         <input_file_ref idref="fl-d9"/>
      </object_component>
      <object_component id="oc-56c">
         <name>.text:is_A_Module</name>
         <load_address>0xb688</load_address>
         <run_address>0xb688</run_address>
         <size>0x40</size>
         <input_file_ref idref="fl-dd"/>
      </object_component>
      <object_component id="oc-153">
         <name>.text:ADC14_getEnabledInterruptStatus</name>
         <load_address>0xb6c8</load_address>
         <run_address>0xb6c8</run_address>
         <size>0x38</size>
         <input_file_ref idref="fl-d6"/>
      </object_component>
      <object_component id="oc-257">
         <name>.text:ADC14_enableSampleTimer</name>
         <load_address>0xb700</load_address>
         <run_address>0xb700</run_address>
         <size>0x34</size>
         <input_file_ref idref="fl-d6"/>
      </object_component>
      <object_component id="oc-55">
         <name>.text:_c_int00_noargs:_c_int00_noargs</name>
         <load_address>0xb734</load_address>
         <run_address>0xb734</run_address>
         <size>0x34</size>
         <input_file_ref idref="fl-cd"/>
      </object_component>
      <object_component id="oc-159">
         <name>.text:ADC14_clearInterruptFlag</name>
         <load_address>0xb768</load_address>
         <run_address>0xb768</run_address>
         <size>0x30</size>
         <input_file_ref idref="fl-d6"/>
      </object_component>
      <object_component id="oc-245">
         <name>.text:ADC14_enableInterrupt</name>
         <load_address>0xb798</load_address>
         <run_address>0xb798</run_address>
         <size>0x30</size>
         <input_file_ref idref="fl-d6"/>
      </object_component>
      <object_component id="oc-36a">
         <name>.text:ADC14_getInterruptStatus</name>
         <load_address>0xb7c8</load_address>
         <run_address>0xb7c8</run_address>
         <size>0x2c</size>
         <input_file_ref idref="fl-d6"/>
      </object_component>
      <object_component id="oc-132">
         <name>.text:ADC14_toggleConversionTrigger</name>
         <load_address>0xb7f4</load_address>
         <run_address>0xb7f4</run_address>
         <size>0x2c</size>
         <input_file_ref idref="fl-d6"/>
      </object_component>
      <object_component id="oc-2dd">
         <name>.text:Graphics_drawPixelOnDisplay</name>
         <load_address>0xb820</load_address>
         <run_address>0xb820</run_address>
         <size>0x2c</size>
         <input_file_ref idref="fl-e5"/>
      </object_component>
      <object_component id="oc-12c">
         <name>.text:Timer_A_clearCaptureCompareInterrupt</name>
         <load_address>0xb84c</load_address>
         <run_address>0xb84c</run_address>
         <size>0x2c</size>
         <input_file_ref idref="fl-e0"/>
      </object_component>
      <object_component id="oc-25d">
         <name>.text:ADC14_enableConversion</name>
         <load_address>0xb878</load_address>
         <run_address>0xb878</run_address>
         <size>0x28</size>
         <input_file_ref idref="fl-d6"/>
      </object_component>
      <object_component id="oc-15f">
         <name>.text:ADC14_getResult</name>
         <load_address>0xb8a0</load_address>
         <run_address>0xb8a0</run_address>
         <size>0x28</size>
         <input_file_ref idref="fl-d6"/>
      </object_component>
      <object_component id="oc-177">
         <name>.text:GPIO_clearInterruptFlag</name>
         <load_address>0xb8c8</load_address>
         <run_address>0xb8c8</run_address>
         <size>0x28</size>
         <input_file_ref idref="fl-d9"/>
      </object_component>
      <object_component id="oc-22d">
         <name>.text:GPIO_enableInterrupt</name>
         <load_address>0xb8f0</load_address>
         <run_address>0xb8f0</run_address>
         <size>0x28</size>
         <input_file_ref idref="fl-d9"/>
      </object_component>
      <object_component id="oc-3fa">
         <name>.text:GPIO_setOutputHighOnPin</name>
         <load_address>0xb918</load_address>
         <run_address>0xb918</run_address>
         <size>0x28</size>
         <input_file_ref idref="fl-d9"/>
      </object_component>
      <object_component id="oc-209">
         <name>.text:GPIO_setOutputLowOnPin</name>
         <load_address>0xb940</load_address>
         <run_address>0xb940</run_address>
         <size>0x28</size>
         <input_file_ref idref="fl-d9"/>
      </object_component>
      <object_component id="oc-dc">
         <name>.text:GPIO_toggleOutputOnPin</name>
         <load_address>0xb968</load_address>
         <run_address>0xb968</run_address>
         <size>0x28</size>
         <input_file_ref idref="fl-d9"/>
      </object_component>
      <object_component id="oc-d0">
         <name>.text:PCM_gotoLPM0</name>
         <load_address>0xb990</load_address>
         <run_address>0xb990</run_address>
         <size>0x28</size>
         <input_file_ref idref="fl-db"/>
      </object_component>
      <object_component id="oc-38d">
         <name>.text:GPIO_getInterruptStatus</name>
         <load_address>0xb9b8</load_address>
         <run_address>0xb9b8</run_address>
         <size>0x24</size>
         <input_file_ref idref="fl-d9"/>
      </object_component>
      <object_component id="oc-517">
         <name>.text:SPI_enableModule</name>
         <load_address>0xb9dc</load_address>
         <run_address>0xb9dc</run_address>
         <size>0x1c</size>
         <input_file_ref idref="fl-dd"/>
      </object_component>
      <object_component id="oc-418">
         <name>.text:Graphics_clearDisplayOnDisplay</name>
         <load_address>0xb9f8</load_address>
         <run_address>0xb9f8</run_address>
         <size>0x1a</size>
         <input_file_ref idref="fl-e5"/>
      </object_component>
      <object_component id="oc-275">
         <name>.text:Graphics_setBackgroundColor</name>
         <load_address>0xba12</load_address>
         <run_address>0xba12</run_address>
         <size>0x1a</size>
         <input_file_ref idref="fl-e4"/>
      </object_component>
      <object_component id="oc-27b">
         <name>.text:Graphics_setFont</name>
         <load_address>0xba2c</load_address>
         <run_address>0xba2c</run_address>
         <size>0x1a</size>
         <input_file_ref idref="fl-e4"/>
      </object_component>
      <object_component id="oc-3a1">
         <name>.text:UART_getInterruptStatus</name>
         <load_address>0xba46</load_address>
         <run_address>0xba46</run_address>
         <size>0x18</size>
         <input_file_ref idref="fl-e1"/>
      </object_component>
      <object_component id="oc-574">
         <name>.text:EUSCI_A_SPI_enable</name>
         <load_address>0xba5e</load_address>
         <run_address>0xba5e</run_address>
         <size>0x16</size>
         <input_file_ref idref="fl-dd"/>
      </object_component>
      <object_component id="oc-57a">
         <name>.text:EUSCI_B_SPI_enable</name>
         <load_address>0xba74</load_address>
         <run_address>0xba74</run_address>
         <size>0x16</size>
         <input_file_ref idref="fl-dd"/>
      </object_component>
      <object_component id="oc-26f">
         <name>.text:Graphics_setForegroundColor</name>
         <load_address>0xba8a</load_address>
         <run_address>0xba8a</run_address>
         <size>0x16</size>
         <input_file_ref idref="fl-e4"/>
      </object_component>
      <object_component id="oc-40f">
         <name>.text:Graphics_translateColorOnDisplay</name>
         <load_address>0xbaa0</load_address>
         <run_address>0xbaa0</run_address>
         <size>0x16</size>
         <input_file_ref idref="fl-e5"/>
      </object_component>
      <object_component id="oc-c4">
         <name>.text:Timer_A_startCounter</name>
         <load_address>0xbab6</load_address>
         <run_address>0xbab6</run_address>
         <size>0x16</size>
         <input_file_ref idref="fl-e0"/>
      </object_component>
      <object_component id="oc-4f0">
         <name>.text:PCM_getPowerState</name>
         <load_address>0xbacc</load_address>
         <run_address>0xbacc</run_address>
         <size>0x14</size>
         <input_file_ref idref="fl-db"/>
      </object_component>
      <object_component id="oc-126">
         <name>.text:Timer_A_stopTimer</name>
         <load_address>0xbae0</load_address>
         <run_address>0xbae0</run_address>
         <size>0x14</size>
         <input_file_ref idref="fl-e0"/>
      </object_component>
      <object_component id="oc-281">
         <name>.text:Graphics_clearDisplay</name>
         <load_address>0xbaf4</load_address>
         <run_address>0xbaf4</run_address>
         <size>0x12</size>
         <input_file_ref idref="fl-e4"/>
      </object_component>
      <object_component id="oc-10c">
         <name>.text:ADC14_disableConversion</name>
         <load_address>0xbb08</load_address>
         <run_address>0xbb08</run_address>
         <size>0x10</size>
         <input_file_ref idref="fl-d6"/>
      </object_component>
      <object_component id="oc-3e6">
         <name>.text:ADCIsConversionRunning</name>
         <load_address>0xbb18</load_address>
         <run_address>0xbb18</run_address>
         <size>0x10</size>
         <input_file_ref idref="fl-d6"/>
      </object_component>
      <object_component id="oc-106">
         <name>.text:Interrupt_disableMaster</name>
         <load_address>0xbb28</load_address>
         <run_address>0xbb28</run_address>
         <size>0x10</size>
         <input_file_ref idref="fl-da"/>
      </object_component>
      <object_component id="oc-be">
         <name>.text:Interrupt_enableMaster</name>
         <load_address>0xbb38</load_address>
         <run_address>0xbb38</run_address>
         <size>0x10</size>
         <input_file_ref idref="fl-da"/>
      </object_component>
      <object_component id="oc-20f">
         <name>.text:PCM_setCoreVoltageLevel</name>
         <load_address>0xbb48</load_address>
         <run_address>0xbb48</run_address>
         <size>0x10</size>
         <input_file_ref idref="fl-db"/>
      </object_component>
      <object_component id="oc-4f6">
         <name>.text:PCM_setPowerMode</name>
         <load_address>0xbb58</load_address>
         <run_address>0xbb58</run_address>
         <size>0x10</size>
         <input_file_ref idref="fl-db"/>
      </object_component>
      <object_component id="oc-1d">
         <name>.text:decompress:none:__TI_decompress_none</name>
         <load_address>0xbb68</load_address>
         <run_address>0xbb68</run_address>
         <size>0xe</size>
         <input_file_ref idref="fl-cb"/>
      </object_component>
      <object_component id="oc-67">
         <name>.text</name>
         <load_address>0xbb76</load_address>
         <run_address>0xbb76</run_address>
         <size>0xe</size>
         <input_file_ref idref="fl-8"/>
      </object_component>
      <object_component id="oc-24b">
         <name>.text:ADC14_enableModule</name>
         <load_address>0xbb84</load_address>
         <run_address>0xbb84</run_address>
         <size>0xc</size>
         <input_file_ref idref="fl-d6"/>
      </object_component>
      <object_component id="oc-31b">
         <name>.text:CPU_cpsid</name>
         <load_address>0xbb90</load_address>
         <run_address>0xbb90</run_address>
         <size>0xc</size>
         <input_file_ref idref="fl-e3"/>
      </object_component>
      <object_component id="oc-2b1">
         <name>.text:CPU_cpsie</name>
         <load_address>0xbb9c</load_address>
         <run_address>0xbb9c</run_address>
         <size>0xc</size>
         <input_file_ref idref="fl-e3"/>
      </object_component>
      <object_component id="oc-49">
         <name>.text:decompress:ZI:__TI_zero_init</name>
         <load_address>0xbba8</load_address>
         <run_address>0xbba8</run_address>
         <size>0xc</size>
         <input_file_ref idref="fl-ca"/>
      </object_component>
      <object_component id="oc-2ca">
         <name>.text:CPU_wfi</name>
         <load_address>0xbbb4</load_address>
         <run_address>0xbbb4</run_address>
         <size>0x4</size>
         <input_file_ref idref="fl-e3"/>
      </object_component>
      <object_component id="oc-99">
         <name>.text:_system_pre_init</name>
         <load_address>0xbbb8</load_address>
         <run_address>0xbbb8</run_address>
         <size>0x4</size>
         <input_file_ref idref="fl-d1"/>
      </object_component>
      <object_component id="oc-1c1">
         <name>.text:abort:abort</name>
         <load_address>0xbbbc</load_address>
         <run_address>0xbbbc</run_address>
         <size>0x4</size>
         <input_file_ref idref="fl-d3"/>
      </object_component>
      <object_component id="oc-434">
         <name>.const:.string:pixel_HELICOPTER_8BPP_UNCOMP</name>
         <load_address>0xe4</load_address>
         <run_address>0xe4</run_address>
         <size>0x4000</size>
         <input_file_ref idref="fl-6"/>
      </object_component>
      <object_component id="oc-43e">
         <name>.const:.string:pixel_PROPELLERS2_8BPP_UNCOMP</name>
         <load_address>0x40e4</load_address>
         <run_address>0x40e4</run_address>
         <size>0x10c6</size>
         <input_file_ref idref="fl-6"/>
      </object_component>
      <object_component id="oc-439">
         <name>.const:.string:pixel_PROPELLERS1_8BPP_UNCOMP</name>
         <load_address>0x51aa</load_address>
         <run_address>0x51aa</run_address>
         <size>0x1055</size>
         <input_file_ref idref="fl-6"/>
      </object_component>
      <object_component id="oc-395">
         <name>.const:.string:pixel_DIRECTIONS_1BPP_UNCOMP</name>
         <load_address>0x61ff</load_address>
         <run_address>0x61ff</run_address>
         <size>0x800</size>
         <input_file_ref idref="fl-6"/>
      </object_component>
      <object_component id="oc-443">
         <name>.const:.string:pixel_MENU_1BPP_UNCOMP</name>
         <load_address>0x69ff</load_address>
         <run_address>0x69ff</run_address>
         <size>0x800</size>
         <input_file_ref idref="fl-6"/>
      </object_component>
      <object_component id="oc-42b">
         <name>.const:.string:g_pucFontFixed6x8Data</name>
         <load_address>0x71ff</load_address>
         <run_address>0x71ff</run_address>
         <size>0x2f8</size>
         <input_file_ref idref="fl-e6"/>
      </object_component>
      <object_component id="oc-332">
         <name>.const:.string:pixel_BACKWARD_1BPP_UNCOMP</name>
         <load_address>0x74f7</load_address>
         <run_address>0x74f7</run_address>
         <size>0xd7</size>
         <input_file_ref idref="fl-6"/>
      </object_component>
      <object_component id="oc-32a">
         <name>.const:.string:pixel_FOREWARD_1BPP_UNCOMP</name>
         <load_address>0x75ce</load_address>
         <run_address>0x75ce</run_address>
         <size>0xd7</size>
         <input_file_ref idref="fl-6"/>
      </object_component>
      <object_component id="oc-337">
         <name>.const:.string:pixel_LEFT_1BPP_UNCOMP</name>
         <load_address>0x76a5</load_address>
         <run_address>0x76a5</run_address>
         <size>0xd2</size>
         <input_file_ref idref="fl-6"/>
      </object_component>
      <object_component id="oc-33c">
         <name>.const:.string:pixel_RIGHT_1BPP_UNCOMP</name>
         <load_address>0x7777</load_address>
         <run_address>0x7777</run_address>
         <size>0xd2</size>
         <input_file_ref idref="fl-6"/>
      </object_component>
      <object_component id="oc-494">
         <name>.const:.string:pixel_HORIZONTAL_POWER_1BPP_UNCOMP</name>
         <load_address>0x7849</load_address>
         <run_address>0x7849</run_address>
         <size>0x3</size>
         <input_file_ref idref="fl-6"/>
      </object_component>
      <object_component id="oc-299">
         <name>.const:g_sFontFixed6x8</name>
         <load_address>0x784c</load_address>
         <run_address>0x784c</run_address>
         <size>0xc8</size>
         <input_file_ref idref="fl-e6"/>
      </object_component>
      <object_component id="oc-354">
         <name>.const:.string:pixel_ACCELEROMETER_1BPP_UNCOMP</name>
         <load_address>0x7914</load_address>
         <run_address>0x7914</run_address>
         <size>0x96</size>
         <input_file_ref idref="fl-6"/>
      </object_component>
      <object_component id="oc-359">
         <name>.const:.string:pixel_BLUETOOTH_1BPP_UNCOMP</name>
         <load_address>0x79aa</load_address>
         <run_address>0x79aa</run_address>
         <size>0x96</size>
         <input_file_ref idref="fl-6"/>
      </object_component>
      <object_component id="oc-34f">
         <name>.const:.string:pixel_JOYSTICK_1BPP_UNCOMP</name>
         <load_address>0x7a40</load_address>
         <run_address>0x7a40</run_address>
         <size>0x96</size>
         <input_file_ref idref="fl-6"/>
      </object_component>
      <object_component id="oc-361">
         <name>.const:.string:pixel_BLUETOOTH_LOGO_8BPP_UNCOMP</name>
         <load_address>0x7ad6</load_address>
         <run_address>0x7ad6</run_address>
         <size>0x82</size>
         <input_file_ref idref="fl-6"/>
      </object_component>
      <object_component id="oc-378">
         <name>.const:_ctlRegs</name>
         <load_address>0x7b58</load_address>
         <run_address>0x7b58</run_address>
         <size>0x80</size>
         <input_file_ref idref="fl-d6"/>
      </object_component>
      <object_component id="oc-2e5">
         <name>.const:GPIO_PORT_TO_BASE</name>
         <load_address>0x7bd8</load_address>
         <run_address>0x7bd8</run_address>
         <size>0x30</size>
         <input_file_ref idref="fl-d9"/>
      </object_component>
      <object_component id="oc-296">
         <name>.const:g_sCrystalfontz128x128_funcs</name>
         <load_address>0x7c08</load_address>
         <run_address>0x7c08</run_address>
         <size>0x20</size>
         <input_file_ref idref="fl-d"/>
      </object_component>
      <object_component id="oc-431">
         <name>.const:palette_HELICOPTER_8BPP_UNCOMP</name>
         <load_address>0x7c28</load_address>
         <run_address>0x7c28</run_address>
         <size>0x20</size>
         <input_file_ref idref="fl-6"/>
      </object_component>
      <object_component id="oc-51d">
         <name>.const:$P$T0$1</name>
         <load_address>0x7c48</load_address>
         <run_address>0x7c48</run_address>
         <size>0x1c</size>
         <input_file_ref idref="fl-e"/>
      </object_component>
      <object_component id="oc-28d">
         <name>.const:upConfigTimerA1</name>
         <load_address>0x7c64</load_address>
         <run_address>0x7c64</run_address>
         <size>0x18</size>
         <input_file_ref idref="fl-4"/>
      </object_component>
      <object_component id="oc-28a">
         <name>.const:upConfigTimerA2</name>
         <load_address>0x7c7c</load_address>
         <run_address>0x7c7c</run_address>
         <size>0x18</size>
         <input_file_ref idref="fl-4"/>
      </object_component>
      <object_component id="oc-287">
         <name>.const:upConfigTimerA3</name>
         <load_address>0x7c94</load_address>
         <run_address>0x7c94</run_address>
         <size>0x18</size>
         <input_file_ref idref="fl-4"/>
      </object_component>
      <object_component id="oc-144">
         <name>.const:ACCELEROMETER_BLACK_1BPP_UNCOMP</name>
         <load_address>0x7cac</load_address>
         <run_address>0x7cac</run_address>
         <size>0x10</size>
         <input_file_ref idref="fl-6"/>
      </object_component>
      <object_component id="oc-150">
         <name>.const:ACCELEROMETER_BLUE_1BPP_UNCOMP</name>
         <load_address>0x7cbc</load_address>
         <run_address>0x7cbc</run_address>
         <size>0x10</size>
         <input_file_ref idref="fl-6"/>
      </object_component>
      <object_component id="oc-138">
         <name>.const:BACKWARD_RED_1BPP_UNCOMP</name>
         <load_address>0x7ccc</load_address>
         <run_address>0x7ccc</run_address>
         <size>0x10</size>
         <input_file_ref idref="fl-6"/>
      </object_component>
      <object_component id="oc-11a">
         <name>.const:BACKWARD_WHITE_1BPP_UNCOMP</name>
         <load_address>0x7cdc</load_address>
         <run_address>0x7cdc</run_address>
         <size>0x10</size>
         <input_file_ref idref="fl-6"/>
      </object_component>
      <object_component id="oc-147">
         <name>.const:BLUETOOTH_BLACK_1BPP_UNCOMP</name>
         <load_address>0x7cec</load_address>
         <run_address>0x7cec</run_address>
         <size>0x10</size>
         <input_file_ref idref="fl-6"/>
      </object_component>
      <object_component id="oc-16b">
         <name>.const:BLUETOOTH_BLUE_1BPP_UNCOMP</name>
         <load_address>0x7cfc</load_address>
         <run_address>0x7cfc</run_address>
         <size>0x10</size>
         <input_file_ref idref="fl-6"/>
      </object_component>
      <object_component id="oc-14a">
         <name>.const:BLUETOOTH_LOGO_BLACK_8BPP_UNCOMP</name>
         <load_address>0x7d0c</load_address>
         <run_address>0x7d0c</run_address>
         <size>0x10</size>
         <input_file_ref idref="fl-6"/>
      </object_component>
      <object_component id="oc-16e">
         <name>.const:BLUETOOTH_LOGO_BLUE_8BPP_UNCOMP</name>
         <load_address>0x7d1c</load_address>
         <run_address>0x7d1c</run_address>
         <size>0x10</size>
         <input_file_ref idref="fl-6"/>
      </object_component>
      <object_component id="oc-17d">
         <name>.const:DIRECTIONS_1BPP_UNCOMP</name>
         <load_address>0x7d2c</load_address>
         <run_address>0x7d2c</run_address>
         <size>0x10</size>
         <input_file_ref idref="fl-6"/>
      </object_component>
      <object_component id="oc-117">
         <name>.const:FOREWARD_RED_1BPP_UNCOMP</name>
         <load_address>0x7d3c</load_address>
         <run_address>0x7d3c</run_address>
         <size>0x10</size>
         <input_file_ref idref="fl-6"/>
      </object_component>
      <object_component id="oc-123">
         <name>.const:FOREWARD_WHITE_1BPP_UNCOMP</name>
         <load_address>0x7d4c</load_address>
         <run_address>0x7d4c</run_address>
         <size>0x10</size>
         <input_file_ref idref="fl-6"/>
      </object_component>
      <object_component id="oc-29c">
         <name>.const:HELICOPTER_8BPP_UNCOMP</name>
         <load_address>0x7d5c</load_address>
         <run_address>0x7d5c</run_address>
         <size>0x10</size>
         <input_file_ref idref="fl-6"/>
      </object_component>
      <object_component id="oc-37c">
         <name>.const:HORIZONTAL_POWER_1BPP_UNCOMP</name>
         <load_address>0x7d6c</load_address>
         <run_address>0x7d6c</run_address>
         <size>0x10</size>
         <input_file_ref idref="fl-6"/>
      </object_component>
      <object_component id="oc-14d">
         <name>.const:JOYSTICK_BLACK_1BPP_UNCOMP</name>
         <load_address>0x7d7c</load_address>
         <run_address>0x7d7c</run_address>
         <size>0x10</size>
         <input_file_ref idref="fl-6"/>
      </object_component>
      <object_component id="oc-141">
         <name>.const:JOYSTICK_BLUE_1BPP_UNCOMP</name>
         <load_address>0x7d8c</load_address>
         <run_address>0x7d8c</run_address>
         <size>0x10</size>
         <input_file_ref idref="fl-6"/>
      </object_component>
      <object_component id="oc-13e">
         <name>.const:LEFT_RED_1BPP_UNCOMP</name>
         <load_address>0x7d9c</load_address>
         <run_address>0x7d9c</run_address>
         <size>0x10</size>
         <input_file_ref idref="fl-6"/>
      </object_component>
      <object_component id="oc-11d">
         <name>.const:LEFT_WHITE_1BPP_UNCOMP</name>
         <load_address>0x7dac</load_address>
         <run_address>0x7dac</run_address>
         <size>0x10</size>
         <input_file_ref idref="fl-6"/>
      </object_component>
      <object_component id="oc-2a5">
         <name>.const:MENU_1BPP_UNCOMP</name>
         <load_address>0x7dbc</load_address>
         <run_address>0x7dbc</run_address>
         <size>0x10</size>
         <input_file_ref idref="fl-6"/>
      </object_component>
      <object_component id="oc-29f">
         <name>.const:PROPELLERS1_8BPP_UNCOMP</name>
         <load_address>0x7dcc</load_address>
         <run_address>0x7dcc</run_address>
         <size>0x10</size>
         <input_file_ref idref="fl-6"/>
      </object_component>
      <object_component id="oc-2a2">
         <name>.const:PROPELLERS2_8BPP_UNCOMP</name>
         <load_address>0x7ddc</load_address>
         <run_address>0x7ddc</run_address>
         <size>0x10</size>
         <input_file_ref idref="fl-6"/>
      </object_component>
      <object_component id="oc-13b">
         <name>.const:RIGHT_RED_1BPP_UNCOMP</name>
         <load_address>0x7dec</load_address>
         <run_address>0x7dec</run_address>
         <size>0x10</size>
         <input_file_ref idref="fl-6"/>
      </object_component>
      <object_component id="oc-120">
         <name>.const:RIGHT_WHITE_1BPP_UNCOMP</name>
         <load_address>0x7dfc</load_address>
         <run_address>0x7dfc</run_address>
         <size>0x10</size>
         <input_file_ref idref="fl-6"/>
      </object_component>
      <object_component id="oc-37f">
         <name>.const:VERTICAL_POWER_1BPP_UNCOMP</name>
         <load_address>0x7e0c</load_address>
         <run_address>0x7e0c</run_address>
         <size>0x10</size>
         <input_file_ref idref="fl-6"/>
      </object_component>
      <object_component id="oc-388">
         <name>.const:palette_BLUETOOTH_LOGO_BLUE_8BPP_UNCOMP</name>
         <load_address>0x7e1c</load_address>
         <run_address>0x7e1c</run_address>
         <size>0xc</size>
         <input_file_ref idref="fl-6"/>
      </object_component>
      <object_component id="oc-35e">
         <name>.const:palette_BLUETOOTH_LOGO_WHITE_8BPP_UNCOMP</name>
         <load_address>0x7e28</load_address>
         <run_address>0x7e28</run_address>
         <size>0xc</size>
         <input_file_ref idref="fl-6"/>
      </object_component>
      <object_component id="oc-499">
         <name>.const:.string:pixel_VERTICAL_POWER_1BPP_UNCOMP</name>
         <load_address>0x7e34</load_address>
         <run_address>0x7e34</run_address>
         <size>0xb</size>
         <input_file_ref idref="fl-6"/>
      </object_component>
      <object_component id="oc-409">
         <name>.const:$P$T0$1</name>
         <load_address>0x7e40</load_address>
         <run_address>0x7e40</run_address>
         <size>0x8</size>
         <input_file_ref idref="fl-d"/>
      </object_component>
      <object_component id="oc-3df">
         <name>.const:g_pulEnRegs</name>
         <load_address>0x7e48</load_address>
         <run_address>0x7e48</run_address>
         <size>0x8</size>
         <input_file_ref idref="fl-da"/>
      </object_component>
      <object_component id="oc-327">
         <name>.const:palette_BLACK_RED_1BPP_UNCOMP</name>
         <load_address>0x7e50</load_address>
         <run_address>0x7e50</run_address>
         <size>0x8</size>
         <input_file_ref idref="fl-6"/>
      </object_component>
      <object_component id="oc-32f">
         <name>.const:palette_BLACK_WHITE_1BPP_UNCOMP</name>
         <load_address>0x7e58</load_address>
         <run_address>0x7e58</run_address>
         <size>0x8</size>
         <input_file_ref idref="fl-6"/>
      </object_component>
      <object_component id="oc-34c">
         <name>.const:palette_BLUE_WHITE_1BPP_UNCOMP</name>
         <load_address>0x7e60</load_address>
         <run_address>0x7e60</run_address>
         <size>0x8</size>
         <input_file_ref idref="fl-6"/>
      </object_component>
      <object_component id="oc-491">
         <name>.const:palette_BLACK_1BPP_UNCOMP</name>
         <load_address>0x7e68</load_address>
         <run_address>0x7e68</run_address>
         <size>0x4</size>
         <input_file_ref idref="fl-6"/>
      </object_component>
      <object_component id="oc-5c2">
         <name>.cinit..data.load</name>
         <load_address>0xbbc0</load_address>
         <run_address>0xbbc0</run_address>
         <size>0x4b3</size>
      </object_component>
      <object_component id="oc-5c0">
         <name>__TI_handler_table</name>
         <load_address>0xc074</load_address>
         <run_address>0xc074</run_address>
         <size>0xc</size>
      </object_component>
      <object_component id="oc-5c3">
         <name>.cinit..bss.load</name>
         <load_address>0xc080</load_address>
         <run_address>0xc080</run_address>
         <size>0x8</size>
      </object_component>
      <object_component id="oc-5c1">
         <name>__TI_cinit_table</name>
         <load_address>0xc088</load_address>
         <run_address>0xc088</run_address>
         <size>0x10</size>
      </object_component>
      <object_component id="oc-594">
         <name>.binit</name>
         <load_address>0x0</load_address>
         <run_address>0x0</run_address>
         <size>0x0</size>
      </object_component>
      <object_component id="oc-448">
         <name>.data</name>
         <load_address>0x20001ad8</load_address>
         <run_address>0x20001ad8</run_address>
         <size>0x18</size>
         <input_file_ref idref="fl-2"/>
      </object_component>
      <object_component id="oc-fd">
         <name>.data:up_matrix</name>
         <load_address>0x20001540</load_address>
         <run_address>0x20001540</run_address>
         <size>0x2a8</size>
         <input_file_ref idref="fl-3"/>
      </object_component>
      <object_component id="oc-100">
         <name>.data:up_matrix_p</name>
         <load_address>0x200017e8</load_address>
         <run_address>0x200017e8</run_address>
         <size>0x2a8</size>
         <input_file_ref idref="fl-3"/>
      </object_component>
      <object_component id="oc-e5">
         <name>.data:fw_matrix</name>
         <load_address>0x20000550</load_address>
         <run_address>0x20000550</run_address>
         <size>0x2a8</size>
         <input_file_ref idref="fl-3"/>
      </object_component>
      <object_component id="oc-e8">
         <name>.data:fw_matrix_p</name>
         <load_address>0x200007f8</load_address>
         <run_address>0x200007f8</run_address>
         <size>0x2a8</size>
         <input_file_ref idref="fl-3"/>
      </object_component>
      <object_component id="oc-eb">
         <name>.data:bk_matrix</name>
         <load_address>0x20000000</load_address>
         <run_address>0x20000000</run_address>
         <size>0x2a8</size>
         <input_file_ref idref="fl-3"/>
      </object_component>
      <object_component id="oc-ee">
         <name>.data:bk_matrix_p</name>
         <load_address>0x200002a8</load_address>
         <run_address>0x200002a8</run_address>
         <size>0x2a8</size>
         <input_file_ref idref="fl-3"/>
      </object_component>
      <object_component id="oc-f7">
         <name>.data:left_matrix</name>
         <load_address>0x20000aa0</load_address>
         <run_address>0x20000aa0</run_address>
         <size>0x2a8</size>
         <input_file_ref idref="fl-3"/>
      </object_component>
      <object_component id="oc-fa">
         <name>.data:left_matrix_p</name>
         <load_address>0x20000d48</load_address>
         <run_address>0x20000d48</run_address>
         <size>0x2a8</size>
         <input_file_ref idref="fl-3"/>
      </object_component>
      <object_component id="oc-f1">
         <name>.data:right_matrix</name>
         <load_address>0x20000ff0</load_address>
         <run_address>0x20000ff0</run_address>
         <size>0x2a8</size>
         <input_file_ref idref="fl-3"/>
      </object_component>
      <object_component id="oc-f4">
         <name>.data:right_matrix_p</name>
         <load_address>0x20001298</load_address>
         <run_address>0x20001298</run_address>
         <size>0x2a8</size>
         <input_file_ref idref="fl-3"/>
      </object_component>
      <object_component id="oc-290">
         <name>.data:UART2Config</name>
         <load_address>0x20001a90</load_address>
         <run_address>0x20001a90</run_address>
         <size>0x28</size>
         <input_file_ref idref="fl-4"/>
      </object_component>
      <object_component id="oc-382">
         <name>.data</name>
         <load_address>0x20001b04</load_address>
         <run_address>0x20001b04</run_address>
         <size>0x1</size>
         <input_file_ref idref="fl-6"/>
      </object_component>
      <object_component id="oc-e2">
         <name>.data</name>
         <load_address>0x20001ab8</load_address>
         <run_address>0x20001ab8</run_address>
         <size>0x20</size>
         <input_file_ref idref="fl-7"/>
      </object_component>
      <object_component id="oc-1ff">
         <name>.data</name>
         <load_address>0x20001b00</load_address>
         <run_address>0x20001b00</run_address>
         <size>0x4</size>
         <input_file_ref idref="fl-9"/>
      </object_component>
      <object_component id="oc-293">
         <name>.data:g_sCrystalfontz128x128</name>
         <load_address>0x20001af0</load_address>
         <run_address>0x20001af0</run_address>
         <size>0x10</size>
         <input_file_ref idref="fl-d"/>
      </object_component>
      <object_component id="oc-45c">
         <name>.bss:g_pulConvertedPalette</name>
         <uninitialized>true</uninitialized>
         <run_address>0x20002b08</run_address>
         <size>0x400</size>
         <input_file_ref idref="fl-e7"/>
      </object_component>
      <object_component id="oc-112">
         <name>.common:g_sContext</name>
         <uninitialized>true</uninitialized>
         <run_address>0x20002f08</run_address>
         <size>0x1c</size>
      </object_component>
      <object_component id="oc-103">
         <name>.common:Buffer</name>
         <uninitialized>true</uninitialized>
         <run_address>0x20002f24</run_address>
         <size>0x4</size>
      </object_component>
      <object_component id="oc-1a0">
         <name>.common:UARTA0Data</name>
         <uninitialized>true</uninitialized>
         <run_address>0x20001b08</run_address>
         <size>0x800</size>
      </object_component>
      <object_component id="oc-19c">
         <name>.common:UARTA0ReadIndex</name>
         <uninitialized>true</uninitialized>
         <run_address>0x20002f28</run_address>
         <size>0x4</size>
      </object_component>
      <object_component id="oc-19f">
         <name>.common:UARTA0WriteIndex</name>
         <uninitialized>true</uninitialized>
         <run_address>0x20002f2c</run_address>
         <size>0x4</size>
      </object_component>
      <object_component id="oc-1a3">
         <name>.common:UARTA2Data</name>
         <uninitialized>true</uninitialized>
         <run_address>0x20002308</run_address>
         <size>0x800</size>
      </object_component>
      <object_component id="oc-1a1">
         <name>.common:UARTA2ReadIndex</name>
         <uninitialized>true</uninitialized>
         <run_address>0x20002f30</run_address>
         <size>0x4</size>
      </object_component>
      <object_component id="oc-1a2">
         <name>.common:UARTA2WriteIndex</name>
         <uninitialized>true</uninitialized>
         <run_address>0x20002f34</run_address>
         <size>0x4</size>
      </object_component>
      <object_component id="oc-408">
         <name>.common:Lcd_Orientation</name>
         <uninitialized>true</uninitialized>
         <run_address>0x20002f40</run_address>
         <size>0x1</size>
      </object_component>
      <object_component id="oc-400">
         <name>.common:Lcd_ScreenWidth</name>
         <uninitialized>true</uninitialized>
         <run_address>0x20002f3a</run_address>
         <size>0x2</size>
      </object_component>
      <object_component id="oc-403">
         <name>.common:Lcd_ScreenHeigth</name>
         <uninitialized>true</uninitialized>
         <run_address>0x20002f38</run_address>
         <size>0x2</size>
      </object_component>
      <object_component id="oc-404">
         <name>.common:Lcd_PenSolid</name>
         <uninitialized>true</uninitialized>
         <run_address>0x20002f41</run_address>
         <size>0x1</size>
      </object_component>
      <object_component id="oc-405">
         <name>.common:Lcd_FontSolid</name>
         <uninitialized>true</uninitialized>
         <run_address>0x20002f3f</run_address>
         <size>0x1</size>
      </object_component>
      <object_component id="oc-406">
         <name>.common:Lcd_FlagRead</name>
         <uninitialized>true</uninitialized>
         <run_address>0x20002f3e</run_address>
         <size>0x1</size>
      </object_component>
      <object_component id="oc-407">
         <name>.common:Lcd_TouchTrim</name>
         <uninitialized>true</uninitialized>
         <run_address>0x20002f3c</run_address>
         <size>0x2</size>
      </object_component>
      <object_component id="oc-29">
         <name>.stack</name>
         <uninitialized>true</uninitialized>
         <run_address>0x2000fe00</run_address>
         <size>0x4</size>
         <input_file_ref idref="fl-cd"/>
      </object_component>
      <object_component id="oc-5c5">
         <name>.stack</name>
         <uninitialized>true</uninitialized>
         <run_address>0x2000fe00</run_address>
         <size>0x0</size>
      </object_component>
      <object_component id="oc-3aa">
         <name>.debug_info</name>
         <load_address>0x0</load_address>
         <run_address>0x0</run_address>
         <size>0x531</size>
         <input_file_ref idref="fl-2"/>
      </object_component>
      <object_component id="oc-449">
         <name>.debug_info</name>
         <load_address>0x531</load_address>
         <run_address>0x531</run_address>
         <size>0x18d</size>
         <input_file_ref idref="fl-2"/>
      </object_component>
      <object_component id="oc-2aa">
         <name>.debug_info</name>
         <load_address>0x6be</load_address>
         <run_address>0x6be</run_address>
         <size>0x2b1</size>
         <input_file_ref idref="fl-2"/>
      </object_component>
      <object_component id="oc-4be">
         <name>.debug_info</name>
         <load_address>0x96f</load_address>
         <run_address>0x96f</run_address>
         <size>0x37e2</size>
         <input_file_ref idref="fl-2"/>
      </object_component>
      <object_component id="oc-1ac">
         <name>.debug_info</name>
         <load_address>0x4151</load_address>
         <run_address>0x4151</run_address>
         <size>0x26b</size>
         <input_file_ref idref="fl-2"/>
      </object_component>
      <object_component id="oc-30c">
         <name>.debug_info</name>
         <load_address>0x43bc</load_address>
         <run_address>0x43bc</run_address>
         <size>0x1055</size>
         <input_file_ref idref="fl-2"/>
      </object_component>
      <object_component id="oc-32">
         <name>.debug_info</name>
         <load_address>0x5411</load_address>
         <run_address>0x5411</run_address>
         <size>0x84</size>
         <input_file_ref idref="fl-2"/>
      </object_component>
      <object_component id="oc-39a">
         <name>.debug_info</name>
         <load_address>0x5495</load_address>
         <run_address>0x5495</run_address>
         <size>0x2a4</size>
         <input_file_ref idref="fl-2"/>
      </object_component>
      <object_component id="oc-18b">
         <name>.debug_info</name>
         <load_address>0x5739</load_address>
         <run_address>0x5739</run_address>
         <size>0xef</size>
         <input_file_ref idref="fl-2"/>
      </object_component>
      <object_component id="oc-186">
         <name>.debug_info</name>
         <load_address>0x5828</load_address>
         <run_address>0x5828</run_address>
         <size>0xbb</size>
         <input_file_ref idref="fl-2"/>
      </object_component>
      <object_component id="oc-2f2">
         <name>.debug_info</name>
         <load_address>0x58e3</load_address>
         <run_address>0x58e3</run_address>
         <size>0xe2</size>
         <input_file_ref idref="fl-3"/>
      </object_component>
      <object_component id="oc-fe">
         <name>.debug_info</name>
         <load_address>0x59c5</load_address>
         <run_address>0x59c5</run_address>
         <size>0xe6</size>
         <input_file_ref idref="fl-3"/>
      </object_component>
      <object_component id="oc-101">
         <name>.debug_info</name>
         <load_address>0x5aab</load_address>
         <run_address>0x5aab</run_address>
         <size>0xea</size>
         <input_file_ref idref="fl-3"/>
      </object_component>
      <object_component id="oc-e6">
         <name>.debug_info</name>
         <load_address>0x5b95</load_address>
         <run_address>0x5b95</run_address>
         <size>0xe6</size>
         <input_file_ref idref="fl-3"/>
      </object_component>
      <object_component id="oc-e9">
         <name>.debug_info</name>
         <load_address>0x5c7b</load_address>
         <run_address>0x5c7b</run_address>
         <size>0xea</size>
         <input_file_ref idref="fl-3"/>
      </object_component>
      <object_component id="oc-ec">
         <name>.debug_info</name>
         <load_address>0x5d65</load_address>
         <run_address>0x5d65</run_address>
         <size>0xe6</size>
         <input_file_ref idref="fl-3"/>
      </object_component>
      <object_component id="oc-ef">
         <name>.debug_info</name>
         <load_address>0x5e4b</load_address>
         <run_address>0x5e4b</run_address>
         <size>0xea</size>
         <input_file_ref idref="fl-3"/>
      </object_component>
      <object_component id="oc-f8">
         <name>.debug_info</name>
         <load_address>0x5f35</load_address>
         <run_address>0x5f35</run_address>
         <size>0xea</size>
         <input_file_ref idref="fl-3"/>
      </object_component>
      <object_component id="oc-fb">
         <name>.debug_info</name>
         <load_address>0x601f</load_address>
         <run_address>0x601f</run_address>
         <size>0xee</size>
         <input_file_ref idref="fl-3"/>
      </object_component>
      <object_component id="oc-f2">
         <name>.debug_info</name>
         <load_address>0x610d</load_address>
         <run_address>0x610d</run_address>
         <size>0xec</size>
         <input_file_ref idref="fl-3"/>
      </object_component>
      <object_component id="oc-f5">
         <name>.debug_info</name>
         <load_address>0x61f9</load_address>
         <run_address>0x61f9</run_address>
         <size>0xf0</size>
         <input_file_ref idref="fl-3"/>
      </object_component>
      <object_component id="oc-104">
         <name>.debug_info</name>
         <load_address>0x62e9</load_address>
         <run_address>0x62e9</run_address>
         <size>0xf88</size>
         <input_file_ref idref="fl-4"/>
      </object_component>
      <object_component id="oc-288">
         <name>.debug_info</name>
         <load_address>0x7271</load_address>
         <run_address>0x7271</run_address>
         <size>0xef</size>
         <input_file_ref idref="fl-4"/>
      </object_component>
      <object_component id="oc-28b">
         <name>.debug_info</name>
         <load_address>0x7360</load_address>
         <run_address>0x7360</run_address>
         <size>0xef</size>
         <input_file_ref idref="fl-4"/>
      </object_component>
      <object_component id="oc-28e">
         <name>.debug_info</name>
         <load_address>0x744f</load_address>
         <run_address>0x744f</run_address>
         <size>0xef</size>
         <input_file_ref idref="fl-4"/>
      </object_component>
      <object_component id="oc-291">
         <name>.debug_info</name>
         <load_address>0x753e</load_address>
         <run_address>0x753e</run_address>
         <size>0xe7</size>
         <input_file_ref idref="fl-4"/>
      </object_component>
      <object_component id="oc-b4">
         <name>.debug_info</name>
         <load_address>0x7625</load_address>
         <run_address>0x7625</run_address>
         <size>0xda7</size>
         <input_file_ref idref="fl-4"/>
      </object_component>
      <object_component id="oc-307">
         <name>.debug_info</name>
         <load_address>0x83cc</load_address>
         <run_address>0x83cc</run_address>
         <size>0x37e2</size>
         <input_file_ref idref="fl-4"/>
      </object_component>
      <object_component id="oc-311">
         <name>.debug_info</name>
         <load_address>0xbbae</load_address>
         <run_address>0xbbae</run_address>
         <size>0x439</size>
         <input_file_ref idref="fl-4"/>
      </object_component>
      <object_component id="oc-316">
         <name>.debug_info</name>
         <load_address>0xbfe7</load_address>
         <run_address>0xbfe7</run_address>
         <size>0x341</size>
         <input_file_ref idref="fl-4"/>
      </object_component>
      <object_component id="oc-181">
         <name>.debug_info</name>
         <load_address>0xc328</load_address>
         <run_address>0xc328</run_address>
         <size>0x8b</size>
         <input_file_ref idref="fl-4"/>
      </object_component>
      <object_component id="oc-2c5">
         <name>.debug_info</name>
         <load_address>0xc3b3</load_address>
         <run_address>0xc3b3</run_address>
         <size>0x2c</size>
         <input_file_ref idref="fl-4"/>
      </object_component>
      <object_component id="oc-521">
         <name>.debug_info</name>
         <load_address>0xc3df</load_address>
         <run_address>0xc3df</run_address>
         <size>0x131</size>
         <input_file_ref idref="fl-4"/>
      </object_component>
      <object_component id="oc-1a5">
         <name>.debug_info</name>
         <load_address>0xc510</load_address>
         <run_address>0xc510</run_address>
         <size>0x102</size>
         <input_file_ref idref="fl-4"/>
      </object_component>
      <object_component id="oc-2b0">
         <name>.debug_info</name>
         <load_address>0xc612</load_address>
         <run_address>0xc612</run_address>
         <size>0x57a</size>
         <input_file_ref idref="fl-5"/>
      </object_component>
      <object_component id="oc-bc">
         <name>.debug_info</name>
         <load_address>0xcb8c</load_address>
         <run_address>0xcb8c</run_address>
         <size>0x56f</size>
         <input_file_ref idref="fl-5"/>
      </object_component>
      <object_component id="oc-44e">
         <name>.debug_info</name>
         <load_address>0xd0fb</load_address>
         <run_address>0xd0fb</run_address>
         <size>0x35</size>
         <input_file_ref idref="fl-5"/>
      </object_component>
      <object_component id="oc-113">
         <name>.debug_info</name>
         <load_address>0xd130</load_address>
         <run_address>0xd130</run_address>
         <size>0x811</size>
         <input_file_ref idref="fl-6"/>
      </object_component>
      <object_component id="oc-328">
         <name>.debug_info</name>
         <load_address>0xd941</load_address>
         <run_address>0xd941</run_address>
         <size>0x110</size>
         <input_file_ref idref="fl-6"/>
      </object_component>
      <object_component id="oc-330">
         <name>.debug_info</name>
         <load_address>0xda51</load_address>
         <run_address>0xda51</run_address>
         <size>0x114</size>
         <input_file_ref idref="fl-6"/>
      </object_component>
      <object_component id="oc-492">
         <name>.debug_info</name>
         <load_address>0xdb65</load_address>
         <run_address>0xdb65</run_address>
         <size>0x108</size>
         <input_file_ref idref="fl-6"/>
      </object_component>
      <object_component id="oc-34d">
         <name>.debug_info</name>
         <load_address>0xdc6d</load_address>
         <run_address>0xdc6d</run_address>
         <size>0x112</size>
         <input_file_ref idref="fl-6"/>
      </object_component>
      <object_component id="oc-389">
         <name>.debug_info</name>
         <load_address>0xdd7f</load_address>
         <run_address>0xdd7f</run_address>
         <size>0x124</size>
         <input_file_ref idref="fl-6"/>
      </object_component>
      <object_component id="oc-35f">
         <name>.debug_info</name>
         <load_address>0xdea3</load_address>
         <run_address>0xdea3</run_address>
         <size>0x126</size>
         <input_file_ref idref="fl-6"/>
      </object_component>
      <object_component id="oc-432">
         <name>.debug_info</name>
         <load_address>0xdfc9</load_address>
         <run_address>0xdfc9</run_address>
         <size>0x112</size>
         <input_file_ref idref="fl-6"/>
      </object_component>
      <object_component id="oc-495">
         <name>.debug_info</name>
         <load_address>0xe0db</load_address>
         <run_address>0xe0db</run_address>
         <size>0x11a</size>
         <input_file_ref idref="fl-6"/>
      </object_component>
      <object_component id="oc-49a">
         <name>.debug_info</name>
         <load_address>0xe1f5</load_address>
         <run_address>0xe1f5</run_address>
         <size>0x116</size>
         <input_file_ref idref="fl-6"/>
      </object_component>
      <object_component id="oc-32b">
         <name>.debug_info</name>
         <load_address>0xe30b</load_address>
         <run_address>0xe30b</run_address>
         <size>0x10a</size>
         <input_file_ref idref="fl-6"/>
      </object_component>
      <object_component id="oc-333">
         <name>.debug_info</name>
         <load_address>0xe415</load_address>
         <run_address>0xe415</run_address>
         <size>0x10a</size>
         <input_file_ref idref="fl-6"/>
      </object_component>
      <object_component id="oc-338">
         <name>.debug_info</name>
         <load_address>0xe51f</load_address>
         <run_address>0xe51f</run_address>
         <size>0x102</size>
         <input_file_ref idref="fl-6"/>
      </object_component>
      <object_component id="oc-33d">
         <name>.debug_info</name>
         <load_address>0xe621</load_address>
         <run_address>0xe621</run_address>
         <size>0x105</size>
         <input_file_ref idref="fl-6"/>
      </object_component>
      <object_component id="oc-396">
         <name>.debug_info</name>
         <load_address>0xe726</load_address>
         <run_address>0xe726</run_address>
         <size>0x10f</size>
         <input_file_ref idref="fl-6"/>
      </object_component>
      <object_component id="oc-435">
         <name>.debug_info</name>
         <load_address>0xe835</load_address>
         <run_address>0xe835</run_address>
         <size>0x10f</size>
         <input_file_ref idref="fl-6"/>
      </object_component>
      <object_component id="oc-43a">
         <name>.debug_info</name>
         <load_address>0xe944</load_address>
         <run_address>0xe944</run_address>
         <size>0x111</size>
         <input_file_ref idref="fl-6"/>
      </object_component>
      <object_component id="oc-43f">
         <name>.debug_info</name>
         <load_address>0xea55</load_address>
         <run_address>0xea55</run_address>
         <size>0x111</size>
         <input_file_ref idref="fl-6"/>
      </object_component>
      <object_component id="oc-350">
         <name>.debug_info</name>
         <load_address>0xeb66</load_address>
         <run_address>0xeb66</run_address>
         <size>0x10b</size>
         <input_file_ref idref="fl-6"/>
      </object_component>
      <object_component id="oc-355">
         <name>.debug_info</name>
         <load_address>0xec71</load_address>
         <run_address>0xec71</run_address>
         <size>0x115</size>
         <input_file_ref idref="fl-6"/>
      </object_component>
      <object_component id="oc-35a">
         <name>.debug_info</name>
         <load_address>0xed86</load_address>
         <run_address>0xed86</run_address>
         <size>0x10d</size>
         <input_file_ref idref="fl-6"/>
      </object_component>
      <object_component id="oc-362">
         <name>.debug_info</name>
         <load_address>0xee93</load_address>
         <run_address>0xee93</run_address>
         <size>0x117</size>
         <input_file_ref idref="fl-6"/>
      </object_component>
      <object_component id="oc-444">
         <name>.debug_info</name>
         <load_address>0xefaa</load_address>
         <run_address>0xefaa</run_address>
         <size>0x103</size>
         <input_file_ref idref="fl-6"/>
      </object_component>
      <object_component id="oc-14e">
         <name>.debug_info</name>
         <load_address>0xf0ad</load_address>
         <run_address>0xf0ad</run_address>
         <size>0x10b</size>
         <input_file_ref idref="fl-6"/>
      </object_component>
      <object_component id="oc-142">
         <name>.debug_info</name>
         <load_address>0xf1b8</load_address>
         <run_address>0xf1b8</run_address>
         <size>0x109</size>
         <input_file_ref idref="fl-6"/>
      </object_component>
      <object_component id="oc-2a6">
         <name>.debug_info</name>
         <load_address>0xf2c1</load_address>
         <run_address>0xf2c1</run_address>
         <size>0xf7</size>
         <input_file_ref idref="fl-6"/>
      </object_component>
      <object_component id="oc-151">
         <name>.debug_info</name>
         <load_address>0xf3b8</load_address>
         <run_address>0xf3b8</run_address>
         <size>0x113</size>
         <input_file_ref idref="fl-6"/>
      </object_component>
      <object_component id="oc-145">
         <name>.debug_info</name>
         <load_address>0xf4cb</load_address>
         <run_address>0xf4cb</run_address>
         <size>0x115</size>
         <input_file_ref idref="fl-6"/>
      </object_component>
      <object_component id="oc-16c">
         <name>.debug_info</name>
         <load_address>0xf5e0</load_address>
         <run_address>0xf5e0</run_address>
         <size>0x10b</size>
         <input_file_ref idref="fl-6"/>
      </object_component>
      <object_component id="oc-148">
         <name>.debug_info</name>
         <load_address>0xf6eb</load_address>
         <run_address>0xf6eb</run_address>
         <size>0x10d</size>
         <input_file_ref idref="fl-6"/>
      </object_component>
      <object_component id="oc-16f">
         <name>.debug_info</name>
         <load_address>0xf7f8</load_address>
         <run_address>0xf7f8</run_address>
         <size>0x115</size>
         <input_file_ref idref="fl-6"/>
      </object_component>
      <object_component id="oc-14b">
         <name>.debug_info</name>
         <load_address>0xf90d</load_address>
         <run_address>0xf90d</run_address>
         <size>0x117</size>
         <input_file_ref idref="fl-6"/>
      </object_component>
      <object_component id="oc-37d">
         <name>.debug_info</name>
         <load_address>0xfa24</load_address>
         <run_address>0xfa24</run_address>
         <size>0x10f</size>
         <input_file_ref idref="fl-6"/>
      </object_component>
      <object_component id="oc-380">
         <name>.debug_info</name>
         <load_address>0xfb33</load_address>
         <run_address>0xfb33</run_address>
         <size>0x10b</size>
         <input_file_ref idref="fl-6"/>
      </object_component>
      <object_component id="oc-139">
         <name>.debug_info</name>
         <load_address>0xfc3e</load_address>
         <run_address>0xfc3e</run_address>
         <size>0x107</size>
         <input_file_ref idref="fl-6"/>
      </object_component>
      <object_component id="oc-11b">
         <name>.debug_info</name>
         <load_address>0xfd45</load_address>
         <run_address>0xfd45</run_address>
         <size>0x10b</size>
         <input_file_ref idref="fl-6"/>
      </object_component>
      <object_component id="oc-13f">
         <name>.debug_info</name>
         <load_address>0xfe50</load_address>
         <run_address>0xfe50</run_address>
         <size>0xff</size>
         <input_file_ref idref="fl-6"/>
      </object_component>
      <object_component id="oc-11e">
         <name>.debug_info</name>
         <load_address>0xff4f</load_address>
         <run_address>0xff4f</run_address>
         <size>0x103</size>
         <input_file_ref idref="fl-6"/>
      </object_component>
      <object_component id="oc-13c">
         <name>.debug_info</name>
         <load_address>0x10052</load_address>
         <run_address>0x10052</run_address>
         <size>0x101</size>
         <input_file_ref idref="fl-6"/>
      </object_component>
      <object_component id="oc-121">
         <name>.debug_info</name>
         <load_address>0x10153</load_address>
         <run_address>0x10153</run_address>
         <size>0x105</size>
         <input_file_ref idref="fl-6"/>
      </object_component>
      <object_component id="oc-17e">
         <name>.debug_info</name>
         <load_address>0x10258</load_address>
         <run_address>0x10258</run_address>
         <size>0x103</size>
         <input_file_ref idref="fl-6"/>
      </object_component>
      <object_component id="oc-29d">
         <name>.debug_info</name>
         <load_address>0x1035b</load_address>
         <run_address>0x1035b</run_address>
         <size>0x103</size>
         <input_file_ref idref="fl-6"/>
      </object_component>
      <object_component id="oc-2a0">
         <name>.debug_info</name>
         <load_address>0x1045e</load_address>
         <run_address>0x1045e</run_address>
         <size>0x105</size>
         <input_file_ref idref="fl-6"/>
      </object_component>
      <object_component id="oc-2a3">
         <name>.debug_info</name>
         <load_address>0x10563</load_address>
         <run_address>0x10563</run_address>
         <size>0x105</size>
         <input_file_ref idref="fl-6"/>
      </object_component>
      <object_component id="oc-118">
         <name>.debug_info</name>
         <load_address>0x10668</load_address>
         <run_address>0x10668</run_address>
         <size>0x107</size>
         <input_file_ref idref="fl-6"/>
      </object_component>
      <object_component id="oc-124">
         <name>.debug_info</name>
         <load_address>0x1076f</load_address>
         <run_address>0x1076f</run_address>
         <size>0x10b</size>
         <input_file_ref idref="fl-6"/>
      </object_component>
      <object_component id="oc-383">
         <name>.debug_info</name>
         <load_address>0x1087a</load_address>
         <run_address>0x1087a</run_address>
[...]
      </symbol>
      <symbol id="sm-53f">
         <name>Crystalfontz128x128_Init</name>
         <value>0x8651</value>
         <object_component_ref idref="oc-263"/>
      </symbol>
      <symbol id="sm-55f">
         <name>HAL_LCD_writeData</name>
         <value>0xaca3</value>
         <object_component_ref idref="oc-3f4"/>
      </symbol>
      <symbol id="sm-560">
         <name>HAL_LCD_SpiInit</name>
         <value>0xac3d</value>
         <object_component_ref idref="oc-3f4"/>
      </symbol>
      <symbol id="sm-561">
         <name>HAL_LCD_PortInit</name>
         <value>0xac0d</value>
         <object_component_ref idref="oc-3f4"/>
      </symbol>
      <symbol id="sm-562">
         <name>HAL_LCD_writeCommand</name>
         <value>0xac73</value>
         <object_component_ref idref="oc-3f4"/>
      </symbol>
      <symbol id="sm-579">
         <name>__TI_zero_init</name>
         <value>0xbba9</value>
         <object_component_ref idref="oc-49"/>
      </symbol>
      <symbol id="sm-590">
         <name>__TI_decompress_none</name>
         <value>0xbb69</value>
         <object_component_ref idref="oc-1d"/>
      </symbol>
      <symbol id="sm-5b3">
         <name>__TI_decompress_lzss</name>
         <value>0xb2f1</value>
         <object_component_ref idref="oc-17"/>
      </symbol>
      <symbol id="sm-5c6">
         <name>__stack</name>
         <value>0x2000fe00</value>
         <object_component_ref idref="oc-29"/>
      </symbol>
      <symbol id="sm-5c7">
         <name>_c_int00_noargs</name>
         <value>0xb735</value>
         <object_component_ref idref="oc-55"/>
      </symbol>
      <symbol id="sm-5e2">
         <name>memcpy</name>
         <value>0xaef1</value>
         <object_component_ref idref="oc-37"/>
      </symbol>
      <symbol id="sm-5e3">
         <name>__aeabi_memcpy</name>
         <value>0xaef1</value>
         <object_component_ref idref="oc-37"/>
      </symbol>
      <symbol id="sm-5e4">
         <name>__aeabi_memcpy8</name>
         <value>0xaef1</value>
         <object_component_ref idref="oc-37"/>
      </symbol>
      <symbol id="sm-5e5">
         <name>__aeabi_memcpy4</name>
         <value>0xaef1</value>
         <object_component_ref idref="oc-37"/>
      </symbol>
      <symbol id="sm-5f4">
         <name>__aeabi_memset</name>
         <value>0xb1a3</value>
         <object_component_ref idref="oc-93"/>
      </symbol>
      <symbol id="sm-5f5">
         <name>memset</name>
         <value>0xb1a9</value>
         <object_component_ref idref="oc-93"/>
      </symbol>
      <symbol id="sm-5f6">
         <name>__aeabi_memset8</name>
         <value>0xb1a3</value>
         <object_component_ref idref="oc-93"/>
      </symbol>
      <symbol id="sm-5f7">
         <name>__aeabi_memset4</name>
         <value>0xb1a3</value>
         <object_component_ref idref="oc-93"/>
      </symbol>
      <symbol id="sm-5f8">
         <name>__aeabi_memclr8</name>
         <value>0xb1a1</value>
         <object_component_ref idref="oc-93"/>
      </symbol>
      <symbol id="sm-5f9">
         <name>__aeabi_memclr4</name>
         <value>0xb1a1</value>
         <object_component_ref idref="oc-93"/>
      </symbol>
      <symbol id="sm-5fa">
         <name>__aeabi_memclr</name>
         <value>0xb1a1</value>
         <object_component_ref idref="oc-93"/>
      </symbol>
      <symbol id="sm-622">
         <name>__TI_auto_init_nobinit_nopinit</name>
         <value>0xb605</value>
         <object_component_ref idref="oc-1cd"/>
      </symbol>
      <symbol id="sm-62c">
         <name>_system_pre_init</name>
         <value>0xbbb9</value>
         <object_component_ref idref="oc-99"/>
      </symbol>
      <symbol id="sm-638">
         <name>C$$EXIT</name>
         <value>0xbbbd</value>
         <object_component_ref idref="oc-1c1"/>
      </symbol>
      <symbol id="sm-639">
         <name>abort</name>
         <value>0xbbbd</value>
         <object_component_ref idref="oc-1c1"/>
      </symbol>
      <symbol id="sm-750">
         <name>ADC14_enableInterrupt</name>
         <value>0xb799</value>
         <object_component_ref idref="oc-245"/>
      </symbol>
      <symbol id="sm-751">
         <name>ADC14_getInterruptStatus</name>
         <value>0xb7c9</value>
         <object_component_ref idref="oc-36a"/>
      </symbol>
      <symbol id="sm-752">
         <name>ADC14_disableConversion</name>
         <value>0xbb09</value>
         <object_component_ref idref="oc-10c"/>
      </symbol>
      <symbol id="sm-753">
         <name>ADC14_enableSampleTimer</name>
         <value>0xb701</value>
         <object_component_ref idref="oc-257"/>
      </symbol>
      <symbol id="sm-754">
         <name>ADC14_enableConversion</name>
         <value>0xb879</value>
         <object_component_ref idref="oc-25d"/>
      </symbol>
      <symbol id="sm-755">
         <name>ADC14_toggleConversionTrigger</name>
         <value>0xb7f5</value>
         <object_component_ref idref="oc-132"/>
      </symbol>
      <symbol id="sm-756">
         <name>ADC14_getEnabledInterruptStatus</name>
         <value>0xb6c9</value>
         <object_component_ref idref="oc-153"/>
      </symbol>
      <symbol id="sm-757">
         <name>ADC14_initModule</name>
         <value>0xb4cd</value>
         <object_component_ref idref="oc-251"/>
      </symbol>
      <symbol id="sm-758">
         <name>ADC14_configureMultiSequenceMode</name>
         <value>0xad8d</value>
         <object_component_ref idref="oc-239"/>
      </symbol>
      <symbol id="sm-759">
         <name>ADC14_clearInterruptFlag</name>
         <value>0xb769</value>
         <object_component_ref idref="oc-159"/>
      </symbol>
      <symbol id="sm-75a">
         <name>ADC14_configureConversionMemory</name>
         <value>0xacd9</value>
         <object_component_ref idref="oc-23f"/>
      </symbol>
      <symbol id="sm-75b">
         <name>ADC14_enableModule</name>
         <value>0xbb85</value>
         <object_component_ref idref="oc-24b"/>
      </symbol>
      <symbol id="sm-75c">
         <name>ADC14_getResult</name>
         <value>0xb8a1</value>
         <object_component_ref idref="oc-15f"/>
      </symbol>
      <symbol id="sm-76c">
         <name>FlashCtl_setWaitState</name>
         <value>0xb575</value>
         <object_component_ref idref="oc-215"/>
      </symbol>
      <symbol id="sm-7f9">
         <name>GPIO_setOutputHighOnPin</name>
         <value>0xb919</value>
         <object_component_ref idref="oc-3fa"/>
      </symbol>
      <symbol id="sm-7fa">
         <name>GPIO_setAsInputPinWithPullUpResistor</name>
         <value>0xb475</value>
         <object_component_ref idref="oc-227"/>
      </symbol>
      <symbol id="sm-7fb">
         <name>GPIO_getInterruptStatus</name>
         <value>0xb9b9</value>
         <object_component_ref idref="oc-38d"/>
      </symbol>
      <symbol id="sm-7fc">
         <name>GPIO_enableInterrupt</name>
         <value>0xb8f1</value>
         <object_component_ref idref="oc-22d"/>
      </symbol>
      <symbol id="sm-7fd">
         <name>GPIO_getEnabledInterruptStatus</name>
         <value>0xb09d</value>
         <object_component_ref idref="oc-171"/>
      </symbol>
      <symbol id="sm-7fe">
         <name>GPIO_setAsOutputPin</name>
         <value>0xb649</value>
         <object_component_ref idref="oc-203"/>
      </symbol>
      <symbol id="sm-7ff">
         <name>GPIO_setOutputLowOnPin</name>
         <value>0xb941</value>
         <object_component_ref idref="oc-209"/>
      </symbol>
      <symbol id="sm-800">
         <name>GPIO_clearInterruptFlag</name>
         <value>0xb8c9</value>
         <object_component_ref idref="oc-177"/>
      </symbol>
      <symbol id="sm-801">
         <name>GPIO_toggleOutputOnPin</name>
         <value>0xb969</value>
         <object_component_ref idref="oc-dc"/>
      </symbol>
      <symbol id="sm-802">
         <name>GPIO_setAsPeripheralModuleFunctionOutputPin</name>
         <value>0xb015</value>
         <object_component_ref idref="oc-50b"/>
      </symbol>
      <symbol id="sm-803">
         <name>GPIO_setAsPeripheralModuleFunctionInputPin</name>
         <value>0xaf8d</value>
         <object_component_ref idref="oc-233"/>
      </symbol>
      <symbol id="sm-832">
         <name>Interrupt_disableMaster</name>
         <value>0xbb29</value>
         <object_component_ref idref="oc-106"/>
      </symbol>
      <symbol id="sm-833">
         <name>Interrupt_enableMaster</name>
         <value>0xbb39</value>
         <object_component_ref idref="oc-be"/>
      </symbol>
      <symbol id="sm-834">
         <name>Interrupt_enableInterrupt</name>
         <value>0xb121</value>
         <object_component_ref idref="oc-221"/>
      </symbol>
      <symbol id="sm-8bf">
         <name>PCM_setCoreVoltageLevel</name>
         <value>0xbb49</value>
         <object_component_ref idref="oc-20f"/>
      </symbol>
      <symbol id="sm-8c0">
         <name>PCM_getCoreVoltageLevel</name>
         <value>0xb3bd</value>
         <object_component_ref idref="oc-4ea"/>
      </symbol>
      <symbol id="sm-8c1">
         <name>PCM_getPowerMode</name>
         <value>0xb41b</value>
         <object_component_ref idref="oc-4e4"/>
      </symbol>
      <symbol id="sm-8c2">
         <name>PCM_getPowerState</name>
         <value>0xbacd</value>
         <object_component_ref idref="oc-4f0"/>
      </symbol>
      <symbol id="sm-8c3">
         <name>PCM_gotoLPM0</name>
         <value>0xb991</value>
         <object_component_ref idref="oc-d0"/>
      </symbol>
      <symbol id="sm-8c4">
         <name>PCM_setPowerMode</name>
         <value>0xbb59</value>
         <object_component_ref idref="oc-4f6"/>
      </symbol>
      <symbol id="sm-904">
         <name>EUSCI_B_SPI_enable</name>
         <value>0xba75</value>
         <object_component_ref idref="oc-57a"/>
      </symbol>
      <symbol id="sm-905">
         <name>SPI_enableModule</name>
         <value>0xb9dd</value>
         <object_component_ref idref="oc-517"/>
      </symbol>
      <symbol id="sm-906">
         <name>EUSCI_A_SPI_enable</name>
         <value>0xba5f</value>
         <object_component_ref idref="oc-574"/>
      </symbol>
      <symbol id="sm-907">
         <name>SPI_initMaster</name>
         <value>0xae41</value>
         <object_component_ref idref="oc-511"/>
      </symbol>
      <symbol id="sm-951">
         <name>Timer_A_clearCaptureCompareInterrupt</name>
         <value>0xb84d</value>
         <object_component_ref idref="oc-12c"/>
      </symbol>
      <symbol id="sm-952">
         <name>Timer_A_startCounter</name>
         <value>0xbab7</value>
         <object_component_ref idref="oc-c4"/>
      </symbol>
      <symbol id="sm-953">
         <name>Timer_A_stopTimer</name>
         <value>0xbae1</value>
         <object_component_ref idref="oc-126"/>
      </symbol>
      <symbol id="sm-954">
         <name>Timer_A_configureUpMode</name>
         <value>0xb289</value>
         <object_component_ref idref="oc-21b"/>
      </symbol>
      <symbol id="sm-98c">
         <name>UART_getEnabledInterruptStatus</name>
         <value>0xb359</value>
         <object_component_ref idref="oc-196"/>
      </symbol>
      <symbol id="sm-98d">
         <name>UART_getInterruptStatus</name>
         <value>0xba47</value>
         <object_component_ref idref="oc-3a1"/>
      </symbol>
      <symbol id="sm-98e">
         <name>UART_initModule</name>
         <value>0xa9e9</value>
         <object_component_ref idref="oc-190"/>
      </symbol>
      <symbol id="sm-9a9">
         <name>CPU_wfi</name>
         <value>0xbbb5</value>
         <object_component_ref idref="oc-2ca"/>
      </symbol>
      <symbol id="sm-9aa">
         <name>CPU_cpsie</name>
         <value>0xbb9d</value>
         <object_component_ref idref="oc-2b1"/>
      </symbol>
      <symbol id="sm-9ab">
         <name>CPU_cpsid</name>
         <value>0xbb91</value>
         <object_component_ref idref="oc-31b"/>
      </symbol>
      <symbol id="sm-9dd">
         <name>Graphics_setBackgroundColor</name>
         <value>0xba13</value>
         <object_component_ref idref="oc-275"/>
      </symbol>
      <symbol id="sm-9de">
         <name>Graphics_setFont</name>
         <value>0xba2d</value>
         <object_component_ref idref="oc-27b"/>
      </symbol>
      <symbol id="sm-9df">
         <name>Graphics_initContext</name>
         <value>0xb521</value>
         <object_component_ref idref="oc-269"/>
      </symbol>
      <symbol id="sm-9e0">
         <name>Graphics_setForegroundColor</name>
         <value>0xba8b</value>
         <object_component_ref idref="oc-26f"/>
      </symbol>
      <symbol id="sm-9e1">
         <name>Graphics_clearDisplay</name>
         <value>0xbaf5</value>
         <object_component_ref idref="oc-281"/>
      </symbol>
      <symbol id="sm-a06">
         <name>Graphics_clearDisplayOnDisplay</name>
         <value>0xb9f9</value>
         <object_component_ref idref="oc-418"/>
      </symbol>
      <symbol id="sm-a07">
         <name>Graphics_drawPixelOnDisplay</name>
         <value>0xb821</value>
         <object_component_ref idref="oc-2dd"/>
      </symbol>
      <symbol id="sm-a08">
         <name>Graphics_translateColorOnDisplay</name>
         <value>0xbaa1</value>
         <object_component_ref idref="oc-40f"/>
      </symbol>
      <symbol id="sm-a09">
         <name>Graphics_drawMultiplePixelsOnDisplay</name>
         <value>0xb5bd</value>
         <object_component_ref idref="oc-2d7"/>
      </symbol>
      <symbol id="sm-a1b">
         <name>g_sFontFixed6x8</name>
         <value>0x784c</value>
         <object_component_ref idref="oc-299"/>
      </symbol>
      <symbol id="sm-a51">
         <name>Graphics_drawImage</name>
         <value>0x924d</value>
         <object_component_ref idref="oc-d6"/>
      </symbol>
      <symbol id="sm-a52">
         <name>__TI_static_base__</name>
         <value>0x0</value>
      </symbol>
      <symbol id="sm-a55">
         <name>__mpu_init</name>
         <value>0x0</value>
      </symbol>
      <symbol id="sm-a56">
         <name>_system_post_cinit</name>
         <value>0x0</value>
      </symbol>
      <symbol id="sm-a57">
         <name>NMI_Handler</name>
         <value>0xbb83</value>
      </symbol>
      <symbol id="sm-a58">
         <name>HardFault_Handler</name>
         <value>0xbb83</value>
      </symbol>
      <symbol id="sm-a59">
         <name>MemManage_Handler</name>
         <value>0xbb83</value>
      </symbol>
      <symbol id="sm-a5a">
         <name>BusFault_Handler</name>
         <value>0xbb83</value>
      </symbol>
      <symbol id="sm-a5b">
         <name>UsageFault_Handler</name>
         <value>0xbb83</value>
      </symbol>
      <symbol id="sm-a5c">
         <name>SVC_Handler</name>
         <value>0xbb83</value>
      </symbol>
      <symbol id="sm-a5d">
         <name>DebugMon_Handler</name>
         <value>0xbb83</value>
      </symbol>
      <symbol id="sm-a5e">
         <name>PendSV_Handler</name>
         <value>0xbb83</value>
      </symbol>
      <symbol id="sm-a5f">
         <name>SysTick_Handler</name>
         <value>0xbb83</value>
      </symbol>
      <symbol id="sm-a60">
         <name>PSS_IRQHandler</name>
         <value>0xbb83</value>
      </symbol>
      <symbol id="sm-a61">
         <name>CS_IRQHandler</name>
         <value>0xbb83</value>
      </symbol>
      <symbol id="sm-a62">
         <name>PCM_IRQHandler</name>
         <value>0xbb83</value>
      </symbol>
      <symbol id="sm-a63">
         <name>WDT_A_IRQHandler</name>
         <value>0xbb83</value>
      </symbol>
      <symbol id="sm-a64">
         <name>FPU_IRQHandler</name>
         <value>0xbb83</value>
      </symbol>
      <symbol id="sm-a65">
         <name>FLCTL_IRQHandler</name>
         <value>0xbb83</value>
      </symbol>
      <symbol id="sm-a66">
         <name>COMP_E0_IRQHandler</name>
         <value>0xbb83</value>
      </symbol>
      <symbol id="sm-a67">
         <name>COMP_E1_IRQHandler</name>
         <value>0xbb83</value>
      </symbol>
      <symbol id="sm-a68">
         <name>TA0_0_IRQHandler</name>
         <value>0xbb83</value>
      </symbol>
      <symbol id="sm-a69">
         <name>TA0_N_IRQHandler</name>
         <value>0xbb83</value>
      </symbol>
      <symbol id="sm-a6a">
         <name>TA1_0_IRQHandler</name>
         <value>0x83a5</value>
      </symbol>
      <symbol id="sm-a6b">
         <name>TA1_N_IRQHandler</name>
         <value>0xbb83</value>
      </symbol>
      <symbol id="sm-a6c">
         <name>TA2_0_IRQHandler</name>
         <value>0x8331</value>
      </symbol>
      <symbol id="sm-a6d">
         <name>TA2_N_IRQHandler</name>
         <value>0xbb83</value>
      </symbol>
      <symbol id="sm-a6e">
         <name>TA3_0_IRQHandler</name>
         <value>0x836d</value>
      </symbol>
      <symbol id="sm-a6f">
         <name>TA3_N_IRQHandler</name>
         <value>0xbb83</value>
      </symbol>
      <symbol id="sm-a70">
         <name>EUSCIA0_IRQHandler</name>
         <value>0x9825</value>
      </symbol>
      <symbol id="sm-a71">
         <name>EUSCIA1_IRQHandler</name>
         <value>0xbb83</value>
      </symbol>
      <symbol id="sm-a72">
         <name>EUSCIA2_IRQHandler</name>
         <value>0x98a1</value>
      </symbol>
      <symbol id="sm-a73">
         <name>EUSCIA3_IRQHandler</name>
         <value>0xbb83</value>
      </symbol>
      <symbol id="sm-a74">
         <name>EUSCIB0_IRQHandler</name>
         <value>0xbb83</value>
      </symbol>
      <symbol id="sm-a75">
         <name>EUSCIB1_IRQHandler</name>
         <value>0xbb83</value>
      </symbol>
      <symbol id="sm-a76">
         <name>EUSCIB2_IRQHandler</name>
         <value>0xbb83</value>
      </symbol>
      <symbol id="sm-a77">
         <name>EUSCIB3_IRQHandler</name>
         <value>0xbb83</value>
      </symbol>
      <symbol id="sm-a78">
         <name>ADC14_IRQHandler</name>
         <value>0x83d5</value>
      </symbol>
      <symbol id="sm-a79">
         <name>T32_INT1_IRQHandler</name>
         <value>0xbb83</value>
      </symbol>
      <symbol id="sm-a7a">
         <name>T32_INT2_IRQHandler</name>
         <value>0xbb83</value>
      </symbol>
      <symbol id="sm-a7b">
         <name>T32_INTC_IRQHandler</name>
         <value>0xbb83</value>
      </symbol>
      <symbol id="sm-a7c">
         <name>AES256_IRQHandler</name>
         <value>0xbb83</value>
      </symbol>
      <symbol id="sm-a7d">
         <name>RTC_C_IRQHandler</name>
         <value>0xbb83</value>
      </symbol>
      <symbol id="sm-a7e">
         <name>DMA_ERR_IRQHandler</name>
         <value>0xbb83</value>
      </symbol>
      <symbol id="sm-a7f">
         <name>DMA_INT3_IRQHandler</name>
         <value>0xbb83</value>
      </symbol>
      <symbol id="sm-a80">
         <name>DMA_INT2_IRQHandler</name>
         <value>0xbb83</value>
      </symbol>
      <symbol id="sm-a81">
         <name>DMA_INT1_IRQHandler</name>
         <value>0xbb83</value>
      </symbol>
      <symbol id="sm-a82">
         <name>DMA_INT0_IRQHandler</name>
         <value>0xbb83</value>
      </symbol>
      <symbol id="sm-a83">
         <name>PORT1_IRQHandler</name>
         <value>0xbb83</value>
      </symbol>
      <symbol id="sm-a84">
         <name>PORT2_IRQHandler</name>
         <value>0xbb83</value>
      </symbol>
      <symbol id="sm-a85">
         <name>PORT3_IRQHandler</name>
         <value>0x85d9</value>
      </symbol>
      <symbol id="sm-a86">
         <name>PORT4_IRQHandler</name>
         <value>0x8599</value>
      </symbol>
      <symbol id="sm-a87">
         <name>PORT5_IRQHandler</name>
         <value>0x8601</value>
      </symbol>
      <symbol id="sm-a88">
         <name>PORT6_IRQHandler</name>
         <value>0xbb83</value>
      </symbol>
   </symbol_table>
   <title>Link successful</title>
</link_info>
