******************************************************************************
                  TI ARM Linker Unix v20.2.7                   
******************************************************************************
>> Linked Mon Dec 26 16:30:39 2022

OUTPUT FILE NAME:   <MSP432Project.out>
ENTRY POINT SYMBOL: "_c_int00_noargs"  address: 0000b735


MEMORY CONFIGURATION

         name            origin    length      used     unused   attr    fill
----------------------  --------  ---------  --------  --------  ----  --------
  MAIN                  00000000   00040000  0000c098  00033f68  R  X
  INFO                  00200000   00004000  00000000  00004000  R  X
  SRAM_CODE             01000000   00010000  0000313f  0000cec1  RW X
  SRAM_DATA             20000000   00010000  0000313f  0000cec1  RW  


SEGMENT ALLOCATION MAP

run origin  load origin   length   init length attrs members
----------  ----------- ---------- ----------- ----- -------
00000000    00000000    0000c098   0000c098    r-x
  00000000    00000000    000000e4   000000e4    r-- .intvecs
  000000e4    000000e4    00007d88   00007d88    r-- .const
  00007e6c    00007e6c    00003d54   00003d54    r-x .text
  0000bbc0    0000bbc0    000004d8   000004d8    r-- .cinit
20000000    20000000    00002f42   00000000    rw-
  20000000    20000000    00001b05   00000000    rw- .data
  20001b08    20001b08    0000143a   00000000    rw- .bss
2000fe00    2000fe00    00000200   00000000    rw-
  2000fe00    2000fe00    00000200   00000000    rw- .stack


SECTION ALLOCATION MAP

 output                                  attributes/
section   page    origin      length       input sections
--------  ----  ----------  ----------   ----------------
.intvecs   0    00000000    000000e4     
                  00000000    000000e4     startup_msp432p401r_ccs.obj (.intvecs:retain)

.const     0    000000e4    00007d88     
                  000000e4    00004000     direction_graphics.obj (.const:.string:pixel_HELICOPTER_8BPP_UNCOMP)
                  000040e4    000010c6     direction_graphics.obj (.const:.string:pixel_PROPELLERS2_8BPP_UNCOMP)
                  000051aa    00001055     direction_graphics.obj (.const:.string:pixel_PROPELLERS1_8BPP_UNCOMP)
                  000061ff    00000800     direction_graphics.obj (.const:.string:pixel_DIRECTIONS_1BPP_UNCOMP)
                  000069ff    00000800     direction_graphics.obj (.const:.string:pixel_MENU_1BPP_UNCOMP)
                  000071ff    000002f8     grlib.a : fontfixed6x8.obj (.const:.string:g_pucFontFixed6x8Data)
                  000074f7    000000d7     direction_graphics.obj (.const:.string:pixel_BACKWARD_1BPP_UNCOMP)
                  000075ce    000000d7     direction_graphics.obj (.const:.string:pixel_FOREWARD_1BPP_UNCOMP)
                  000076a5    000000d2     direction_graphics.obj (.const:.string:pixel_LEFT_1BPP_UNCOMP)
                  00007777    000000d2     direction_graphics.obj (.const:.string:pixel_RIGHT_1BPP_UNCOMP)
                  00007849    00000003     direction_graphics.obj (.const:.string:pixel_HORIZONTAL_POWER_1BPP_UNCOMP)
                  0000784c    000000c8     grlib.a : fontfixed6x8.obj (.const:g_sFontFixed6x8)
                  00007914    00000096     direction_graphics.obj (.const:.string:pixel_ACCELEROMETER_1BPP_UNCOMP)
                  000079aa    00000096     direction_graphics.obj (.const:.string:pixel_BLUETOOTH_1BPP_UNCOMP)
                  00007a40    00000096     direction_graphics.obj (.const:.string:pixel_JOYSTICK_1BPP_UNCOMP)
                  00007ad6    00000082     direction_graphics.obj (.const:.string:pixel_BLUETOOTH_LOGO_8BPP_UNCOMP)
                  00007b58    00000080     msp432p4xx_driverlib.lib : adc14.o (.const:_ctlRegs)
                  00007bd8    00000030                              : gpio.o (.const:GPIO_PORT_TO_BASE)
                  00007c08    00000020     Crystalfontz128x128_ST7735.obj (.const:g_sCrystalfontz128x128_funcs)
                  00007c28    00000020     direction_graphics.obj (.const:palette_HELICOPTER_8BPP_UNCOMP)
                  00007c48    0000001c     HAL_MSP_EXP432P401R_Crystalfontz128x128_ST7735.obj (.const:$P$T0$1)
                  00007c64    00000018     HardwareInit.obj (.const:upConfigTimerA1)
                  00007c7c    00000018     HardwareInit.obj (.const:upConfigTimerA2)
                  00007c94    00000018     HardwareInit.obj (.const:upConfigTimerA3)
                  00007cac    00000010     direction_graphics.obj (.const:ACCELEROMETER_BLACK_1BPP_UNCOMP)
                  00007cbc    00000010     direction_graphics.obj (.const:ACCELEROMETER_BLUE_1BPP_UNCOMP)
                  00007ccc    00000010     direction_graphics.obj (.const:BACKWARD_RED_1BPP_UNCOMP)
                  00007cdc    00000010     direction_graphics.obj (.const:BACKWARD_WHITE_1BPP_UNCOMP)
                  00007cec    00000010     direction_graphics.obj (.const:BLUETOOTH_BLACK_1BPP_UNCOMP)
                  00007cfc    00000010     direction_graphics.obj (.const:BLUETOOTH_BLUE_1BPP_UNCOMP)
                  00007d0c    00000010     direction_graphics.obj (.const:BLUETOOTH_LOGO_BLACK_8BPP_UNCOMP)
                  00007d1c    00000010     direction_graphics.obj (.const:BLUETOOTH_LOGO_BLUE_8BPP_UNCOMP)
                  00007d2c    00000010     direction_graphics.obj (.const:DIRECTIONS_1BPP_UNCOMP)
                  00007d3c    00000010     direction_graphics.obj (.const:FOREWARD_RED_1BPP_UNCOMP)
                  00007d4c    00000010     direction_graphics.obj (.const:FOREWARD_WHITE_1BPP_UNCOMP)
                  00007d5c    00000010     direction_graphics.obj (.const:HELICOPTER_8BPP_UNCOMP)
                  00007d6c    00000010     direction_graphics.obj (.const:HORIZONTAL_POWER_1BPP_UNCOMP)
                  00007d7c    00000010     direction_graphics.obj (.const:JOYSTICK_BLACK_1BPP_UNCOMP)
                  00007d8c    00000010     direction_graphics.obj (.const:JOYSTICK_BLUE_1BPP_UNCOMP)
                  00007d9c    00000010     direction_graphics.obj (.const:LEFT_RED_1BPP_UNCOMP)
                  00007dac    00000010     direction_graphics.obj (.const:LEFT_WHITE_1BPP_UNCOMP)
                  00007dbc    00000010     direction_graphics.obj (.const:MENU_1BPP_UNCOMP)
                  00007dcc    00000010     direction_graphics.obj (.const:PROPELLERS1_8BPP_UNCOMP)
                  00007ddc    00000010     direction_graphics.obj (.const:PROPELLERS2_8BPP_UNCOMP)
                  00007dec    00000010     direction_graphics.obj (.const:RIGHT_RED_1BPP_UNCOMP)
                  00007dfc    00000010     direction_graphics.obj (.const:RIGHT_WHITE_1BPP_UNCOMP)
                  00007e0c    00000010     direction_graphics.obj (.const:VERTICAL_POWER_1BPP_UNCOMP)
                  00007e1c    0000000c     direction_graphics.obj (.const:palette_BLUETOOTH_LOGO_BLUE_8BPP_UNCOMP)
                  00007e28    0000000c     direction_graphics.obj (.const:palette_BLUETOOTH_LOGO_WHITE_8BPP_UNCOMP)
                  00007e34    0000000b     direction_graphics.obj (.const:.string:pixel_VERTICAL_POWER_1BPP_UNCOMP)
                  00007e3f    00000001     --HOLE-- [fill = 0]
                  00007e40    00000008     Crystalfontz128x128_ST7735.obj (.const:$P$T0$1)
                  00007e48    00000008     msp432p4xx_driverlib.lib : interrupt.o (.const:g_pulEnRegs)
                  00007e50    00000008     direction_graphics.obj (.const:palette_BLACK_RED_1BPP_UNCOMP)
                  00007e58    00000008     direction_graphics.obj (.const:palette_BLACK_WHITE_1BPP_UNCOMP)
                  00007e60    00000008     direction_graphics.obj (.const:palette_BLUE_WHITE_1BPP_UNCOMP)
                  00007e68    00000004     direction_graphics.obj (.const:palette_BLACK_1BPP_UNCOMP)

.text      0    00007e6c    00003d54     
                  00007e6c    000007e4     main.obj (.text)
                  00008650    00000680     Crystalfontz128x128_ST7735.obj (.text)
                  00008cd0    0000057c     direction_graphics.obj (.text)
                  0000924c    00000390     grlib.a : image.obj (.text:Graphics_drawImage)
                  000095dc    00000350     UART_Driver.obj (.text)
                  0000992c    00000334     system_msp432p401r.obj (.text)
                  00009c60    00000328     HardwareInit.obj (.text)
                  00009f88    000002d2     MSPIO.obj (.text)
                  0000a25a    00000002     --HOLE-- [fill = 0]
                  0000a25c    000001e0     Clock.obj (.text)
                  0000a43c    000001ac     SendCodes_main.obj (.text)
                  0000a5e8    00000160     msp432p4xx_driverlib.lib : adc14.o (.text:_getIndexForMemRegister)
                  0000a748    0000015c                              : pcm.o (.text:__PCM_setPowerModeAdvanced)
                  0000a8a4    00000144                              : timer_a.o (.text:privateTimer_AProcessClockSourceDivider)
                  0000a9e8    0000011c                              : uart.o (.text:UART_initModule)
                  0000ab04    00000108                              : pcm.o (.text:__PCM_setCoreVoltageLevelAdvanced)
                  0000ac0c    000000cc     HAL_MSP_EXP432P401R_Crystalfontz128x128_ST7735.obj (.text)
                  0000acd8    000000b4     msp432p4xx_driverlib.lib : adc14.o (.text:ADC14_configureConversionMemory)
                  0000ad8c    000000b4                              : adc14.o (.text:ADC14_configureMultiSequenceMode)
                  0000ae40    000000b0                              : spi.o (.text:SPI_initMaster)
                  0000aef0    0000009c     rtsv7M4_T_le_v4SPD16_eabi.lib : memcpy_t2.asm.obj (.text)
                  0000af8c    00000088     msp432p4xx_driverlib.lib : gpio.o (.text:GPIO_setAsPeripheralModuleFunctionInputPin)
                  0000b014    00000088                              : gpio.o (.text:GPIO_setAsPeripheralModuleFunctionOutputPin)
                  0000b09c    00000084                              : gpio.o (.text:GPIO_getEnabledInterruptStatus)
                  0000b120    00000080                              : interrupt.o (.text:Interrupt_enableInterrupt)
                  0000b1a0    0000007a     rtsv7M4_T_le_v4SPD16_eabi.lib : memset_t2.asm.obj (.text)
                  0000b21a    00000002     --HOLE-- [fill = 0]
                  0000b21c    0000006c     grlib.a : image.obj (.text:Graphics_convertPalette)
                  0000b288    00000068     msp432p4xx_driverlib.lib : timer_a.o (.text:Timer_A_configureUpMode)
                  0000b2f0    00000068     rtsv7M4_T_le_v4SPD16_eabi.lib : copy_decompress_lzss.c.obj (.text:decompress:lzss:__TI_decompress_lzss)
                  0000b358    00000064     msp432p4xx_driverlib.lib : uart.o (.text:UART_getEnabledInterruptStatus)
                  0000b3bc    0000005e                              : pcm.o (.text:PCM_getCoreVoltageLevel)
                  0000b41a    0000005a                              : pcm.o (.text:PCM_getPowerMode)
                  0000b474    00000058                              : gpio.o (.text:GPIO_setAsInputPinWithPullUpResistor)
                  0000b4cc    00000054                              : adc14.o (.text:ADC14_initModule)
                  0000b520    00000052     grlib.a : context.obj (.text:Graphics_initContext)
                  0000b572    00000002     --HOLE-- [fill = 0]
                  0000b574    00000048     msp432p4xx_driverlib.lib : flash.o (.text:FlashCtl_setWaitState)
                  0000b5bc    00000046     grlib.a : display.obj (.text:Graphics_drawMultiplePixelsOnDisplay)
                  0000b602    00000002     --HOLE-- [fill = 0]
                  0000b604    00000044     rtsv7M4_T_le_v4SPD16_eabi.lib : autoinit.c.obj (.text:__TI_auto_init_nobinit_nopinit:__TI_auto_init_nobinit_nopinit)
                  0000b648    00000040     msp432p4xx_driverlib.lib : gpio.o (.text:GPIO_setAsOutputPin)
                  0000b688    00000040                              : spi.o (.text:is_A_Module)
                  0000b6c8    00000038                              : adc14.o (.text:ADC14_getEnabledInterruptStatus)
                  0000b700    00000034                              : adc14.o (.text:ADC14_enableSampleTimer)
                  0000b734    00000034     rtsv7M4_T_le_v4SPD16_eabi.lib : boot_cortex_m.c.obj (.text:_c_int00_noargs:_c_int00_noargs)
                  0000b768    00000030     msp432p4xx_driverlib.lib : adc14.o (.text:ADC14_clearInterruptFlag)
                  0000b798    00000030                              : adc14.o (.text:ADC14_enableInterrupt)
                  0000b7c8    0000002c                              : adc14.o (.text:ADC14_getInterruptStatus)
                  0000b7f4    0000002c                              : adc14.o (.text:ADC14_toggleConversionTrigger)
                  0000b820    0000002c     grlib.a : display.obj (.text:Graphics_drawPixelOnDisplay)
                  0000b84c    0000002c     msp432p4xx_driverlib.lib : timer_a.o (.text:Timer_A_clearCaptureCompareInterrupt)
                  0000b878    00000028                              : adc14.o (.text:ADC14_enableConversion)
                  0000b8a0    00000028                              : adc14.o (.text:ADC14_getResult)
                  0000b8c8    00000028                              : gpio.o (.text:GPIO_clearInterruptFlag)
                  0000b8f0    00000028                              : gpio.o (.text:GPIO_enableInterrupt)
                  0000b918    00000028                              : gpio.o (.text:GPIO_setOutputHighOnPin)
                  0000b940    00000028                              : gpio.o (.text:GPIO_setOutputLowOnPin)
                  0000b968    00000028                              : gpio.o (.text:GPIO_toggleOutputOnPin)
                  0000b990    00000028                              : pcm.o (.text:PCM_gotoLPM0)
                  0000b9b8    00000024                              : gpio.o (.text:GPIO_getInterruptStatus)
                  0000b9dc    0000001c                              : spi.o (.text:SPI_enableModule)
                  0000b9f8    0000001a     grlib.a : display.obj (.text:Graphics_clearDisplayOnDisplay)
                  0000ba12    0000001a             : context.obj (.text:Graphics_setBackgroundColor)
                  0000ba2c    0000001a             : context.obj (.text:Graphics_setFont)
                  0000ba46    00000018     msp432p4xx_driverlib.lib : uart.o (.text:UART_getInterruptStatus)
                  0000ba5e    00000016                              : spi.o (.text:EUSCI_A_SPI_enable)
                  0000ba74    00000016                              : spi.o (.text:EUSCI_B_SPI_enable)
                  0000ba8a    00000016     grlib.a : context.obj (.text:Graphics_setForegroundColor)
                  0000baa0    00000016             : display.obj (.text:Graphics_translateColorOnDisplay)
                  0000bab6    00000016     msp432p4xx_driverlib.lib : timer_a.o (.text:Timer_A_startCounter)
                  0000bacc    00000014                              : pcm.o (.text:PCM_getPowerState)
                  0000bae0    00000014                              : timer_a.o (.text:Timer_A_stopTimer)
                  0000baf4    00000012     grlib.a : context.obj (.text:Graphics_clearDisplay)
                  0000bb06    00000002     --HOLE-- [fill = 0]
                  0000bb08    00000010     msp432p4xx_driverlib.lib : adc14.o (.text:ADC14_disableConversion)
                  0000bb18    00000010                              : adc14.o (.text:ADCIsConversionRunning)
                  0000bb28    00000010                              : interrupt.o (.text:Interrupt_disableMaster)
                  0000bb38    00000010                              : interrupt.o (.text:Interrupt_enableMaster)
                  0000bb48    00000010                              : pcm.o (.text:PCM_setCoreVoltageLevel)
                  0000bb58    00000010                              : pcm.o (.text:PCM_setPowerMode)
                  0000bb68    0000000e     rtsv7M4_T_le_v4SPD16_eabi.lib : copy_decompress_none.c.obj (.text:decompress:none:__TI_decompress_none)
                  0000bb76    0000000e     startup_msp432p401r_ccs.obj (.text)
                  0000bb84    0000000c     msp432p4xx_driverlib.lib : adc14.o (.text:ADC14_enableModule)
                  0000bb90    0000000c                              : cpu.o (.text:CPU_cpsid)
                  0000bb9c    0000000c                              : cpu.o (.text:CPU_cpsie)
                  0000bba8    0000000c     rtsv7M4_T_le_v4SPD16_eabi.lib : copy_zero_init.c.obj (.text:decompress:ZI:__TI_zero_init)
                  0000bbb4    00000004     msp432p4xx_driverlib.lib : cpu.o (.text:CPU_wfi)
                  0000bbb8    00000004     rtsv7M4_T_le_v4SPD16_eabi.lib : pre_init.c.obj (.text:_system_pre_init)
                  0000bbbc    00000004                                   : exit.c.obj (.text:abort:abort)

.cinit     0    0000bbc0    000004d8     
                  0000bbc0    000004b3     (.cinit..data.load) [load image, compression = lzss]
                  0000c073    00000001     --HOLE-- [fill = 0]
                  0000c074    0000000c     (__TI_handler_table)
                  0000c080    00000008     (.cinit..bss.load) [load image, compression = zero_init]
                  0000c088    00000010     (__TI_cinit_table)

.init_array 
*          0    00000000    00000000     UNINITIALIZED

.binit     0    00000000    00000000     

.data      0    20000000    00001b05     UNINITIALIZED
                  20000000    000002a8     CommandMatrices.obj (.data:bk_matrix)
                  200002a8    000002a8     CommandMatrices.obj (.data:bk_matrix_p)
                  20000550    000002a8     CommandMatrices.obj (.data:fw_matrix)
                  200007f8    000002a8     CommandMatrices.obj (.data:fw_matrix_p)
                  20000aa0    000002a8     CommandMatrices.obj (.data:left_matrix)
                  20000d48    000002a8     CommandMatrices.obj (.data:left_matrix_p)
                  20000ff0    000002a8     CommandMatrices.obj (.data:right_matrix)
                  20001298    000002a8     CommandMatrices.obj (.data:right_matrix_p)
                  20001540    000002a8     CommandMatrices.obj (.data:up_matrix)
                  200017e8    000002a8     CommandMatrices.obj (.data:up_matrix_p)
                  20001a90    00000028     HardwareInit.obj (.data:UART2Config)
                  20001ab8    00000020     main.obj (.data)
                  20001ad8    00000018     Clock.obj (.data)
                  20001af0    00000010     Crystalfontz128x128_ST7735.obj (.data:g_sCrystalfontz128x128)
                  20001b00    00000004     system_msp432p401r.obj (.data)
                  20001b04    00000001     direction_graphics.obj (.data)

.bss       0    20001b08    0000143a     UNINITIALIZED
                  20001b08    00000800     (.common:UARTA0Data)
                  20002308    00000800     (.common:UARTA2Data)
                  20002b08    00000400     grlib.a : image.obj (.bss:g_pulConvertedPalette)
                  20002f08    0000001c     (.common:g_sContext)
                  20002f24    00000004     (.common:Buffer)
                  20002f28    00000004     (.common:UARTA0ReadIndex)
                  20002f2c    00000004     (.common:UARTA0WriteIndex)
                  20002f30    00000004     (.common:UARTA2ReadIndex)
                  20002f34    00000004     (.common:UARTA2WriteIndex)
                  20002f38    00000002     (.common:Lcd_ScreenHeigth)
                  20002f3a    00000002     (.common:Lcd_ScreenWidth)
                  20002f3c    00000002     (.common:Lcd_TouchTrim)
                  20002f3e    00000001     (.common:Lcd_FlagRead)
                  20002f3f    00000001     (.common:Lcd_FontSolid)
                  20002f40    00000001     (.common:Lcd_Orientation)
                  20002f41    00000001     (.common:Lcd_PenSolid)

.stack     0    2000fe00    00000200     UNINITIALIZED
                  2000fe00    00000004     rtsv7M4_T_le_v4SPD16_eabi.lib : boot_cortex_m.c.obj (.stack)
                  2000fe04    000001fc     --HOLE--

__llvm_prf_cnts 
*          0    20000000    00000000     UNINITIALIZED

MODULE SUMMARY

       Module                                               code    ro data   rw data
       ------                                               ----    -------   -------
    ./
       direction_graphics.obj                               1404    30851     2      
       CommandMatrices.obj                                  0       0         13600  
       main.obj                                             2020    0         64     
       HardwareInit.obj                                     808     72        144    
       system_msp432p401r.obj                               820     0         8      
       Clock.obj                                            480     0         48     
       SendCodes_main.obj                                   428     0         0      
       startup_msp432p401r_ccs.obj                          14      228       0      
    +--+----------------------------------------------------+-------+---------+---------+
       Total:                                               5974    31151     13866  
                                                                                     
    ./BluetoothDriver/Devices/
       MSPIO.obj                                            722     0         0      
    +--+----------------------------------------------------+-------+---------+---------+
       Total:                                               722     0         0      
                                                                                     
    ./BluetoothDriver/Hardware/
       UART_Driver.obj                                      848     0         8224   
    +--+----------------------------------------------------+-------+---------+---------+
       Total:                                               848     0         8224   
                                                                                     
    ./LcdDriver/
       Crystalfontz128x128_ST7735.obj                       1664    40        52     
       HAL_MSP_EXP432P401R_Crystalfontz128x128_ST7735.obj   204     28        0      
    +--+----------------------------------------------------+-------+---------+---------+
       Total:                                               1868    68        52     
                                                                                     
    /Applications/ti/ccs1210/ccs/tools/compiler/ti-cgt-arm_20.2.7.LTS/lib/rtsv7M4_T_le_v4SPD16_eabi.lib
       memcpy_t2.asm.obj                                    156     0         0      
       memset_t2.asm.obj                                    122     0         0      
       copy_decompress_lzss.c.obj                           104     0         0      
       autoinit.c.obj                                       68      0         0      
       boot_cortex_m.c.obj                                  52      0         0      
       copy_decompress_none.c.obj                           14      0         0      
       copy_zero_init.c.obj                                 12      0         0      
       exit.c.obj                                           4       0         0      
       pre_init.c.obj                                       4       0         0      
    +--+----------------------------------------------------+-------+---------+---------+
       Total:                                               536     0         0      
                                                                                     
    /Users/matteobeltrami/Desktop/Uni/embedded software for the IoT/include in projects/grlib.a
       image.obj                                            1020    0         2048   
       fontfixed6x8.obj                                     0       960       0      
       context.obj                                          174     0         0      
       display.obj                                          162     0         0      
    +--+----------------------------------------------------+-------+---------+---------+
       Total:                                               1356    960       2048   
                                                                                     
    /Users/matteobeltrami/Desktop/Uni/embedded software for the IoT/include in projects/msp432p4xx_driverlib.lib
       adc14.o                                              1212    128       0      
       pcm.o                                                888     0         0      
       gpio.o                                               792     48        0      
       timer_a.o                                            514     0         0      
       uart.o                                               408     0         0      
       spi.o                                                312     0         0      
       interrupt.o                                          160     8         0      
       flash.o                                              72      0         0      
       cpu.o                                                28      0         0      
    +--+----------------------------------------------------+-------+---------+---------+
       Total:                                               4386    184       0      
                                                                                     
       Stack:                                               0       0         1024   
       Linker Generated:                                    0       1239      0      
    +--+----------------------------------------------------+-------+---------+---------+
       Grand Total:                                         15690   33602     25214  


LINKER GENERATED COPY TABLES

__TI_cinit_table @ 0000c088 records: 2, size/record: 8, table size: 16
	.data: load addr=0000bbc0, load size=000004b3 bytes, run addr=20000000, run size=00001b05 bytes, compression=lzss
	.bss: load addr=0000c080, load size=00000008 bytes, run addr=20001b08, run size=0000143a bytes, compression=zero_init


LINKER GENERATED HANDLER TABLE

__TI_handler_table @ 0000c074 records: 3, size/record: 4, table size: 12
	index: 0, handler: __TI_decompress_lzss
	index: 1, handler: __TI_decompress_none
	index: 2, handler: __TI_zero_init


GLOBAL SYMBOLS: SORTED ALPHABETICALLY BY Name 

address   name                                       
-------   ----                                       
00007cac  ACCELEROMETER_BLACK_1BPP_UNCOMP            
00007cbc  ACCELEROMETER_BLUE_1BPP_UNCOMP             
000083d5  ADC14_IRQHandler                           
000083d5  ADC14_IRQHandler                           
0000b769  ADC14_clearInterruptFlag                   
0000acd9  ADC14_configureConversionMemory            
0000ad8d  ADC14_configureMultiSequenceMode           
0000bb09  ADC14_disableConversion                    
0000b879  ADC14_enableConversion                     
0000b799  ADC14_enableInterrupt                      
0000bb85  ADC14_enableModule                         
0000b701  ADC14_enableSampleTimer                    
0000b6c9  ADC14_getEnabledInterruptStatus            
0000b7c9  ADC14_getInterruptStatus                   
0000b8a1  ADC14_getResult                            
0000b4cd  ADC14_initModule                           
0000b7f5  ADC14_toggleConversionTrigger              
0000bb83  AES256_IRQHandler                          
00007ccc  BACKWARD_RED_1BPP_UNCOMP                   
00007cdc  BACKWARD_WHITE_1BPP_UNCOMP                 
00007cec  BLUETOOTH_BLACK_1BPP_UNCOMP                
00007cfc  BLUETOOTH_BLUE_1BPP_UNCOMP                 
00007d0c  BLUETOOTH_LOGO_BLACK_8BPP_UNCOMP           
00007d1c  BLUETOOTH_LOGO_BLUE_8BPP_UNCOMP            
20002f24  Buffer                                     
0000bb83  BusFault_Handler                           
0000bbbd  C$$EXIT                                    
0000bb83  COMP_E0_IRQHandler                         
0000bb83  COMP_E1_IRQHandler                         
20001ae0  CPMwait                                    
0000bb91  CPU_cpsid                                  
0000bb9d  CPU_cpsie                                  
0000bbb5  CPU_wfi                                    
0000bb83  CS_IRQHandler                              
20001ad8  ClockFrequency                             
0000a3b1  Clock_Delay1ms                             
0000a387  Clock_Delay1us                             
0000a373  Clock_GetFreq                              
0000a25d  Clock_Init48MHz                            
00008651  Crystalfontz128x128_Init                   
00008765  Crystalfontz128x128_SetDrawFrame           
00008893  Crystalfontz128x128_SetOrientation         
20001aec  Crystalstable                              
00007d2c  DIRECTIONS_1BPP_UNCOMP                     
0000bb83  DMA_ERR_IRQHandler                         
0000bb83  DMA_INT0_IRQHandler                        
0000bb83  DMA_INT1_IRQHandler                        
0000bb83  DMA_INT2_IRQHandler                        
0000bb83  DMA_INT3_IRQHandler                        
0000bb83  DebugMon_Handler                           
0000bb83  Default_Handler                            
00009825  EUSCIA0_IRQHandler                         
00009825  EUSCIA0_IRQHandler                         
0000bb83  EUSCIA1_IRQHandler                         
000098a1  EUSCIA2_IRQHandler                         
000098a1  EUSCIA2_IRQHandler                         
0000bb83  EUSCIA3_IRQHandler                         
0000bb83  EUSCIB0_IRQHandler                         
0000bb83  EUSCIB1_IRQHandler                         
0000bb83  EUSCIB2_IRQHandler                         
0000bb83  EUSCIB3_IRQHandler                         
0000ba5f  EUSCI_A_SPI_enable                         
0000ba75  EUSCI_B_SPI_enable                         
0000bb83  FLCTL_IRQHandler                           
00007d3c  FOREWARD_RED_1BPP_UNCOMP                   
00007d4c  FOREWARD_WHITE_1BPP_UNCOMP                 
0000bb83  FPU_IRQHandler                             
0000b575  FlashCtl_setWaitState                      
0000b8c9  GPIO_clearInterruptFlag                    
0000b8f1  GPIO_enableInterrupt                       
0000b09d  GPIO_getEnabledInterruptStatus             
0000b9b9  GPIO_getInterruptStatus                    
0000b475  GPIO_setAsInputPinWithPullUpResistor       
0000b649  GPIO_setAsOutputPin                        
0000af8d  GPIO_setAsPeripheralModuleFunctionInputPin 
0000b015  GPIO_setAsPeripheralModuleFunctionOutputPin
0000b919  GPIO_setOutputHighOnPin                    
0000b941  GPIO_setOutputLowOnPin                     
0000b969  GPIO_toggleOutputOnPin                     
0000baf5  Graphics_clearDisplay                      
0000b9f9  Graphics_clearDisplayOnDisplay             
0000924d  Graphics_drawImage                         
0000b5bd  Graphics_drawMultiplePixelsOnDisplay       
0000b821  Graphics_drawPixelOnDisplay                
0000b521  Graphics_initContext                       
0000ba13  Graphics_setBackgroundColor                
0000ba2d  Graphics_setFont                           
0000ba8b  Graphics_setForegroundColor                
0000baa1  Graphics_translateColorOnDisplay           
0000ac0d  HAL_LCD_PortInit                           
0000ac3d  HAL_LCD_SpiInit                            
0000ac73  HAL_LCD_writeCommand                       
0000aca3  HAL_LCD_writeData                          
00007d5c  HELICOPTER_8BPP_UNCOMP                     
00007d6c  HORIZONTAL_POWER_1BPP_UNCOMP               
0000bb83  HardFault_Handler                          
20001ae8  IFlags                                     
0000bb29  Interrupt_disableMaster                    
0000b121  Interrupt_enableInterrupt                  
0000bb39  Interrupt_enableMaster                     
00007d7c  JOYSTICK_BLACK_1BPP_UNCOMP                 
00007d8c  JOYSTICK_BLUE_1BPP_UNCOMP                  
00007d9c  LEFT_RED_1BPP_UNCOMP                       
00007dac  LEFT_WHITE_1BPP_UNCOMP                     
20002f3e  Lcd_FlagRead                               
20002f3f  Lcd_FontSolid                              
20002f40  Lcd_Orientation                            
20002f41  Lcd_PenSolid                               
20002f38  Lcd_ScreenHeigth                           
20002f3a  Lcd_ScreenWidth                            
20002f3c  Lcd_TouchTrim                              
00007dbc  MENU_1BPP_UNCOMP                           
0000a105  MSPgets                                    
0000a04b  MSPrintf                                   
0000bb83  MemManage_Handler                          
0000bb83  NMI_Handler                                
0000bb83  PCM_IRQHandler                             
0000b3bd  PCM_getCoreVoltageLevel                    
0000b41b  PCM_getPowerMode                           
0000bacd  PCM_getPowerState                          
0000b991  PCM_gotoLPM0                               
0000bb49  PCM_setCoreVoltageLevel                    
0000bb59  PCM_setPowerMode                           
0000bb83  PORT1_IRQHandler                           
0000bb83  PORT2_IRQHandler                           
000085d9  PORT3_IRQHandler                           
000085d9  PORT3_IRQHandler                           
00008599  PORT4_IRQHandler                           
00008599  PORT4_IRQHandler                           
00008601  PORT5_IRQHandler                           
00008601  PORT5_IRQHandler                           
0000bb83  PORT6_IRQHandler                           
00007dcc  PROPELLERS1_8BPP_UNCOMP                    
00007ddc  PROPELLERS2_8BPP_UNCOMP                    
0000bb83  PSS_IRQHandler                             
0000a43d  PWM_Init                                   
0000bb83  PendSV_Handler                             
20001ae4  Postwait                                   
20001adc  Prewait                                    
00009f89  PrintChar                                  
00009fbf  PrintInteger                               
00009f9d  PrintString                                
00007dec  RIGHT_RED_1BPP_UNCOMP                      
00007dfc  RIGHT_WHITE_1BPP_UNCOMP                    
0000bb83  RTC_C_IRQHandler                           
0000bb77  Reset_Handler                              
0000b9dd  SPI_enableModule                           
0000ae41  SPI_initMaster                             
0000bb83  SVC_Handler                                
0000bb83  SysTick_Handler                            
0000a4ed  SysTick_Init                               
20001b00  SystemCoreClock                            
0000992d  SystemCoreClockUpdate                      
00009ba5  SystemInit                                 
0000bb83  T32_INT1_IRQHandler                        
0000bb83  T32_INT2_IRQHandler                        
0000bb83  T32_INTC_IRQHandler                        
0000bb83  TA0_0_IRQHandler                           
0000bb83  TA0_N_IRQHandler                           
000083a5  TA1_0_IRQHandler                           
000083a5  TA1_0_IRQHandler                           
0000bb83  TA1_N_IRQHandler                           
00008331  TA2_0_IRQHandler                           
00008331  TA2_0_IRQHandler                           
0000bb83  TA2_N_IRQHandler                           
0000836d  TA3_0_IRQHandler                           
0000836d  TA3_0_IRQHandler                           
0000bb83  TA3_N_IRQHandler                           
0000b84d  Timer_A_clearCaptureCompareInterrupt       
0000b289  Timer_A_configureUpMode                    
0000bab7  Timer_A_startCounter                       
0000bae1  Timer_A_stopTimer                          
20001a90  UART2Config                                
20001b08  UARTA0Data                                 
20002f28  UARTA0ReadIndex                            
20002f2c  UARTA0WriteIndex                           
20002308  UARTA2Data                                 
20002f30  UARTA2ReadIndex                            
20002f34  UARTA2WriteIndex                           
000097b9  UART_Available                             
000097f1  UART_Flush                                 
000095dd  UART_Init                                  
000096c1  UART_Read                                  
00009685  UART_Write                                 
0000b359  UART_getEnabledInterruptStatus             
0000ba47  UART_getInterruptStatus                    
0000a9e9  UART_initModule                            
0000bb83  UsageFault_Handler                         
00007e0c  VERTICAL_POWER_1BPP_UNCOMP                 
4000480c  WDTCTL_SYM                                 
0000bb83  WDT_A_IRQHandler                           
00009cf1  _PCM_Flash_Init                            
20010000  __STACK_END                                
00000200  __STACK_SIZE                               
0000c088  __TI_CINIT_Base                            
0000c098  __TI_CINIT_Limit                           
0000c074  __TI_Handler_Table_Base                    
0000c080  __TI_Handler_Table_Limit                   
0000b605  __TI_auto_init_nobinit_nopinit             
0000b2f1  __TI_decompress_lzss                       
0000bb69  __TI_decompress_none                       
ffffffff  __TI_pprof_out_hndl                        
ffffffff  __TI_prof_data_size                        
ffffffff  __TI_prof_data_start                       
00000000  __TI_static_base__                         
0000bba9  __TI_zero_init                             
0000b1a1  __aeabi_memclr                             
0000b1a1  __aeabi_memclr4                            
0000b1a1  __aeabi_memclr8                            
0000aef1  __aeabi_memcpy                             
0000aef1  __aeabi_memcpy4                            
0000aef1  __aeabi_memcpy8                            
0000b1a3  __aeabi_memset                             
0000b1a3  __aeabi_memset4                            
0000b1a3  __aeabi_memset8                            
ffffffff  __binit__                                  
ffffffff  __c_args__                                 
UNDEFED   __mpu_init                                 
2000fe00  __stack                                    
20000000  __start___llvm_prf_cnts                    
20000000  __stop___llvm_prf_cnts                     
00009dd5  _accelSensorInit                           
00009e23  _adcInit                                   
00009e4b  _bluetoothInit                             
00009d4d  _buttonsInit                               
0000b735  _c_int00_noargs                            
00009e99  _graphicsInit                              
00007e6d  _hwInit                                    
0000a599  _initPWM                                   
00009d93  _joystickInit                              
00009d0b  _ledInit                                   
00009c61  _lowPowerInit                              
UNDEFED   _system_post_cinit                         
0000bbb9  _system_pre_init                           
00009d1f  _timersInit                                
0000bbbd  abort                                      
ffffffff  binit                                      
20000000  bk_matrix                                  
200002a8  bk_matrix_p                                
00007ff3  ble_command_manager                        
20001ab8  curr_val                                   
20001b04  currentDirection                           
20001ac4  currentSelection                           
00009e75  customDelay                                
0000a1ad  customMSPgets                              
0000a379  delay                                      
0000a4df  disablePWM                                 
00008eed  drawDirections                             
00008cd1  drawHorizontalPower                        
00008dbd  drawPower                                  
000081bd  drawSelection                              
00008d47  drawVerticalPower                          
0000a4d1  enablePWM                                  
00007ecd  findCommand                                
20001abc  forw_backw                                 
20000550  fw_matrix                                  
200007f8  fw_matrix_p                                
20002f08  g_sContext                                 
20001af0  g_sCrystalfontz128x128                     
00007c08  g_sCrystalfontz128x128_funcs               
0000784c  g_sFontFixed6x8                            
20001ad4  global                                     
00000000  interruptVectors                           
20000aa0  left_matrix                                
20000d48  left_matrix_p                              
00007eb1  main                                       
0000a4fd  mark                                       
0000aef1  memcpy                                     
0000b1a9  memset                                     
20001ac8  mode_selected                              
00008ec7  module_value                               
20001acc  n_plane                                    
00007fb7  plane                                      
20001ad0  planing                                    
20001ac0  right_left                                 
20000ff0  right_matrix                               
20001298  right_matrix_p                             
0000a557  sendCommand                                
0000a52d  space                                      
00009ed7  startImageHelicopter                       
000082c1  test1                                      
00007c64  upConfigTimerA1                            
00007c7c  upConfigTimerA2                            
00007c94  upConfigTimerA3                            
20001540  up_matrix                                  
200017e8  up_matrix_p                                


GLOBAL SYMBOLS: SORTED BY Symbol Address 

address   name                                       
-------   ----                                       
00000000  __TI_static_base__                         
00000000  interruptVectors                           
00000200  __STACK_SIZE                               
0000784c  g_sFontFixed6x8                            
00007c08  g_sCrystalfontz128x128_funcs               
00007c64  upConfigTimerA1                            
00007c7c  upConfigTimerA2                            
00007c94  upConfigTimerA3                            
00007cac  ACCELEROMETER_BLACK_1BPP_UNCOMP            
00007cbc  ACCELEROMETER_BLUE_1BPP_UNCOMP             
00007ccc  BACKWARD_RED_1BPP_UNCOMP                   
00007cdc  BACKWARD_WHITE_1BPP_UNCOMP                 
00007cec  BLUETOOTH_BLACK_1BPP_UNCOMP                
00007cfc  BLUETOOTH_BLUE_1BPP_UNCOMP                 
00007d0c  BLUETOOTH_LOGO_BLACK_8BPP_UNCOMP           
00007d1c  BLUETOOTH_LOGO_BLUE_8BPP_UNCOMP            
00007d2c  DIRECTIONS_1BPP_UNCOMP                     
00007d3c  FOREWARD_RED_1BPP_UNCOMP                   
00007d4c  FOREWARD_WHITE_1BPP_UNCOMP                 
00007d5c  HELICOPTER_8BPP_UNCOMP                     
00007d6c  HORIZONTAL_POWER_1BPP_UNCOMP               
00007d7c  JOYSTICK_BLACK_1BPP_UNCOMP                 
00007d8c  JOYSTICK_BLUE_1BPP_UNCOMP                  
00007d9c  LEFT_RED_1BPP_UNCOMP                       
00007dac  LEFT_WHITE_1BPP_UNCOMP                     
00007dbc  MENU_1BPP_UNCOMP                           
00007dcc  PROPELLERS1_8BPP_UNCOMP                    
00007ddc  PROPELLERS2_8BPP_UNCOMP                    
00007dec  RIGHT_RED_1BPP_UNCOMP                      
00007dfc  RIGHT_WHITE_1BPP_UNCOMP                    
00007e0c  VERTICAL_POWER_1BPP_UNCOMP                 
00007e6d  _hwInit                                    
00007eb1  main                                       
00007ecd  findCommand                                
00007fb7  plane                                      
00007ff3  ble_command_manager                        
000081bd  drawSelection                              
000082c1  test1                                      
00008331  TA2_0_IRQHandler                           
00008331  TA2_0_IRQHandler                           
0000836d  TA3_0_IRQHandler                           
0000836d  TA3_0_IRQHandler                           
000083a5  TA1_0_IRQHandler                           
000083a5  TA1_0_IRQHandler                           
000083d5  ADC14_IRQHandler                           
000083d5  ADC14_IRQHandler                           
00008599  PORT4_IRQHandler                           
00008599  PORT4_IRQHandler                           
000085d9  PORT3_IRQHandler                           
000085d9  PORT3_IRQHandler                           
00008601  PORT5_IRQHandler                           
00008601  PORT5_IRQHandler                           
00008651  Crystalfontz128x128_Init                   
00008765  Crystalfontz128x128_SetDrawFrame           
00008893  Crystalfontz128x128_SetOrientation         
00008cd1  drawHorizontalPower                        
00008d47  drawVerticalPower                          
00008dbd  drawPower                                  
00008ec7  module_value                               
00008eed  drawDirections                             
0000924d  Graphics_drawImage                         
000095dd  UART_Init                                  
00009685  UART_Write                                 
000096c1  UART_Read                                  
000097b9  UART_Available                             
000097f1  UART_Flush                                 
00009825  EUSCIA0_IRQHandler                         
00009825  EUSCIA0_IRQHandler                         
000098a1  EUSCIA2_IRQHandler                         
000098a1  EUSCIA2_IRQHandler                         
0000992d  SystemCoreClockUpdate                      
00009ba5  SystemInit                                 
00009c61  _lowPowerInit                              
00009cf1  _PCM_Flash_Init                            
00009d0b  _ledInit                                   
00009d1f  _timersInit                                
00009d4d  _buttonsInit                               
00009d93  _joystickInit                              
00009dd5  _accelSensorInit                           
00009e23  _adcInit                                   
00009e4b  _bluetoothInit                             
00009e75  customDelay                                
00009e99  _graphicsInit                              
00009ed7  startImageHelicopter                       
00009f89  PrintChar                                  
00009f9d  PrintString                                
00009fbf  PrintInteger                               
0000a04b  MSPrintf                                   
0000a105  MSPgets                                    
0000a1ad  customMSPgets                              
0000a25d  Clock_Init48MHz                            
0000a373  Clock_GetFreq                              
0000a379  delay                                      
0000a387  Clock_Delay1us                             
0000a3b1  Clock_Delay1ms                             
0000a43d  PWM_Init                                   
0000a4d1  enablePWM                                  
0000a4df  disablePWM                                 
0000a4ed  SysTick_Init                               
0000a4fd  mark                                       
0000a52d  space                                      
0000a557  sendCommand                                
0000a599  _initPWM                                   
0000a9e9  UART_initModule                            
0000ac0d  HAL_LCD_PortInit                           
0000ac3d  HAL_LCD_SpiInit                            
0000ac73  HAL_LCD_writeCommand                       
0000aca3  HAL_LCD_writeData                          
0000acd9  ADC14_configureConversionMemory            
0000ad8d  ADC14_configureMultiSequenceMode           
0000ae41  SPI_initMaster                             
0000aef1  __aeabi_memcpy                             
0000aef1  __aeabi_memcpy4                            
0000aef1  __aeabi_memcpy8                            
0000aef1  memcpy                                     
0000af8d  GPIO_setAsPeripheralModuleFunctionInputPin 
0000b015  GPIO_setAsPeripheralModuleFunctionOutputPin
0000b09d  GPIO_getEnabledInterruptStatus             
0000b121  Interrupt_enableInterrupt                  
0000b1a1  __aeabi_memclr                             
0000b1a1  __aeabi_memclr4                            
0000b1a1  __aeabi_memclr8                            
0000b1a3  __aeabi_memset                             
0000b1a3  __aeabi_memset4                            
0000b1a3  __aeabi_memset8                            
0000b1a9  memset                                     
0000b289  Timer_A_configureUpMode                    
0000b2f1  __TI_decompress_lzss                       
0000b359  UART_getEnabledInterruptStatus             
0000b3bd  PCM_getCoreVoltageLevel                    
0000b41b  PCM_getPowerMode                           
0000b475  GPIO_setAsInputPinWithPullUpResistor       
0000b4cd  ADC14_initModule                           
0000b521  Graphics_initContext                       
0000b575  FlashCtl_setWaitState                      
0000b5bd  Graphics_drawMultiplePixelsOnDisplay       
0000b605  __TI_auto_init_nobinit_nopinit             
0000b649  GPIO_setAsOutputPin                        
0000b6c9  ADC14_getEnabledInterruptStatus            
0000b701  ADC14_enableSampleTimer                    
0000b735  _c_int00_noargs                            
0000b769  ADC14_clearInterruptFlag                   
0000b799  ADC14_enableInterrupt                      
0000b7c9  ADC14_getInterruptStatus                   
0000b7f5  ADC14_toggleConversionTrigger              
0000b821  Graphics_drawPixelOnDisplay                
0000b84d  Timer_A_clearCaptureCompareInterrupt       
0000b879  ADC14_enableConversion                     
0000b8a1  ADC14_getResult                            
0000b8c9  GPIO_clearInterruptFlag                    
0000b8f1  GPIO_enableInterrupt                       
0000b919  GPIO_setOutputHighOnPin                    
0000b941  GPIO_setOutputLowOnPin                     
0000b969  GPIO_toggleOutputOnPin                     
0000b991  PCM_gotoLPM0                               
0000b9b9  GPIO_getInterruptStatus                    
0000b9dd  SPI_enableModule                           
0000b9f9  Graphics_clearDisplayOnDisplay             
0000ba13  Graphics_setBackgroundColor                
0000ba2d  Graphics_setFont                           
0000ba47  UART_getInterruptStatus                    
0000ba5f  EUSCI_A_SPI_enable                         
0000ba75  EUSCI_B_SPI_enable                         
0000ba8b  Graphics_setForegroundColor                
0000baa1  Graphics_translateColorOnDisplay           
0000bab7  Timer_A_startCounter                       
0000bacd  PCM_getPowerState                          
0000bae1  Timer_A_stopTimer                          
0000baf5  Graphics_clearDisplay                      
0000bb09  ADC14_disableConversion                    
0000bb29  Interrupt_disableMaster                    
0000bb39  Interrupt_enableMaster                     
0000bb49  PCM_setCoreVoltageLevel                    
0000bb59  PCM_setPowerMode                           
0000bb69  __TI_decompress_none                       
0000bb77  Reset_Handler                              
0000bb83  AES256_IRQHandler                          
0000bb83  BusFault_Handler                           
0000bb83  COMP_E0_IRQHandler                         
0000bb83  COMP_E1_IRQHandler                         
0000bb83  CS_IRQHandler                              
0000bb83  DMA_ERR_IRQHandler                         
0000bb83  DMA_INT0_IRQHandler                        
0000bb83  DMA_INT1_IRQHandler                        
0000bb83  DMA_INT2_IRQHandler                        
0000bb83  DMA_INT3_IRQHandler                        
0000bb83  DebugMon_Handler                           
0000bb83  Default_Handler                            
0000bb83  EUSCIA1_IRQHandler                         
0000bb83  EUSCIA3_IRQHandler                         
0000bb83  EUSCIB0_IRQHandler                         
0000bb83  EUSCIB1_IRQHandler                         
0000bb83  EUSCIB2_IRQHandler                         
0000bb83  EUSCIB3_IRQHandler                         
0000bb83  FLCTL_IRQHandler                           
0000bb83  FPU_IRQHandler                             
0000bb83  HardFault_Handler                          
0000bb83  MemManage_Handler                          
0000bb83  NMI_Handler                                
0000bb83  PCM_IRQHandler                             
0000bb83  PORT1_IRQHandler                           
0000bb83  PORT2_IRQHandler                           
0000bb83  PORT6_IRQHandler                           
0000bb83  PSS_IRQHandler                             
0000bb83  PendSV_Handler                             
0000bb83  RTC_C_IRQHandler                           
0000bb83  SVC_Handler                                
0000bb83  SysTick_Handler                            
0000bb83  T32_INT1_IRQHandler                        
0000bb83  T32_INT2_IRQHandler                        
0000bb83  T32_INTC_IRQHandler                        
0000bb83  TA0_0_IRQHandler                           
0000bb83  TA0_N_IRQHandler                           
0000bb83  TA1_N_IRQHandler                           
0000bb83  TA2_N_IRQHandler                           
0000bb83  TA3_N_IRQHandler                           
0000bb83  UsageFault_Handler                         
0000bb83  WDT_A_IRQHandler                           
0000bb85  ADC14_enableModule                         
0000bb91  CPU_cpsid                                  
0000bb9d  CPU_cpsie                                  
0000bba9  __TI_zero_init                             
0000bbb5  CPU_wfi                                    
0000bbb9  _system_pre_init                           
0000bbbd  C$$EXIT                                    
0000bbbd  abort                                      
0000c074  __TI_Handler_Table_Base                    
0000c080  __TI_Handler_Table_Limit                   
0000c088  __TI_CINIT_Base                            
0000c098  __TI_CINIT_Limit                           
20000000  __start___llvm_prf_cnts                    
20000000  __stop___llvm_prf_cnts                     
20000000  bk_matrix                                  
200002a8  bk_matrix_p                                
20000550  fw_matrix                                  
200007f8  fw_matrix_p                                
20000aa0  left_matrix                                
20000d48  left_matrix_p                              
20000ff0  right_matrix                               
20001298  right_matrix_p                             
20001540  up_matrix                                  
200017e8  up_matrix_p                                
20001a90  UART2Config                                
20001ab8  curr_val                                   
20001abc  forw_backw                                 
20001ac0  right_left                                 
20001ac4  currentSelection                           
20001ac8  mode_selected                              
20001acc  n_plane                                    
20001ad0  planing                                    
20001ad4  global                                     
20001ad8  ClockFrequency                             
20001adc  Prewait                                    
20001ae0  CPMwait                                    
20001ae4  Postwait                                   
20001ae8  IFlags                                     
20001aec  Crystalstable                              
20001af0  g_sCrystalfontz128x128                     
20001b00  SystemCoreClock                            
20001b04  currentDirection                           
20001b08  UARTA0Data                                 
20002308  UARTA2Data                                 
20002f08  g_sContext                                 
20002f24  Buffer                                     
20002f28  UARTA0ReadIndex                            
20002f2c  UARTA0WriteIndex                           
20002f30  UARTA2ReadIndex                            
20002f34  UARTA2WriteIndex                           
20002f38  Lcd_ScreenHeigth                           
20002f3a  Lcd_ScreenWidth                            
20002f3c  Lcd_TouchTrim                              
20002f3e  Lcd_FlagRead                               
20002f3f  Lcd_FontSolid                              
20002f40  Lcd_Orientation                            
20002f41  Lcd_PenSolid                               
2000fe00  __stack                                    
20010000  __STACK_END                                
4000480c  WDTCTL_SYM                                 
ffffffff  __TI_pprof_out_hndl                        
ffffffff  __TI_prof_data_size                        
ffffffff  __TI_prof_data_start                       
ffffffff  __binit__                                  
ffffffff  __c_args__                                 
ffffffff  binit                                      
UNDEFED   __mpu_init                                 
UNDEFED   _system_post_cinit                         

[286 symbols]
